HoldsAt(Meet_ID0_ID0,31) 0
HoldsAt(Meet_ID0_ID0,32) 0
HoldsAt(Meet_ID0_ID0,33) 0
HoldsAt(Meet_ID0_ID0,34) 0
HoldsAt(Meet_ID0_ID0,35) 0
HoldsAt(Meet_ID0_ID0,36) 0
HoldsAt(Meet_ID0_ID0,37) 0
HoldsAt(Meet_ID0_ID0,38) 0
HoldsAt(Meet_ID0_ID0,39) 0
HoldsAt(Meet_ID0_ID0,40) 0
HoldsAt(Meet_ID0_ID0,41) 0
HoldsAt(Meet_ID0_ID0,42) 0
HoldsAt(Meet_ID0_ID0,43) 0
HoldsAt(Meet_ID0_ID0,44) 0
HoldsAt(Meet_ID0_ID0,45) 0
HoldsAt(Meet_ID0_ID0,46) 0
HoldsAt(Meet_ID0_ID0,47) 0
HoldsAt(Meet_ID0_ID0,48) 0
HoldsAt(Meet_ID0_ID0,49) 0
HoldsAt(Meet_ID0_ID0,50) 0
HoldsAt(Meet_ID0_ID0,51) 0
HoldsAt(Meet_ID0_ID0,52) 0
HoldsAt(Meet_ID0_ID0,53) 0
HoldsAt(Meet_ID0_ID0,54) 0
HoldsAt(Meet_ID0_ID0,55) 0
HoldsAt(Meet_ID0_ID0,56) 0
HoldsAt(Meet_ID0_ID0,57) 0
HoldsAt(Meet_ID0_ID0,58) 0
HoldsAt(Meet_ID0_ID0,59) 0
HoldsAt(Meet_ID0_ID0,60) 0
HoldsAt(Meet_ID0_ID0,61) 0
HoldsAt(Meet_ID0_ID0,62) 0
HoldsAt(Meet_ID0_ID0,63) 0
HoldsAt(Meet_ID0_ID0,64) 0
HoldsAt(Meet_ID0_ID0,65) 0
HoldsAt(Meet_ID0_ID0,66) 0
HoldsAt(Meet_ID0_ID0,67) 0
HoldsAt(Meet_ID0_ID0,68) 0
HoldsAt(Meet_ID0_ID0,69) 0
HoldsAt(Meet_ID0_ID0,70) 0
HoldsAt(Meet_ID0_ID0,71) 0
HoldsAt(Meet_ID0_ID0,72) 0
HoldsAt(Meet_ID0_ID0,73) 0
HoldsAt(Meet_ID0_ID0,74) 0
HoldsAt(Meet_ID0_ID0,75) 0
HoldsAt(Meet_ID0_ID0,76) 0
HoldsAt(Meet_ID0_ID0,77) 0
HoldsAt(Meet_ID0_ID0,78) 0
HoldsAt(Meet_ID0_ID0,79) 0
HoldsAt(Meet_ID0_ID0,80) 0
HoldsAt(Meet_ID0_ID0,81) 0
HoldsAt(Meet_ID0_ID0,82) 0
HoldsAt(Meet_ID0_ID0,83) 0
HoldsAt(Meet_ID0_ID0,84) 0
HoldsAt(Meet_ID0_ID0,85) 0
HoldsAt(Meet_ID0_ID0,86) 0
HoldsAt(Meet_ID0_ID0,87) 0
HoldsAt(Meet_ID0_ID0,88) 0
HoldsAt(Meet_ID0_ID0,89) 0
HoldsAt(Meet_ID0_ID0,90) 0
HoldsAt(Meet_ID0_ID0,91) 0
HoldsAt(Meet_ID0_ID0,92) 0
HoldsAt(Meet_ID0_ID0,93) 0
HoldsAt(Meet_ID0_ID0,94) 0
HoldsAt(Meet_ID0_ID0,95) 0
HoldsAt(Meet_ID0_ID0,96) 0
HoldsAt(Meet_ID0_ID0,97) 0
HoldsAt(Meet_ID0_ID0,98) 0
HoldsAt(Meet_ID0_ID0,99) 0
HoldsAt(Meet_ID0_ID0,100) 0
HoldsAt(Meet_ID0_ID0,101) 0
HoldsAt(Meet_ID0_ID0,102) 0
HoldsAt(Meet_ID0_ID0,103) 0
HoldsAt(Meet_ID0_ID0,104) 0
HoldsAt(Meet_ID0_ID0,105) 0
HoldsAt(Meet_ID0_ID0,106) 0
HoldsAt(Meet_ID0_ID0,107) 0
HoldsAt(Meet_ID0_ID0,108) 0
HoldsAt(Meet_ID0_ID0,109) 0
HoldsAt(Meet_ID0_ID0,110) 0
HoldsAt(Meet_ID0_ID0,111) 0
HoldsAt(Meet_ID0_ID0,112) 0
HoldsAt(Meet_ID0_ID0,113) 0
HoldsAt(Meet_ID0_ID0,114) 0
HoldsAt(Meet_ID0_ID0,115) 0
HoldsAt(Meet_ID0_ID0,116) 0
HoldsAt(Meet_ID0_ID0,117) 0
HoldsAt(Meet_ID0_ID0,118) 0
HoldsAt(Meet_ID0_ID0,119) 0
HoldsAt(Meet_ID0_ID0,120) 0
HoldsAt(Meet_ID0_ID0,121) 0
HoldsAt(Meet_ID0_ID0,122) 0
HoldsAt(Meet_ID0_ID0,123) 0
HoldsAt(Meet_ID0_ID0,124) 0
HoldsAt(Meet_ID0_ID0,125) 0
HoldsAt(Meet_ID0_ID0,126) 0
HoldsAt(Meet_ID0_ID0,127) 0
HoldsAt(Meet_ID0_ID0,128) 0
HoldsAt(Meet_ID0_ID0,129) 0
HoldsAt(Meet_ID0_ID0,130) 0
HoldsAt(Meet_ID0_ID0,131) 0
HoldsAt(Meet_ID0_ID0,132) 0
HoldsAt(Meet_ID0_ID0,133) 0
HoldsAt(Meet_ID0_ID0,134) 0
HoldsAt(Meet_ID0_ID0,135) 0
HoldsAt(Meet_ID0_ID0,136) 0
HoldsAt(Meet_ID0_ID0,137) 0
HoldsAt(Meet_ID0_ID0,138) 0
HoldsAt(Meet_ID0_ID0,139) 0
HoldsAt(Meet_ID0_ID0,140) 0
HoldsAt(Meet_ID0_ID0,141) 0
HoldsAt(Meet_ID0_ID0,142) 0
HoldsAt(Meet_ID0_ID0,143) 0
HoldsAt(Meet_ID0_ID0,144) 0
HoldsAt(Meet_ID0_ID0,145) 0
HoldsAt(Meet_ID0_ID0,146) 0
HoldsAt(Meet_ID0_ID0,147) 0
HoldsAt(Meet_ID0_ID0,148) 0
HoldsAt(Meet_ID0_ID0,149) 0
HoldsAt(Meet_ID0_ID0,150) 0
HoldsAt(Meet_ID0_ID0,151) 0
HoldsAt(Meet_ID0_ID0,152) 0
HoldsAt(Meet_ID0_ID0,153) 0
HoldsAt(Meet_ID0_ID0,154) 0
HoldsAt(Meet_ID0_ID0,155) 0
HoldsAt(Meet_ID0_ID0,156) 0
HoldsAt(Meet_ID0_ID0,157) 0
HoldsAt(Meet_ID0_ID0,158) 0
HoldsAt(Meet_ID0_ID0,159) 0
HoldsAt(Meet_ID0_ID0,160) 0
HoldsAt(Meet_ID0_ID0,161) 0
HoldsAt(Meet_ID0_ID0,162) 0
HoldsAt(Meet_ID0_ID0,163) 0
HoldsAt(Meet_ID0_ID0,164) 0
HoldsAt(Meet_ID0_ID0,165) 0
HoldsAt(Meet_ID0_ID0,166) 0
HoldsAt(Meet_ID0_ID0,167) 0
HoldsAt(Meet_ID0_ID0,168) 0
HoldsAt(Meet_ID0_ID0,169) 0
HoldsAt(Meet_ID0_ID0,170) 0
HoldsAt(Meet_ID0_ID0,171) 0
HoldsAt(Meet_ID0_ID0,172) 0
HoldsAt(Meet_ID0_ID0,173) 0
HoldsAt(Meet_ID0_ID0,174) 0
HoldsAt(Meet_ID0_ID0,175) 0
HoldsAt(Meet_ID0_ID0,176) 0
HoldsAt(Meet_ID0_ID0,177) 0
HoldsAt(Meet_ID0_ID0,178) 0
HoldsAt(Meet_ID0_ID0,179) 0
HoldsAt(Meet_ID0_ID0,180) 0
HoldsAt(Meet_ID0_ID0,181) 0
HoldsAt(Meet_ID0_ID0,182) 0
HoldsAt(Meet_ID0_ID0,183) 0
HoldsAt(Meet_ID0_ID0,184) 0
HoldsAt(Meet_ID0_ID0,185) 0
HoldsAt(Meet_ID0_ID0,186) 0
HoldsAt(Meet_ID0_ID0,187) 0
HoldsAt(Meet_ID0_ID0,188) 0
HoldsAt(Meet_ID0_ID0,189) 0
HoldsAt(Meet_ID0_ID0,190) 0
HoldsAt(Meet_ID0_ID0,191) 0
HoldsAt(Meet_ID0_ID0,192) 0
HoldsAt(Meet_ID0_ID0,193) 0
HoldsAt(Meet_ID0_ID0,194) 0
HoldsAt(Meet_ID0_ID0,195) 0
HoldsAt(Meet_ID0_ID0,196) 0
HoldsAt(Meet_ID0_ID0,197) 0
HoldsAt(Meet_ID0_ID0,198) 0
HoldsAt(Meet_ID0_ID0,199) 0
HoldsAt(Meet_ID0_ID0,200) 0
HoldsAt(Meet_ID0_ID0,201) 0
HoldsAt(Meet_ID0_ID0,202) 0
HoldsAt(Meet_ID0_ID0,203) 0
HoldsAt(Meet_ID0_ID0,204) 0
HoldsAt(Meet_ID0_ID0,205) 0
HoldsAt(Meet_ID0_ID0,206) 0
HoldsAt(Meet_ID0_ID0,207) 0
HoldsAt(Meet_ID0_ID0,208) 0
HoldsAt(Meet_ID0_ID0,209) 0
HoldsAt(Meet_ID0_ID0,210) 0
HoldsAt(Meet_ID0_ID0,211) 0
HoldsAt(Meet_ID0_ID0,212) 0
HoldsAt(Meet_ID0_ID0,213) 0
HoldsAt(Meet_ID0_ID0,214) 0
HoldsAt(Meet_ID0_ID0,215) 0
HoldsAt(Meet_ID0_ID0,216) 0
HoldsAt(Meet_ID0_ID0,217) 0
HoldsAt(Meet_ID0_ID0,218) 0
HoldsAt(Meet_ID0_ID0,219) 0
HoldsAt(Meet_ID0_ID0,220) 0
HoldsAt(Meet_ID0_ID0,221) 0
HoldsAt(Meet_ID0_ID0,222) 0
HoldsAt(Meet_ID0_ID0,223) 0
HoldsAt(Meet_ID0_ID0,224) 0
HoldsAt(Meet_ID0_ID0,225) 0
HoldsAt(Meet_ID0_ID0,226) 0
HoldsAt(Meet_ID0_ID0,227) 0
HoldsAt(Meet_ID0_ID0,228) 0
HoldsAt(Meet_ID0_ID0,229) 0
HoldsAt(Meet_ID0_ID0,230) 0
HoldsAt(Meet_ID0_ID0,231) 0
HoldsAt(Meet_ID0_ID0,232) 0
HoldsAt(Meet_ID0_ID0,233) 0
HoldsAt(Meet_ID0_ID0,234) 0
HoldsAt(Meet_ID0_ID0,235) 0
HoldsAt(Meet_ID0_ID0,236) 0
HoldsAt(Meet_ID0_ID0,237) 0
HoldsAt(Meet_ID0_ID0,238) 0
HoldsAt(Meet_ID0_ID0,239) 0
HoldsAt(Meet_ID0_ID0,240) 0
HoldsAt(Meet_ID0_ID0,241) 0
HoldsAt(Meet_ID0_ID0,242) 0
HoldsAt(Meet_ID0_ID0,243) 0
HoldsAt(Meet_ID0_ID0,244) 0
HoldsAt(Meet_ID0_ID0,245) 0
HoldsAt(Meet_ID0_ID0,246) 0
HoldsAt(Meet_ID0_ID0,247) 0
HoldsAt(Meet_ID0_ID0,248) 0
HoldsAt(Meet_ID0_ID0,249) 0
HoldsAt(Meet_ID0_ID0,250) 0
HoldsAt(Meet_ID0_ID0,251) 0
HoldsAt(Meet_ID0_ID0,252) 0
HoldsAt(Meet_ID0_ID0,253) 0
HoldsAt(Meet_ID0_ID0,254) 0
HoldsAt(Meet_ID0_ID0,255) 0
HoldsAt(Meet_ID0_ID0,256) 0
HoldsAt(Meet_ID0_ID0,257) 0
HoldsAt(Meet_ID0_ID0,258) 0
HoldsAt(Meet_ID0_ID0,259) 0
HoldsAt(Meet_ID0_ID0,260) 0
HoldsAt(Meet_ID0_ID0,261) 0
HoldsAt(Meet_ID0_ID0,262) 0
HoldsAt(Meet_ID0_ID0,263) 0
HoldsAt(Meet_ID0_ID0,264) 0
HoldsAt(Meet_ID0_ID0,265) 0
HoldsAt(Meet_ID0_ID0,266) 0
HoldsAt(Meet_ID0_ID0,267) 0
HoldsAt(Meet_ID0_ID0,268) 0
HoldsAt(Meet_ID0_ID0,269) 0
HoldsAt(Meet_ID0_ID0,270) 0
HoldsAt(Meet_ID0_ID0,271) 0
HoldsAt(Meet_ID0_ID0,272) 0
HoldsAt(Meet_ID0_ID0,273) 0
HoldsAt(Meet_ID0_ID0,274) 0
HoldsAt(Meet_ID0_ID0,275) 0
HoldsAt(Meet_ID0_ID0,276) 0
HoldsAt(Meet_ID0_ID0,277) 0
HoldsAt(Meet_ID0_ID0,278) 0
HoldsAt(Meet_ID0_ID0,279) 0
HoldsAt(Meet_ID0_ID0,280) 0
HoldsAt(Meet_ID0_ID0,281) 0
HoldsAt(Meet_ID0_ID0,282) 0
HoldsAt(Meet_ID0_ID0,283) 0
HoldsAt(Meet_ID0_ID0,284) 0
HoldsAt(Meet_ID0_ID0,285) 0
HoldsAt(Meet_ID0_ID0,286) 0
HoldsAt(Meet_ID0_ID0,287) 0
HoldsAt(Meet_ID0_ID0,288) 0
HoldsAt(Meet_ID0_ID0,289) 0
HoldsAt(Meet_ID0_ID0,290) 0
HoldsAt(Meet_ID0_ID0,291) 0
HoldsAt(Meet_ID0_ID0,292) 0
HoldsAt(Meet_ID0_ID0,293) 0
HoldsAt(Meet_ID0_ID0,294) 0
HoldsAt(Meet_ID0_ID0,295) 0
HoldsAt(Meet_ID0_ID0,296) 0
HoldsAt(Meet_ID0_ID0,297) 0
HoldsAt(Meet_ID0_ID0,298) 0
HoldsAt(Meet_ID0_ID0,299) 0
HoldsAt(Meet_ID0_ID0,300) 0
HoldsAt(Meet_ID0_ID0,301) 0
HoldsAt(Meet_ID0_ID0,302) 0
HoldsAt(Meet_ID0_ID0,303) 0
HoldsAt(Meet_ID0_ID0,304) 0
HoldsAt(Meet_ID0_ID0,305) 0
HoldsAt(Meet_ID0_ID0,306) 0
HoldsAt(Meet_ID0_ID0,307) 0
HoldsAt(Meet_ID0_ID0,308) 0
HoldsAt(Meet_ID0_ID0,309) 0
HoldsAt(Meet_ID0_ID0,310) 0
HoldsAt(Meet_ID0_ID0,311) 0
HoldsAt(Meet_ID0_ID0,312) 0
HoldsAt(Meet_ID0_ID0,313) 0
HoldsAt(Meet_ID0_ID0,314) 0
HoldsAt(Meet_ID0_ID0,315) 0
HoldsAt(Meet_ID0_ID0,316) 0
HoldsAt(Meet_ID0_ID0,317) 0
HoldsAt(Meet_ID0_ID0,318) 0
HoldsAt(Meet_ID0_ID0,319) 0
HoldsAt(Meet_ID0_ID0,320) 0
HoldsAt(Meet_ID0_ID0,321) 0
HoldsAt(Meet_ID0_ID0,322) 0
HoldsAt(Meet_ID0_ID0,323) 0
HoldsAt(Meet_ID0_ID0,324) 0
HoldsAt(Meet_ID0_ID0,325) 0
HoldsAt(Meet_ID0_ID0,326) 0
HoldsAt(Meet_ID0_ID0,327) 0
HoldsAt(Meet_ID0_ID0,328) 0
HoldsAt(Meet_ID0_ID0,329) 0
HoldsAt(Meet_ID0_ID0,330) 0
HoldsAt(Meet_ID0_ID0,331) 0
HoldsAt(Meet_ID0_ID0,332) 0
HoldsAt(Meet_ID0_ID0,333) 0
HoldsAt(Meet_ID0_ID0,334) 0
HoldsAt(Meet_ID0_ID0,335) 0
HoldsAt(Meet_ID0_ID0,336) 0
HoldsAt(Meet_ID0_ID0,337) 0
HoldsAt(Meet_ID0_ID0,338) 0
HoldsAt(Meet_ID0_ID0,339) 0
HoldsAt(Meet_ID0_ID0,340) 0
HoldsAt(Meet_ID0_ID0,341) 0
HoldsAt(Meet_ID0_ID0,342) 0
HoldsAt(Meet_ID0_ID0,343) 0
HoldsAt(Meet_ID0_ID0,344) 0
HoldsAt(Meet_ID0_ID0,345) 0
HoldsAt(Meet_ID0_ID0,346) 0
HoldsAt(Meet_ID0_ID0,347) 0
HoldsAt(Meet_ID0_ID0,348) 0
HoldsAt(Meet_ID0_ID0,349) 0
HoldsAt(Meet_ID0_ID0,350) 0
HoldsAt(Meet_ID0_ID0,351) 0
HoldsAt(Meet_ID0_ID0,352) 0
HoldsAt(Meet_ID0_ID0,353) 0
HoldsAt(Meet_ID0_ID0,354) 0
HoldsAt(Meet_ID0_ID0,355) 0
HoldsAt(Meet_ID0_ID0,356) 0
HoldsAt(Meet_ID0_ID0,357) 0
HoldsAt(Meet_ID0_ID0,358) 0
HoldsAt(Meet_ID0_ID0,359) 0
HoldsAt(Meet_ID0_ID0,360) 0
HoldsAt(Meet_ID0_ID0,361) 0
HoldsAt(Meet_ID0_ID0,362) 0
HoldsAt(Meet_ID0_ID0,363) 0
HoldsAt(Meet_ID0_ID0,364) 0
HoldsAt(Meet_ID0_ID0,365) 0
HoldsAt(Meet_ID0_ID0,366) 0
HoldsAt(Meet_ID0_ID0,367) 0
HoldsAt(Meet_ID0_ID0,368) 0
HoldsAt(Meet_ID0_ID0,369) 0
HoldsAt(Meet_ID0_ID0,370) 0
HoldsAt(Meet_ID0_ID0,371) 0
HoldsAt(Meet_ID0_ID0,372) 0
HoldsAt(Meet_ID0_ID0,373) 0
HoldsAt(Meet_ID0_ID0,374) 0
HoldsAt(Meet_ID0_ID0,375) 0
HoldsAt(Meet_ID0_ID0,376) 0
HoldsAt(Meet_ID0_ID3,31) 0
HoldsAt(Meet_ID0_ID3,32) 0
HoldsAt(Meet_ID0_ID3,33) 0
HoldsAt(Meet_ID0_ID3,34) 0
HoldsAt(Meet_ID0_ID3,35) 0
HoldsAt(Meet_ID0_ID3,36) 0
HoldsAt(Meet_ID0_ID3,37) 0
HoldsAt(Meet_ID0_ID3,38) 0
HoldsAt(Meet_ID0_ID3,39) 0
HoldsAt(Meet_ID0_ID3,40) 0
HoldsAt(Meet_ID0_ID3,41) 0
HoldsAt(Meet_ID0_ID3,42) 0
HoldsAt(Meet_ID0_ID3,43) 0
HoldsAt(Meet_ID0_ID3,44) 0
HoldsAt(Meet_ID0_ID3,45) 0
HoldsAt(Meet_ID0_ID3,46) 0
HoldsAt(Meet_ID0_ID3,47) 0
HoldsAt(Meet_ID0_ID3,48) 0
HoldsAt(Meet_ID0_ID3,49) 0
HoldsAt(Meet_ID0_ID3,50) 0
HoldsAt(Meet_ID0_ID3,51) 0
HoldsAt(Meet_ID0_ID3,52) 0
HoldsAt(Meet_ID0_ID3,53) 0
HoldsAt(Meet_ID0_ID3,54) 0
HoldsAt(Meet_ID0_ID3,55) 0
HoldsAt(Meet_ID0_ID3,56) 0
HoldsAt(Meet_ID0_ID3,57) 0
HoldsAt(Meet_ID0_ID3,58) 0
HoldsAt(Meet_ID0_ID3,59) 0
HoldsAt(Meet_ID0_ID3,60) 0
HoldsAt(Meet_ID0_ID3,61) 0
HoldsAt(Meet_ID0_ID3,62) 0
HoldsAt(Meet_ID0_ID3,63) 0
HoldsAt(Meet_ID0_ID3,64) 0
HoldsAt(Meet_ID0_ID3,65) 0
HoldsAt(Meet_ID0_ID3,66) 0
HoldsAt(Meet_ID0_ID3,67) 0
HoldsAt(Meet_ID0_ID3,68) 0
HoldsAt(Meet_ID0_ID3,69) 0
HoldsAt(Meet_ID0_ID3,70) 0
HoldsAt(Meet_ID0_ID3,71) 0
HoldsAt(Meet_ID0_ID3,72) 0
HoldsAt(Meet_ID0_ID3,73) 0
HoldsAt(Meet_ID0_ID3,74) 0
HoldsAt(Meet_ID0_ID3,75) 0
HoldsAt(Meet_ID0_ID3,76) 0
HoldsAt(Meet_ID0_ID3,77) 0
HoldsAt(Meet_ID0_ID3,78) 0
HoldsAt(Meet_ID0_ID3,79) 0
HoldsAt(Meet_ID0_ID3,80) 0
HoldsAt(Meet_ID0_ID3,81) 0
HoldsAt(Meet_ID0_ID3,82) 0
HoldsAt(Meet_ID0_ID3,83) 0
HoldsAt(Meet_ID0_ID3,84) 0
HoldsAt(Meet_ID0_ID3,85) 0
HoldsAt(Meet_ID0_ID3,86) 0
HoldsAt(Meet_ID0_ID3,87) 0
HoldsAt(Meet_ID0_ID3,88) 0
HoldsAt(Meet_ID0_ID3,89) 0
HoldsAt(Meet_ID0_ID3,90) 0
HoldsAt(Meet_ID0_ID3,91) 0
HoldsAt(Meet_ID0_ID3,92) 0
HoldsAt(Meet_ID0_ID3,93) 0
HoldsAt(Meet_ID0_ID3,94) 0
HoldsAt(Meet_ID0_ID3,95) 0
HoldsAt(Meet_ID0_ID3,96) 0
HoldsAt(Meet_ID0_ID3,97) 0
HoldsAt(Meet_ID0_ID3,98) 0
HoldsAt(Meet_ID0_ID3,99) 0
HoldsAt(Meet_ID0_ID3,100) 0
HoldsAt(Meet_ID0_ID3,101) 0
HoldsAt(Meet_ID0_ID3,102) 0
HoldsAt(Meet_ID0_ID3,103) 0
HoldsAt(Meet_ID0_ID3,104) 0
HoldsAt(Meet_ID0_ID3,105) 0
HoldsAt(Meet_ID0_ID3,106) 0
HoldsAt(Meet_ID0_ID3,107) 0
HoldsAt(Meet_ID0_ID3,108) 0
HoldsAt(Meet_ID0_ID3,109) 0
HoldsAt(Meet_ID0_ID3,110) 0
HoldsAt(Meet_ID0_ID3,111) 0
HoldsAt(Meet_ID0_ID3,112) 0
HoldsAt(Meet_ID0_ID3,113) 0
HoldsAt(Meet_ID0_ID3,114) 0
HoldsAt(Meet_ID0_ID3,115) 0
HoldsAt(Meet_ID0_ID3,116) 0
HoldsAt(Meet_ID0_ID3,117) 0
HoldsAt(Meet_ID0_ID3,118) 0
HoldsAt(Meet_ID0_ID3,119) 0
HoldsAt(Meet_ID0_ID3,120) 0
HoldsAt(Meet_ID0_ID3,121) 0
HoldsAt(Meet_ID0_ID3,122) 0
HoldsAt(Meet_ID0_ID3,123) 0
HoldsAt(Meet_ID0_ID3,124) 0
HoldsAt(Meet_ID0_ID3,125) 0
HoldsAt(Meet_ID0_ID3,126) 0
HoldsAt(Meet_ID0_ID3,127) 0
HoldsAt(Meet_ID0_ID3,128) 0
HoldsAt(Meet_ID0_ID3,129) 0
HoldsAt(Meet_ID0_ID3,130) 0
HoldsAt(Meet_ID0_ID3,131) 0
HoldsAt(Meet_ID0_ID3,132) 0
HoldsAt(Meet_ID0_ID3,133) 0
HoldsAt(Meet_ID0_ID3,134) 0
HoldsAt(Meet_ID0_ID3,135) 0
HoldsAt(Meet_ID0_ID3,136) 0
HoldsAt(Meet_ID0_ID3,137) 0
HoldsAt(Meet_ID0_ID3,138) 0
HoldsAt(Meet_ID0_ID3,139) 0
HoldsAt(Meet_ID0_ID3,140) 0
HoldsAt(Meet_ID0_ID3,141) 0
HoldsAt(Meet_ID0_ID3,142) 0
HoldsAt(Meet_ID0_ID3,143) 0
HoldsAt(Meet_ID0_ID3,144) 0
HoldsAt(Meet_ID0_ID3,145) 0
HoldsAt(Meet_ID0_ID3,146) 0
HoldsAt(Meet_ID0_ID3,147) 0
HoldsAt(Meet_ID0_ID3,148) 0
HoldsAt(Meet_ID0_ID3,149) 0
HoldsAt(Meet_ID0_ID3,150) 0
HoldsAt(Meet_ID0_ID3,151) 0
HoldsAt(Meet_ID0_ID3,152) 0
HoldsAt(Meet_ID0_ID3,153) 0
HoldsAt(Meet_ID0_ID3,154) 0
HoldsAt(Meet_ID0_ID3,155) 0
HoldsAt(Meet_ID0_ID3,156) 0
HoldsAt(Meet_ID0_ID3,157) 0
HoldsAt(Meet_ID0_ID3,158) 0
HoldsAt(Meet_ID0_ID3,159) 0
HoldsAt(Meet_ID0_ID3,160) 0
HoldsAt(Meet_ID0_ID3,161) 0
HoldsAt(Meet_ID0_ID3,162) 0
HoldsAt(Meet_ID0_ID3,163) 0
HoldsAt(Meet_ID0_ID3,164) 0
HoldsAt(Meet_ID0_ID3,165) 0
HoldsAt(Meet_ID0_ID3,166) 0
HoldsAt(Meet_ID0_ID3,167) 0
HoldsAt(Meet_ID0_ID3,168) 0
HoldsAt(Meet_ID0_ID3,169) 0
HoldsAt(Meet_ID0_ID3,170) 0
HoldsAt(Meet_ID0_ID3,171) 0
HoldsAt(Meet_ID0_ID3,172) 0
HoldsAt(Meet_ID0_ID3,173) 0
HoldsAt(Meet_ID0_ID3,174) 0
HoldsAt(Meet_ID0_ID3,175) 0
HoldsAt(Meet_ID0_ID3,176) 0
HoldsAt(Meet_ID0_ID3,177) 0
HoldsAt(Meet_ID0_ID3,178) 0
HoldsAt(Meet_ID0_ID3,179) 0
HoldsAt(Meet_ID0_ID3,180) 0
HoldsAt(Meet_ID0_ID3,181) 0
HoldsAt(Meet_ID0_ID3,182) 0
HoldsAt(Meet_ID0_ID3,183) 0
HoldsAt(Meet_ID0_ID3,184) 0
HoldsAt(Meet_ID0_ID3,185) 0
HoldsAt(Meet_ID0_ID3,186) 0
HoldsAt(Meet_ID0_ID3,187) 0
HoldsAt(Meet_ID0_ID3,188) 0
HoldsAt(Meet_ID0_ID3,189) 0
HoldsAt(Meet_ID0_ID3,190) 0
HoldsAt(Meet_ID0_ID3,191) 0
HoldsAt(Meet_ID0_ID3,192) 0
HoldsAt(Meet_ID0_ID3,193) 0
HoldsAt(Meet_ID0_ID3,194) 0
HoldsAt(Meet_ID0_ID3,195) 0
HoldsAt(Meet_ID0_ID3,196) 0
HoldsAt(Meet_ID0_ID3,197) 0
HoldsAt(Meet_ID0_ID3,198) 0
HoldsAt(Meet_ID0_ID3,199) 0
HoldsAt(Meet_ID0_ID3,200) 0
HoldsAt(Meet_ID0_ID3,201) 0
HoldsAt(Meet_ID0_ID3,202) 0
HoldsAt(Meet_ID0_ID3,203) 0
HoldsAt(Meet_ID0_ID3,204) 0
HoldsAt(Meet_ID0_ID3,205) 0
HoldsAt(Meet_ID0_ID3,206) 0
HoldsAt(Meet_ID0_ID3,207) 0
HoldsAt(Meet_ID0_ID3,208) 0
HoldsAt(Meet_ID0_ID3,209) 0
HoldsAt(Meet_ID0_ID3,210) 0
HoldsAt(Meet_ID0_ID3,211) 0
HoldsAt(Meet_ID0_ID3,212) 0
HoldsAt(Meet_ID0_ID3,213) 0
HoldsAt(Meet_ID0_ID3,214) 0
HoldsAt(Meet_ID0_ID3,215) 0
HoldsAt(Meet_ID0_ID3,216) 0
HoldsAt(Meet_ID0_ID3,217) 0
HoldsAt(Meet_ID0_ID3,218) 0
HoldsAt(Meet_ID0_ID3,219) 0
HoldsAt(Meet_ID0_ID3,220) 0
HoldsAt(Meet_ID0_ID3,221) 0
HoldsAt(Meet_ID0_ID3,222) 0
HoldsAt(Meet_ID0_ID3,223) 0
HoldsAt(Meet_ID0_ID3,224) 0
HoldsAt(Meet_ID0_ID3,225) 0
HoldsAt(Meet_ID0_ID3,226) 0
HoldsAt(Meet_ID0_ID3,227) 0
HoldsAt(Meet_ID0_ID3,228) 0
HoldsAt(Meet_ID0_ID3,229) 0
HoldsAt(Meet_ID0_ID3,230) 0
HoldsAt(Meet_ID0_ID3,231) 0
HoldsAt(Meet_ID0_ID3,232) 0
HoldsAt(Meet_ID0_ID3,233) 0
HoldsAt(Meet_ID0_ID3,234) 0
HoldsAt(Meet_ID0_ID3,235) 0
HoldsAt(Meet_ID0_ID3,236) 0
HoldsAt(Meet_ID0_ID3,237) 0
HoldsAt(Meet_ID0_ID3,238) 0
HoldsAt(Meet_ID0_ID3,239) 0
HoldsAt(Meet_ID0_ID3,240) 0
HoldsAt(Meet_ID0_ID3,241) 0
HoldsAt(Meet_ID0_ID3,242) 0
HoldsAt(Meet_ID0_ID3,243) 0
HoldsAt(Meet_ID0_ID3,244) 0
HoldsAt(Meet_ID0_ID3,245) 0
HoldsAt(Meet_ID0_ID3,246) 0
HoldsAt(Meet_ID0_ID3,247) 0
HoldsAt(Meet_ID0_ID3,248) 0
HoldsAt(Meet_ID0_ID3,249) 0
HoldsAt(Meet_ID0_ID3,250) 0
HoldsAt(Meet_ID0_ID3,251) 0
HoldsAt(Meet_ID0_ID3,252) 0
HoldsAt(Meet_ID0_ID3,253) 0
HoldsAt(Meet_ID0_ID3,254) 0
HoldsAt(Meet_ID0_ID3,255) 0
HoldsAt(Meet_ID0_ID3,256) 0
HoldsAt(Meet_ID0_ID3,257) 0
HoldsAt(Meet_ID0_ID3,258) 0
HoldsAt(Meet_ID0_ID3,259) 0
HoldsAt(Meet_ID0_ID3,260) 0
HoldsAt(Meet_ID0_ID3,261) 0
HoldsAt(Meet_ID0_ID3,262) 0
HoldsAt(Meet_ID0_ID3,263) 0
HoldsAt(Meet_ID0_ID3,264) 0
HoldsAt(Meet_ID0_ID3,265) 0
HoldsAt(Meet_ID0_ID3,266) 0
HoldsAt(Meet_ID0_ID3,267) 0
HoldsAt(Meet_ID0_ID3,268) 0
HoldsAt(Meet_ID0_ID3,269) 0
HoldsAt(Meet_ID0_ID3,270) 0
HoldsAt(Meet_ID0_ID3,271) 0
HoldsAt(Meet_ID0_ID3,272) 0
HoldsAt(Meet_ID0_ID3,273) 0
HoldsAt(Meet_ID0_ID3,274) 0
HoldsAt(Meet_ID0_ID3,275) 0
HoldsAt(Meet_ID0_ID3,276) 0
HoldsAt(Meet_ID0_ID3,277) 0
HoldsAt(Meet_ID0_ID3,278) 0
HoldsAt(Meet_ID0_ID3,279) 0
HoldsAt(Meet_ID0_ID3,280) 0
HoldsAt(Meet_ID0_ID3,281) 0
HoldsAt(Meet_ID0_ID3,282) 0
HoldsAt(Meet_ID0_ID3,283) 0
HoldsAt(Meet_ID0_ID3,284) 0
HoldsAt(Meet_ID0_ID3,285) 0
HoldsAt(Meet_ID0_ID3,286) 0
HoldsAt(Meet_ID0_ID3,287) 0
HoldsAt(Meet_ID0_ID3,288) 0
HoldsAt(Meet_ID0_ID3,289) 0
HoldsAt(Meet_ID0_ID3,290) 0
HoldsAt(Meet_ID0_ID3,291) 0
HoldsAt(Meet_ID0_ID3,292) 0
HoldsAt(Meet_ID0_ID3,293) 0
HoldsAt(Meet_ID0_ID3,294) 0
HoldsAt(Meet_ID0_ID3,295) 0
HoldsAt(Meet_ID0_ID3,296) 0
HoldsAt(Meet_ID0_ID3,297) 0
HoldsAt(Meet_ID0_ID3,298) 0
HoldsAt(Meet_ID0_ID3,299) 0
HoldsAt(Meet_ID0_ID3,300) 0
HoldsAt(Meet_ID0_ID3,301) 0
HoldsAt(Meet_ID0_ID3,302) 0
HoldsAt(Meet_ID0_ID3,303) 0
HoldsAt(Meet_ID0_ID3,304) 0
HoldsAt(Meet_ID0_ID3,305) 0
HoldsAt(Meet_ID0_ID3,306) 0
HoldsAt(Meet_ID0_ID3,307) 0
HoldsAt(Meet_ID0_ID3,308) 0
HoldsAt(Meet_ID0_ID3,309) 0
HoldsAt(Meet_ID0_ID3,310) 0
HoldsAt(Meet_ID0_ID3,311) 0
HoldsAt(Meet_ID0_ID3,312) 0
HoldsAt(Meet_ID0_ID3,313) 0
HoldsAt(Meet_ID0_ID3,314) 0
HoldsAt(Meet_ID0_ID3,315) 0
HoldsAt(Meet_ID0_ID3,316) 0
HoldsAt(Meet_ID0_ID3,317) 0
HoldsAt(Meet_ID0_ID3,318) 0
HoldsAt(Meet_ID0_ID3,319) 0
HoldsAt(Meet_ID0_ID3,320) 0
HoldsAt(Meet_ID0_ID3,321) 0
HoldsAt(Meet_ID0_ID3,322) 0
HoldsAt(Meet_ID0_ID3,323) 0
HoldsAt(Meet_ID0_ID3,324) 0
HoldsAt(Meet_ID0_ID3,325) 0
HoldsAt(Meet_ID0_ID3,326) 0
HoldsAt(Meet_ID0_ID3,327) 0
HoldsAt(Meet_ID0_ID3,328) 0
HoldsAt(Meet_ID0_ID3,329) 0
HoldsAt(Meet_ID0_ID3,330) 0
HoldsAt(Meet_ID0_ID3,331) 0
HoldsAt(Meet_ID0_ID3,332) 0
HoldsAt(Meet_ID0_ID3,333) 0
HoldsAt(Meet_ID0_ID3,334) 0
HoldsAt(Meet_ID0_ID3,335) 0
HoldsAt(Meet_ID0_ID3,336) 0
HoldsAt(Meet_ID0_ID3,337) 0
HoldsAt(Meet_ID0_ID3,338) 0
HoldsAt(Meet_ID0_ID3,339) 0
HoldsAt(Meet_ID0_ID3,340) 0
HoldsAt(Meet_ID0_ID3,341) 0
HoldsAt(Meet_ID0_ID3,342) 0
HoldsAt(Meet_ID0_ID3,343) 0
HoldsAt(Meet_ID0_ID3,344) 0
HoldsAt(Meet_ID0_ID3,345) 0
HoldsAt(Meet_ID0_ID3,346) 0
HoldsAt(Meet_ID0_ID3,347) 0
HoldsAt(Meet_ID0_ID3,348) 0
HoldsAt(Meet_ID0_ID3,349) 0
HoldsAt(Meet_ID0_ID3,350) 0
HoldsAt(Meet_ID0_ID3,351) 0
HoldsAt(Meet_ID0_ID3,352) 0
HoldsAt(Meet_ID0_ID3,353) 0
HoldsAt(Meet_ID0_ID3,354) 0
HoldsAt(Meet_ID0_ID3,355) 0
HoldsAt(Meet_ID0_ID3,356) 0
HoldsAt(Meet_ID0_ID3,357) 0
HoldsAt(Meet_ID0_ID3,358) 0
HoldsAt(Meet_ID0_ID3,359) 0
HoldsAt(Meet_ID0_ID3,360) 0
HoldsAt(Meet_ID0_ID3,361) 0
HoldsAt(Meet_ID0_ID3,362) 0
HoldsAt(Meet_ID0_ID3,363) 0
HoldsAt(Meet_ID0_ID3,364) 0
HoldsAt(Meet_ID0_ID3,365) 0
HoldsAt(Meet_ID0_ID3,366) 0
HoldsAt(Meet_ID0_ID3,367) 0
HoldsAt(Meet_ID0_ID3,368) 0
HoldsAt(Meet_ID0_ID3,369) 0
HoldsAt(Meet_ID0_ID3,370) 0
HoldsAt(Meet_ID0_ID3,371) 0
HoldsAt(Meet_ID0_ID3,372) 0
HoldsAt(Meet_ID0_ID3,373) 0
HoldsAt(Meet_ID0_ID3,374) 0
HoldsAt(Meet_ID0_ID3,375) 0
HoldsAt(Meet_ID0_ID3,376) 0
HoldsAt(Meet_ID3_ID0,31) 0
HoldsAt(Meet_ID3_ID0,32) 0
HoldsAt(Meet_ID3_ID0,33) 0
HoldsAt(Meet_ID3_ID0,34) 0
HoldsAt(Meet_ID3_ID0,35) 0
HoldsAt(Meet_ID3_ID0,36) 0
HoldsAt(Meet_ID3_ID0,37) 0
HoldsAt(Meet_ID3_ID0,38) 0
HoldsAt(Meet_ID3_ID0,39) 0
HoldsAt(Meet_ID3_ID0,40) 0
HoldsAt(Meet_ID3_ID0,41) 0
HoldsAt(Meet_ID3_ID0,42) 0
HoldsAt(Meet_ID3_ID0,43) 0
HoldsAt(Meet_ID3_ID0,44) 0
HoldsAt(Meet_ID3_ID0,45) 0
HoldsAt(Meet_ID3_ID0,46) 0
HoldsAt(Meet_ID3_ID0,47) 0
HoldsAt(Meet_ID3_ID0,48) 0
HoldsAt(Meet_ID3_ID0,49) 0
HoldsAt(Meet_ID3_ID0,50) 0
HoldsAt(Meet_ID3_ID0,51) 0
HoldsAt(Meet_ID3_ID0,52) 0
HoldsAt(Meet_ID3_ID0,53) 0
HoldsAt(Meet_ID3_ID0,54) 0
HoldsAt(Meet_ID3_ID0,55) 0
HoldsAt(Meet_ID3_ID0,56) 0
HoldsAt(Meet_ID3_ID0,57) 0
HoldsAt(Meet_ID3_ID0,58) 0
HoldsAt(Meet_ID3_ID0,59) 0
HoldsAt(Meet_ID3_ID0,60) 0
HoldsAt(Meet_ID3_ID0,61) 0
HoldsAt(Meet_ID3_ID0,62) 0
HoldsAt(Meet_ID3_ID0,63) 0
HoldsAt(Meet_ID3_ID0,64) 0
HoldsAt(Meet_ID3_ID0,65) 0
HoldsAt(Meet_ID3_ID0,66) 0
HoldsAt(Meet_ID3_ID0,67) 0
HoldsAt(Meet_ID3_ID0,68) 0
HoldsAt(Meet_ID3_ID0,69) 0
HoldsAt(Meet_ID3_ID0,70) 0
HoldsAt(Meet_ID3_ID0,71) 0
HoldsAt(Meet_ID3_ID0,72) 0
HoldsAt(Meet_ID3_ID0,73) 0
HoldsAt(Meet_ID3_ID0,74) 0
HoldsAt(Meet_ID3_ID0,75) 0
HoldsAt(Meet_ID3_ID0,76) 0
HoldsAt(Meet_ID3_ID0,77) 0
HoldsAt(Meet_ID3_ID0,78) 0
HoldsAt(Meet_ID3_ID0,79) 0
HoldsAt(Meet_ID3_ID0,80) 0
HoldsAt(Meet_ID3_ID0,81) 0
HoldsAt(Meet_ID3_ID0,82) 0
HoldsAt(Meet_ID3_ID0,83) 0
HoldsAt(Meet_ID3_ID0,84) 0
HoldsAt(Meet_ID3_ID0,85) 0
HoldsAt(Meet_ID3_ID0,86) 0
HoldsAt(Meet_ID3_ID0,87) 0
HoldsAt(Meet_ID3_ID0,88) 0
HoldsAt(Meet_ID3_ID0,89) 0
HoldsAt(Meet_ID3_ID0,90) 0
HoldsAt(Meet_ID3_ID0,91) 0
HoldsAt(Meet_ID3_ID0,92) 0
HoldsAt(Meet_ID3_ID0,93) 0
HoldsAt(Meet_ID3_ID0,94) 0
HoldsAt(Meet_ID3_ID0,95) 0
HoldsAt(Meet_ID3_ID0,96) 0
HoldsAt(Meet_ID3_ID0,97) 0
HoldsAt(Meet_ID3_ID0,98) 0
HoldsAt(Meet_ID3_ID0,99) 0
HoldsAt(Meet_ID3_ID0,100) 0
HoldsAt(Meet_ID3_ID0,101) 0
HoldsAt(Meet_ID3_ID0,102) 0
HoldsAt(Meet_ID3_ID0,103) 0
HoldsAt(Meet_ID3_ID0,104) 0
HoldsAt(Meet_ID3_ID0,105) 0
HoldsAt(Meet_ID3_ID0,106) 0
HoldsAt(Meet_ID3_ID0,107) 0
HoldsAt(Meet_ID3_ID0,108) 0
HoldsAt(Meet_ID3_ID0,109) 0
HoldsAt(Meet_ID3_ID0,110) 0
HoldsAt(Meet_ID3_ID0,111) 0
HoldsAt(Meet_ID3_ID0,112) 0
HoldsAt(Meet_ID3_ID0,113) 0
HoldsAt(Meet_ID3_ID0,114) 0
HoldsAt(Meet_ID3_ID0,115) 0
HoldsAt(Meet_ID3_ID0,116) 0
HoldsAt(Meet_ID3_ID0,117) 0
HoldsAt(Meet_ID3_ID0,118) 0
HoldsAt(Meet_ID3_ID0,119) 0
HoldsAt(Meet_ID3_ID0,120) 0
HoldsAt(Meet_ID3_ID0,121) 0
HoldsAt(Meet_ID3_ID0,122) 0
HoldsAt(Meet_ID3_ID0,123) 0
HoldsAt(Meet_ID3_ID0,124) 0
HoldsAt(Meet_ID3_ID0,125) 0
HoldsAt(Meet_ID3_ID0,126) 0
HoldsAt(Meet_ID3_ID0,127) 0
HoldsAt(Meet_ID3_ID0,128) 0
HoldsAt(Meet_ID3_ID0,129) 0
HoldsAt(Meet_ID3_ID0,130) 0
HoldsAt(Meet_ID3_ID0,131) 0
HoldsAt(Meet_ID3_ID0,132) 0
HoldsAt(Meet_ID3_ID0,133) 0
HoldsAt(Meet_ID3_ID0,134) 0
HoldsAt(Meet_ID3_ID0,135) 0
HoldsAt(Meet_ID3_ID0,136) 0
HoldsAt(Meet_ID3_ID0,137) 0
HoldsAt(Meet_ID3_ID0,138) 0
HoldsAt(Meet_ID3_ID0,139) 0
HoldsAt(Meet_ID3_ID0,140) 0
HoldsAt(Meet_ID3_ID0,141) 0
HoldsAt(Meet_ID3_ID0,142) 0
HoldsAt(Meet_ID3_ID0,143) 0
HoldsAt(Meet_ID3_ID0,144) 0
HoldsAt(Meet_ID3_ID0,145) 0
HoldsAt(Meet_ID3_ID0,146) 0
HoldsAt(Meet_ID3_ID0,147) 0
HoldsAt(Meet_ID3_ID0,148) 0
HoldsAt(Meet_ID3_ID0,149) 0
HoldsAt(Meet_ID3_ID0,150) 0
HoldsAt(Meet_ID3_ID0,151) 0
HoldsAt(Meet_ID3_ID0,152) 0
HoldsAt(Meet_ID3_ID0,153) 0
HoldsAt(Meet_ID3_ID0,154) 0
HoldsAt(Meet_ID3_ID0,155) 0
HoldsAt(Meet_ID3_ID0,156) 0
HoldsAt(Meet_ID3_ID0,157) 0
HoldsAt(Meet_ID3_ID0,158) 0
HoldsAt(Meet_ID3_ID0,159) 0
HoldsAt(Meet_ID3_ID0,160) 0
HoldsAt(Meet_ID3_ID0,161) 0
HoldsAt(Meet_ID3_ID0,162) 0
HoldsAt(Meet_ID3_ID0,163) 0
HoldsAt(Meet_ID3_ID0,164) 0
HoldsAt(Meet_ID3_ID0,165) 0
HoldsAt(Meet_ID3_ID0,166) 0
HoldsAt(Meet_ID3_ID0,167) 0
HoldsAt(Meet_ID3_ID0,168) 0
HoldsAt(Meet_ID3_ID0,169) 0
HoldsAt(Meet_ID3_ID0,170) 0
HoldsAt(Meet_ID3_ID0,171) 0
HoldsAt(Meet_ID3_ID0,172) 0
HoldsAt(Meet_ID3_ID0,173) 0
HoldsAt(Meet_ID3_ID0,174) 0
HoldsAt(Meet_ID3_ID0,175) 0
HoldsAt(Meet_ID3_ID0,176) 0
HoldsAt(Meet_ID3_ID0,177) 0
HoldsAt(Meet_ID3_ID0,178) 0
HoldsAt(Meet_ID3_ID0,179) 0
HoldsAt(Meet_ID3_ID0,180) 0
HoldsAt(Meet_ID3_ID0,181) 0
HoldsAt(Meet_ID3_ID0,182) 0
HoldsAt(Meet_ID3_ID0,183) 0
HoldsAt(Meet_ID3_ID0,184) 0
HoldsAt(Meet_ID3_ID0,185) 0
HoldsAt(Meet_ID3_ID0,186) 0
HoldsAt(Meet_ID3_ID0,187) 0
HoldsAt(Meet_ID3_ID0,188) 0
HoldsAt(Meet_ID3_ID0,189) 0
HoldsAt(Meet_ID3_ID0,190) 0
HoldsAt(Meet_ID3_ID0,191) 0
HoldsAt(Meet_ID3_ID0,192) 0
HoldsAt(Meet_ID3_ID0,193) 0
HoldsAt(Meet_ID3_ID0,194) 0
HoldsAt(Meet_ID3_ID0,195) 0
HoldsAt(Meet_ID3_ID0,196) 0
HoldsAt(Meet_ID3_ID0,197) 0
HoldsAt(Meet_ID3_ID0,198) 0
HoldsAt(Meet_ID3_ID0,199) 0
HoldsAt(Meet_ID3_ID0,200) 0
HoldsAt(Meet_ID3_ID0,201) 0
HoldsAt(Meet_ID3_ID0,202) 0
HoldsAt(Meet_ID3_ID0,203) 0
HoldsAt(Meet_ID3_ID0,204) 0
HoldsAt(Meet_ID3_ID0,205) 0
HoldsAt(Meet_ID3_ID0,206) 0
HoldsAt(Meet_ID3_ID0,207) 0
HoldsAt(Meet_ID3_ID0,208) 0
HoldsAt(Meet_ID3_ID0,209) 0
HoldsAt(Meet_ID3_ID0,210) 0
HoldsAt(Meet_ID3_ID0,211) 0
HoldsAt(Meet_ID3_ID0,212) 0
HoldsAt(Meet_ID3_ID0,213) 0
HoldsAt(Meet_ID3_ID0,214) 0
HoldsAt(Meet_ID3_ID0,215) 0
HoldsAt(Meet_ID3_ID0,216) 0
HoldsAt(Meet_ID3_ID0,217) 0
HoldsAt(Meet_ID3_ID0,218) 0
HoldsAt(Meet_ID3_ID0,219) 0
HoldsAt(Meet_ID3_ID0,220) 0
HoldsAt(Meet_ID3_ID0,221) 0
HoldsAt(Meet_ID3_ID0,222) 0
HoldsAt(Meet_ID3_ID0,223) 0
HoldsAt(Meet_ID3_ID0,224) 0
HoldsAt(Meet_ID3_ID0,225) 0
HoldsAt(Meet_ID3_ID0,226) 0
HoldsAt(Meet_ID3_ID0,227) 0
HoldsAt(Meet_ID3_ID0,228) 0
HoldsAt(Meet_ID3_ID0,229) 0
HoldsAt(Meet_ID3_ID0,230) 0
HoldsAt(Meet_ID3_ID0,231) 0
HoldsAt(Meet_ID3_ID0,232) 0
HoldsAt(Meet_ID3_ID0,233) 0
HoldsAt(Meet_ID3_ID0,234) 0
HoldsAt(Meet_ID3_ID0,235) 0
HoldsAt(Meet_ID3_ID0,236) 0
HoldsAt(Meet_ID3_ID0,237) 0
HoldsAt(Meet_ID3_ID0,238) 0
HoldsAt(Meet_ID3_ID0,239) 0
HoldsAt(Meet_ID3_ID0,240) 0
HoldsAt(Meet_ID3_ID0,241) 0
HoldsAt(Meet_ID3_ID0,242) 0
HoldsAt(Meet_ID3_ID0,243) 0
HoldsAt(Meet_ID3_ID0,244) 0
HoldsAt(Meet_ID3_ID0,245) 0
HoldsAt(Meet_ID3_ID0,246) 0
HoldsAt(Meet_ID3_ID0,247) 0
HoldsAt(Meet_ID3_ID0,248) 0
HoldsAt(Meet_ID3_ID0,249) 0
HoldsAt(Meet_ID3_ID0,250) 0
HoldsAt(Meet_ID3_ID0,251) 0
HoldsAt(Meet_ID3_ID0,252) 0
HoldsAt(Meet_ID3_ID0,253) 0
HoldsAt(Meet_ID3_ID0,254) 0
HoldsAt(Meet_ID3_ID0,255) 0
HoldsAt(Meet_ID3_ID0,256) 0
HoldsAt(Meet_ID3_ID0,257) 0
HoldsAt(Meet_ID3_ID0,258) 0
HoldsAt(Meet_ID3_ID0,259) 0
HoldsAt(Meet_ID3_ID0,260) 0
HoldsAt(Meet_ID3_ID0,261) 0
HoldsAt(Meet_ID3_ID0,262) 0
HoldsAt(Meet_ID3_ID0,263) 0
HoldsAt(Meet_ID3_ID0,264) 0
HoldsAt(Meet_ID3_ID0,265) 0
HoldsAt(Meet_ID3_ID0,266) 0
HoldsAt(Meet_ID3_ID0,267) 0
HoldsAt(Meet_ID3_ID0,268) 0
HoldsAt(Meet_ID3_ID0,269) 0
HoldsAt(Meet_ID3_ID0,270) 0
HoldsAt(Meet_ID3_ID0,271) 0
HoldsAt(Meet_ID3_ID0,272) 0
HoldsAt(Meet_ID3_ID0,273) 0
HoldsAt(Meet_ID3_ID0,274) 0
HoldsAt(Meet_ID3_ID0,275) 0
HoldsAt(Meet_ID3_ID0,276) 0
HoldsAt(Meet_ID3_ID0,277) 0
HoldsAt(Meet_ID3_ID0,278) 0
HoldsAt(Meet_ID3_ID0,279) 0
HoldsAt(Meet_ID3_ID0,280) 0
HoldsAt(Meet_ID3_ID0,281) 0
HoldsAt(Meet_ID3_ID0,282) 0
HoldsAt(Meet_ID3_ID0,283) 0
HoldsAt(Meet_ID3_ID0,284) 0
HoldsAt(Meet_ID3_ID0,285) 0
HoldsAt(Meet_ID3_ID0,286) 0
HoldsAt(Meet_ID3_ID0,287) 0
HoldsAt(Meet_ID3_ID0,288) 0
HoldsAt(Meet_ID3_ID0,289) 0
HoldsAt(Meet_ID3_ID0,290) 0
HoldsAt(Meet_ID3_ID0,291) 0
HoldsAt(Meet_ID3_ID0,292) 0
HoldsAt(Meet_ID3_ID0,293) 0
HoldsAt(Meet_ID3_ID0,294) 0
HoldsAt(Meet_ID3_ID0,295) 0
HoldsAt(Meet_ID3_ID0,296) 0
HoldsAt(Meet_ID3_ID0,297) 0
HoldsAt(Meet_ID3_ID0,298) 0
HoldsAt(Meet_ID3_ID0,299) 0
HoldsAt(Meet_ID3_ID0,300) 0
HoldsAt(Meet_ID3_ID0,301) 0
HoldsAt(Meet_ID3_ID0,302) 0
HoldsAt(Meet_ID3_ID0,303) 0
HoldsAt(Meet_ID3_ID0,304) 0
HoldsAt(Meet_ID3_ID0,305) 0
HoldsAt(Meet_ID3_ID0,306) 0
HoldsAt(Meet_ID3_ID0,307) 0
HoldsAt(Meet_ID3_ID0,308) 0
HoldsAt(Meet_ID3_ID0,309) 0
HoldsAt(Meet_ID3_ID0,310) 0
HoldsAt(Meet_ID3_ID0,311) 0
HoldsAt(Meet_ID3_ID0,312) 0
HoldsAt(Meet_ID3_ID0,313) 0
HoldsAt(Meet_ID3_ID0,314) 0
HoldsAt(Meet_ID3_ID0,315) 0
HoldsAt(Meet_ID3_ID0,316) 0
HoldsAt(Meet_ID3_ID0,317) 0
HoldsAt(Meet_ID3_ID0,318) 0
HoldsAt(Meet_ID3_ID0,319) 0
HoldsAt(Meet_ID3_ID0,320) 0
HoldsAt(Meet_ID3_ID0,321) 0
HoldsAt(Meet_ID3_ID0,322) 0
HoldsAt(Meet_ID3_ID0,323) 0
HoldsAt(Meet_ID3_ID0,324) 0
HoldsAt(Meet_ID3_ID0,325) 0
HoldsAt(Meet_ID3_ID0,326) 0
HoldsAt(Meet_ID3_ID0,327) 0
HoldsAt(Meet_ID3_ID0,328) 0
HoldsAt(Meet_ID3_ID0,329) 0
HoldsAt(Meet_ID3_ID0,330) 0
HoldsAt(Meet_ID3_ID0,331) 0
HoldsAt(Meet_ID3_ID0,332) 0
HoldsAt(Meet_ID3_ID0,333) 0
HoldsAt(Meet_ID3_ID0,334) 0
HoldsAt(Meet_ID3_ID0,335) 0
HoldsAt(Meet_ID3_ID0,336) 0
HoldsAt(Meet_ID3_ID0,337) 0
HoldsAt(Meet_ID3_ID0,338) 0
HoldsAt(Meet_ID3_ID0,339) 0
HoldsAt(Meet_ID3_ID0,340) 0
HoldsAt(Meet_ID3_ID0,341) 0
HoldsAt(Meet_ID3_ID0,342) 0
HoldsAt(Meet_ID3_ID0,343) 0
HoldsAt(Meet_ID3_ID0,344) 0
HoldsAt(Meet_ID3_ID0,345) 0
HoldsAt(Meet_ID3_ID0,346) 0
HoldsAt(Meet_ID3_ID0,347) 0
HoldsAt(Meet_ID3_ID0,348) 0
HoldsAt(Meet_ID3_ID0,349) 0
HoldsAt(Meet_ID3_ID0,350) 0
HoldsAt(Meet_ID3_ID0,351) 0
HoldsAt(Meet_ID3_ID0,352) 0
HoldsAt(Meet_ID3_ID0,353) 0
HoldsAt(Meet_ID3_ID0,354) 0
HoldsAt(Meet_ID3_ID0,355) 0
HoldsAt(Meet_ID3_ID0,356) 0
HoldsAt(Meet_ID3_ID0,357) 0
HoldsAt(Meet_ID3_ID0,358) 0
HoldsAt(Meet_ID3_ID0,359) 0
HoldsAt(Meet_ID3_ID0,360) 0
HoldsAt(Meet_ID3_ID0,361) 0
HoldsAt(Meet_ID3_ID0,362) 0
HoldsAt(Meet_ID3_ID0,363) 0
HoldsAt(Meet_ID3_ID0,364) 0
HoldsAt(Meet_ID3_ID0,365) 0
HoldsAt(Meet_ID3_ID0,366) 0
HoldsAt(Meet_ID3_ID0,367) 0
HoldsAt(Meet_ID3_ID0,368) 0
HoldsAt(Meet_ID3_ID0,369) 0
HoldsAt(Meet_ID3_ID0,370) 0
HoldsAt(Meet_ID3_ID0,371) 0
HoldsAt(Meet_ID3_ID0,372) 0
HoldsAt(Meet_ID3_ID0,373) 0
HoldsAt(Meet_ID3_ID0,374) 0
HoldsAt(Meet_ID3_ID0,375) 0
HoldsAt(Meet_ID3_ID0,376) 0
HoldsAt(Meet_ID3_ID3,31) 0
HoldsAt(Meet_ID3_ID3,32) 0
HoldsAt(Meet_ID3_ID3,33) 0
HoldsAt(Meet_ID3_ID3,34) 0
HoldsAt(Meet_ID3_ID3,35) 0
HoldsAt(Meet_ID3_ID3,36) 0
HoldsAt(Meet_ID3_ID3,37) 0
HoldsAt(Meet_ID3_ID3,38) 0
HoldsAt(Meet_ID3_ID3,39) 0
HoldsAt(Meet_ID3_ID3,40) 0
HoldsAt(Meet_ID3_ID3,41) 0
HoldsAt(Meet_ID3_ID3,42) 0
HoldsAt(Meet_ID3_ID3,43) 0
HoldsAt(Meet_ID3_ID3,44) 0
HoldsAt(Meet_ID3_ID3,45) 0
HoldsAt(Meet_ID3_ID3,46) 0
HoldsAt(Meet_ID3_ID3,47) 0
HoldsAt(Meet_ID3_ID3,48) 0
HoldsAt(Meet_ID3_ID3,49) 0
HoldsAt(Meet_ID3_ID3,50) 0
HoldsAt(Meet_ID3_ID3,51) 0
HoldsAt(Meet_ID3_ID3,52) 0
HoldsAt(Meet_ID3_ID3,53) 0
HoldsAt(Meet_ID3_ID3,54) 0
HoldsAt(Meet_ID3_ID3,55) 0
HoldsAt(Meet_ID3_ID3,56) 0
HoldsAt(Meet_ID3_ID3,57) 0
HoldsAt(Meet_ID3_ID3,58) 0
HoldsAt(Meet_ID3_ID3,59) 0
HoldsAt(Meet_ID3_ID3,60) 0
HoldsAt(Meet_ID3_ID3,61) 0
HoldsAt(Meet_ID3_ID3,62) 0
HoldsAt(Meet_ID3_ID3,63) 0
HoldsAt(Meet_ID3_ID3,64) 0
HoldsAt(Meet_ID3_ID3,65) 0
HoldsAt(Meet_ID3_ID3,66) 0
HoldsAt(Meet_ID3_ID3,67) 0
HoldsAt(Meet_ID3_ID3,68) 0
HoldsAt(Meet_ID3_ID3,69) 0
HoldsAt(Meet_ID3_ID3,70) 0
HoldsAt(Meet_ID3_ID3,71) 0
HoldsAt(Meet_ID3_ID3,72) 0
HoldsAt(Meet_ID3_ID3,73) 0
HoldsAt(Meet_ID3_ID3,74) 0
HoldsAt(Meet_ID3_ID3,75) 0
HoldsAt(Meet_ID3_ID3,76) 0
HoldsAt(Meet_ID3_ID3,77) 0
HoldsAt(Meet_ID3_ID3,78) 0
HoldsAt(Meet_ID3_ID3,79) 0
HoldsAt(Meet_ID3_ID3,80) 0
HoldsAt(Meet_ID3_ID3,81) 0
HoldsAt(Meet_ID3_ID3,82) 0
HoldsAt(Meet_ID3_ID3,83) 0
HoldsAt(Meet_ID3_ID3,84) 0
HoldsAt(Meet_ID3_ID3,85) 0
HoldsAt(Meet_ID3_ID3,86) 0
HoldsAt(Meet_ID3_ID3,87) 0
HoldsAt(Meet_ID3_ID3,88) 0
HoldsAt(Meet_ID3_ID3,89) 0
HoldsAt(Meet_ID3_ID3,90) 0
HoldsAt(Meet_ID3_ID3,91) 0
HoldsAt(Meet_ID3_ID3,92) 0
HoldsAt(Meet_ID3_ID3,93) 0
HoldsAt(Meet_ID3_ID3,94) 0
HoldsAt(Meet_ID3_ID3,95) 0
HoldsAt(Meet_ID3_ID3,96) 0
HoldsAt(Meet_ID3_ID3,97) 0
HoldsAt(Meet_ID3_ID3,98) 0
HoldsAt(Meet_ID3_ID3,99) 0
HoldsAt(Meet_ID3_ID3,100) 0
HoldsAt(Meet_ID3_ID3,101) 0
HoldsAt(Meet_ID3_ID3,102) 0
HoldsAt(Meet_ID3_ID3,103) 0
HoldsAt(Meet_ID3_ID3,104) 0
HoldsAt(Meet_ID3_ID3,105) 0
HoldsAt(Meet_ID3_ID3,106) 0
HoldsAt(Meet_ID3_ID3,107) 0
HoldsAt(Meet_ID3_ID3,108) 0
HoldsAt(Meet_ID3_ID3,109) 0
HoldsAt(Meet_ID3_ID3,110) 0
HoldsAt(Meet_ID3_ID3,111) 0
HoldsAt(Meet_ID3_ID3,112) 0
HoldsAt(Meet_ID3_ID3,113) 0
HoldsAt(Meet_ID3_ID3,114) 0
HoldsAt(Meet_ID3_ID3,115) 0
HoldsAt(Meet_ID3_ID3,116) 0
HoldsAt(Meet_ID3_ID3,117) 0
HoldsAt(Meet_ID3_ID3,118) 0
HoldsAt(Meet_ID3_ID3,119) 0
HoldsAt(Meet_ID3_ID3,120) 0
HoldsAt(Meet_ID3_ID3,121) 0
HoldsAt(Meet_ID3_ID3,122) 0
HoldsAt(Meet_ID3_ID3,123) 0
HoldsAt(Meet_ID3_ID3,124) 0
HoldsAt(Meet_ID3_ID3,125) 0
HoldsAt(Meet_ID3_ID3,126) 0
HoldsAt(Meet_ID3_ID3,127) 0
HoldsAt(Meet_ID3_ID3,128) 0
HoldsAt(Meet_ID3_ID3,129) 0
HoldsAt(Meet_ID3_ID3,130) 0
HoldsAt(Meet_ID3_ID3,131) 0
HoldsAt(Meet_ID3_ID3,132) 0
HoldsAt(Meet_ID3_ID3,133) 0
HoldsAt(Meet_ID3_ID3,134) 0
HoldsAt(Meet_ID3_ID3,135) 0
HoldsAt(Meet_ID3_ID3,136) 0
HoldsAt(Meet_ID3_ID3,137) 0
HoldsAt(Meet_ID3_ID3,138) 0
HoldsAt(Meet_ID3_ID3,139) 0
HoldsAt(Meet_ID3_ID3,140) 0
HoldsAt(Meet_ID3_ID3,141) 0
HoldsAt(Meet_ID3_ID3,142) 0
HoldsAt(Meet_ID3_ID3,143) 0
HoldsAt(Meet_ID3_ID3,144) 0
HoldsAt(Meet_ID3_ID3,145) 0
HoldsAt(Meet_ID3_ID3,146) 0
HoldsAt(Meet_ID3_ID3,147) 0
HoldsAt(Meet_ID3_ID3,148) 0
HoldsAt(Meet_ID3_ID3,149) 0
HoldsAt(Meet_ID3_ID3,150) 0
HoldsAt(Meet_ID3_ID3,151) 0
HoldsAt(Meet_ID3_ID3,152) 0
HoldsAt(Meet_ID3_ID3,153) 0
HoldsAt(Meet_ID3_ID3,154) 0
HoldsAt(Meet_ID3_ID3,155) 0
HoldsAt(Meet_ID3_ID3,156) 0
HoldsAt(Meet_ID3_ID3,157) 0
HoldsAt(Meet_ID3_ID3,158) 0
HoldsAt(Meet_ID3_ID3,159) 0
HoldsAt(Meet_ID3_ID3,160) 0
HoldsAt(Meet_ID3_ID3,161) 0
HoldsAt(Meet_ID3_ID3,162) 0
HoldsAt(Meet_ID3_ID3,163) 0
HoldsAt(Meet_ID3_ID3,164) 0
HoldsAt(Meet_ID3_ID3,165) 0
HoldsAt(Meet_ID3_ID3,166) 0
HoldsAt(Meet_ID3_ID3,167) 0
HoldsAt(Meet_ID3_ID3,168) 0
HoldsAt(Meet_ID3_ID3,169) 0
HoldsAt(Meet_ID3_ID3,170) 0
HoldsAt(Meet_ID3_ID3,171) 0
HoldsAt(Meet_ID3_ID3,172) 0
HoldsAt(Meet_ID3_ID3,173) 0
HoldsAt(Meet_ID3_ID3,174) 0
HoldsAt(Meet_ID3_ID3,175) 0
HoldsAt(Meet_ID3_ID3,176) 0
HoldsAt(Meet_ID3_ID3,177) 0
HoldsAt(Meet_ID3_ID3,178) 0
HoldsAt(Meet_ID3_ID3,179) 0
HoldsAt(Meet_ID3_ID3,180) 0
HoldsAt(Meet_ID3_ID3,181) 0
HoldsAt(Meet_ID3_ID3,182) 0
HoldsAt(Meet_ID3_ID3,183) 0
HoldsAt(Meet_ID3_ID3,184) 0
HoldsAt(Meet_ID3_ID3,185) 0
HoldsAt(Meet_ID3_ID3,186) 0
HoldsAt(Meet_ID3_ID3,187) 0
HoldsAt(Meet_ID3_ID3,188) 0
HoldsAt(Meet_ID3_ID3,189) 0
HoldsAt(Meet_ID3_ID3,190) 0
HoldsAt(Meet_ID3_ID3,191) 0
HoldsAt(Meet_ID3_ID3,192) 0
HoldsAt(Meet_ID3_ID3,193) 0
HoldsAt(Meet_ID3_ID3,194) 0
HoldsAt(Meet_ID3_ID3,195) 0
HoldsAt(Meet_ID3_ID3,196) 0
HoldsAt(Meet_ID3_ID3,197) 0
HoldsAt(Meet_ID3_ID3,198) 0
HoldsAt(Meet_ID3_ID3,199) 0
HoldsAt(Meet_ID3_ID3,200) 0
HoldsAt(Meet_ID3_ID3,201) 0
HoldsAt(Meet_ID3_ID3,202) 0
HoldsAt(Meet_ID3_ID3,203) 0
HoldsAt(Meet_ID3_ID3,204) 0
HoldsAt(Meet_ID3_ID3,205) 0
HoldsAt(Meet_ID3_ID3,206) 0
HoldsAt(Meet_ID3_ID3,207) 0
HoldsAt(Meet_ID3_ID3,208) 0
HoldsAt(Meet_ID3_ID3,209) 0
HoldsAt(Meet_ID3_ID3,210) 0
HoldsAt(Meet_ID3_ID3,211) 0
HoldsAt(Meet_ID3_ID3,212) 0
HoldsAt(Meet_ID3_ID3,213) 0
HoldsAt(Meet_ID3_ID3,214) 0
HoldsAt(Meet_ID3_ID3,215) 0
HoldsAt(Meet_ID3_ID3,216) 0
HoldsAt(Meet_ID3_ID3,217) 0
HoldsAt(Meet_ID3_ID3,218) 0
HoldsAt(Meet_ID3_ID3,219) 0
HoldsAt(Meet_ID3_ID3,220) 0
HoldsAt(Meet_ID3_ID3,221) 0
HoldsAt(Meet_ID3_ID3,222) 0
HoldsAt(Meet_ID3_ID3,223) 0
HoldsAt(Meet_ID3_ID3,224) 0
HoldsAt(Meet_ID3_ID3,225) 0
HoldsAt(Meet_ID3_ID3,226) 0
HoldsAt(Meet_ID3_ID3,227) 0
HoldsAt(Meet_ID3_ID3,228) 0
HoldsAt(Meet_ID3_ID3,229) 0
HoldsAt(Meet_ID3_ID3,230) 0
HoldsAt(Meet_ID3_ID3,231) 0
HoldsAt(Meet_ID3_ID3,232) 0
HoldsAt(Meet_ID3_ID3,233) 0
HoldsAt(Meet_ID3_ID3,234) 0
HoldsAt(Meet_ID3_ID3,235) 0
HoldsAt(Meet_ID3_ID3,236) 0
HoldsAt(Meet_ID3_ID3,237) 0
HoldsAt(Meet_ID3_ID3,238) 0
HoldsAt(Meet_ID3_ID3,239) 0
HoldsAt(Meet_ID3_ID3,240) 0
HoldsAt(Meet_ID3_ID3,241) 0
HoldsAt(Meet_ID3_ID3,242) 0
HoldsAt(Meet_ID3_ID3,243) 0
HoldsAt(Meet_ID3_ID3,244) 0
HoldsAt(Meet_ID3_ID3,245) 0
HoldsAt(Meet_ID3_ID3,246) 0
HoldsAt(Meet_ID3_ID3,247) 0
HoldsAt(Meet_ID3_ID3,248) 0
HoldsAt(Meet_ID3_ID3,249) 0
HoldsAt(Meet_ID3_ID3,250) 0
HoldsAt(Meet_ID3_ID3,251) 0
HoldsAt(Meet_ID3_ID3,252) 0
HoldsAt(Meet_ID3_ID3,253) 0
HoldsAt(Meet_ID3_ID3,254) 0
HoldsAt(Meet_ID3_ID3,255) 0
HoldsAt(Meet_ID3_ID3,256) 0
HoldsAt(Meet_ID3_ID3,257) 0
HoldsAt(Meet_ID3_ID3,258) 0
HoldsAt(Meet_ID3_ID3,259) 0
HoldsAt(Meet_ID3_ID3,260) 0
HoldsAt(Meet_ID3_ID3,261) 0
HoldsAt(Meet_ID3_ID3,262) 0
HoldsAt(Meet_ID3_ID3,263) 0
HoldsAt(Meet_ID3_ID3,264) 0
HoldsAt(Meet_ID3_ID3,265) 0
HoldsAt(Meet_ID3_ID3,266) 0
HoldsAt(Meet_ID3_ID3,267) 0
HoldsAt(Meet_ID3_ID3,268) 0
HoldsAt(Meet_ID3_ID3,269) 0
HoldsAt(Meet_ID3_ID3,270) 0
HoldsAt(Meet_ID3_ID3,271) 0
HoldsAt(Meet_ID3_ID3,272) 0
HoldsAt(Meet_ID3_ID3,273) 0
HoldsAt(Meet_ID3_ID3,274) 0
HoldsAt(Meet_ID3_ID3,275) 0
HoldsAt(Meet_ID3_ID3,276) 0
HoldsAt(Meet_ID3_ID3,277) 0
HoldsAt(Meet_ID3_ID3,278) 0
HoldsAt(Meet_ID3_ID3,279) 0
HoldsAt(Meet_ID3_ID3,280) 0
HoldsAt(Meet_ID3_ID3,281) 0
HoldsAt(Meet_ID3_ID3,282) 0
HoldsAt(Meet_ID3_ID3,283) 0
HoldsAt(Meet_ID3_ID3,284) 0
HoldsAt(Meet_ID3_ID3,285) 0
HoldsAt(Meet_ID3_ID3,286) 0
HoldsAt(Meet_ID3_ID3,287) 0
HoldsAt(Meet_ID3_ID3,288) 0
HoldsAt(Meet_ID3_ID3,289) 0
HoldsAt(Meet_ID3_ID3,290) 0
HoldsAt(Meet_ID3_ID3,291) 0
HoldsAt(Meet_ID3_ID3,292) 0
HoldsAt(Meet_ID3_ID3,293) 0
HoldsAt(Meet_ID3_ID3,294) 0
HoldsAt(Meet_ID3_ID3,295) 0
HoldsAt(Meet_ID3_ID3,296) 0
HoldsAt(Meet_ID3_ID3,297) 0
HoldsAt(Meet_ID3_ID3,298) 0
HoldsAt(Meet_ID3_ID3,299) 0
HoldsAt(Meet_ID3_ID3,300) 0
HoldsAt(Meet_ID3_ID3,301) 0
HoldsAt(Meet_ID3_ID3,302) 0
HoldsAt(Meet_ID3_ID3,303) 0
HoldsAt(Meet_ID3_ID3,304) 0
HoldsAt(Meet_ID3_ID3,305) 0
HoldsAt(Meet_ID3_ID3,306) 0
HoldsAt(Meet_ID3_ID3,307) 0
HoldsAt(Meet_ID3_ID3,308) 0
HoldsAt(Meet_ID3_ID3,309) 0
HoldsAt(Meet_ID3_ID3,310) 0
HoldsAt(Meet_ID3_ID3,311) 0
HoldsAt(Meet_ID3_ID3,312) 0
HoldsAt(Meet_ID3_ID3,313) 0
HoldsAt(Meet_ID3_ID3,314) 0
HoldsAt(Meet_ID3_ID3,315) 0
HoldsAt(Meet_ID3_ID3,316) 0
HoldsAt(Meet_ID3_ID3,317) 0
HoldsAt(Meet_ID3_ID3,318) 0
HoldsAt(Meet_ID3_ID3,319) 0
HoldsAt(Meet_ID3_ID3,320) 0
HoldsAt(Meet_ID3_ID3,321) 0
HoldsAt(Meet_ID3_ID3,322) 0
HoldsAt(Meet_ID3_ID3,323) 0
HoldsAt(Meet_ID3_ID3,324) 0
HoldsAt(Meet_ID3_ID3,325) 0
HoldsAt(Meet_ID3_ID3,326) 0
HoldsAt(Meet_ID3_ID3,327) 0
HoldsAt(Meet_ID3_ID3,328) 0
HoldsAt(Meet_ID3_ID3,329) 0
HoldsAt(Meet_ID3_ID3,330) 0
HoldsAt(Meet_ID3_ID3,331) 0
HoldsAt(Meet_ID3_ID3,332) 0
HoldsAt(Meet_ID3_ID3,333) 0
HoldsAt(Meet_ID3_ID3,334) 0
HoldsAt(Meet_ID3_ID3,335) 0
HoldsAt(Meet_ID3_ID3,336) 0
HoldsAt(Meet_ID3_ID3,337) 0
HoldsAt(Meet_ID3_ID3,338) 0
HoldsAt(Meet_ID3_ID3,339) 0
HoldsAt(Meet_ID3_ID3,340) 0
HoldsAt(Meet_ID3_ID3,341) 0
HoldsAt(Meet_ID3_ID3,342) 0
HoldsAt(Meet_ID3_ID3,343) 0
HoldsAt(Meet_ID3_ID3,344) 0
HoldsAt(Meet_ID3_ID3,345) 0
HoldsAt(Meet_ID3_ID3,346) 0
HoldsAt(Meet_ID3_ID3,347) 0
HoldsAt(Meet_ID3_ID3,348) 0
HoldsAt(Meet_ID3_ID3,349) 0
HoldsAt(Meet_ID3_ID3,350) 0
HoldsAt(Meet_ID3_ID3,351) 0
HoldsAt(Meet_ID3_ID3,352) 0
HoldsAt(Meet_ID3_ID3,353) 0
HoldsAt(Meet_ID3_ID3,354) 0
HoldsAt(Meet_ID3_ID3,355) 0
HoldsAt(Meet_ID3_ID3,356) 0
HoldsAt(Meet_ID3_ID3,357) 0
HoldsAt(Meet_ID3_ID3,358) 0
HoldsAt(Meet_ID3_ID3,359) 0
HoldsAt(Meet_ID3_ID3,360) 0
HoldsAt(Meet_ID3_ID3,361) 0
HoldsAt(Meet_ID3_ID3,362) 0
HoldsAt(Meet_ID3_ID3,363) 0
HoldsAt(Meet_ID3_ID3,364) 0
HoldsAt(Meet_ID3_ID3,365) 0
HoldsAt(Meet_ID3_ID3,366) 0
HoldsAt(Meet_ID3_ID3,367) 0
HoldsAt(Meet_ID3_ID3,368) 0
HoldsAt(Meet_ID3_ID3,369) 0
HoldsAt(Meet_ID3_ID3,370) 0
HoldsAt(Meet_ID3_ID3,371) 0
HoldsAt(Meet_ID3_ID3,372) 0
HoldsAt(Meet_ID3_ID3,373) 0
HoldsAt(Meet_ID3_ID3,374) 0
HoldsAt(Meet_ID3_ID3,375) 0
HoldsAt(Meet_ID3_ID3,376) 0
