HoldsAt(Meet_ID0_ID0,31) 0
HoldsAt(Meet_ID0_ID0,32) 0
HoldsAt(Meet_ID0_ID0,33) 0
HoldsAt(Meet_ID0_ID0,34) 0
HoldsAt(Meet_ID0_ID0,35) 0
HoldsAt(Meet_ID0_ID0,36) 0
HoldsAt(Meet_ID0_ID0,37) 0
HoldsAt(Meet_ID0_ID0,38) 0
HoldsAt(Meet_ID0_ID0,39) 0
HoldsAt(Meet_ID0_ID0,40) 0
HoldsAt(Meet_ID0_ID0,41) 0
HoldsAt(Meet_ID0_ID0,42) 0
HoldsAt(Meet_ID0_ID0,43) 0
HoldsAt(Meet_ID0_ID0,44) 0
HoldsAt(Meet_ID0_ID0,45) 0
HoldsAt(Meet_ID0_ID0,46) 0
HoldsAt(Meet_ID0_ID0,47) 0
HoldsAt(Meet_ID0_ID0,48) 0
HoldsAt(Meet_ID0_ID0,49) 0
HoldsAt(Meet_ID0_ID0,50) 0
HoldsAt(Meet_ID0_ID0,51) 0
HoldsAt(Meet_ID0_ID0,52) 0
HoldsAt(Meet_ID0_ID0,53) 0
HoldsAt(Meet_ID0_ID0,54) 0
HoldsAt(Meet_ID0_ID0,55) 0
HoldsAt(Meet_ID0_ID0,56) 0
HoldsAt(Meet_ID0_ID0,57) 0
HoldsAt(Meet_ID0_ID0,58) 0
HoldsAt(Meet_ID0_ID0,59) 0
HoldsAt(Meet_ID0_ID0,60) 0
HoldsAt(Meet_ID0_ID0,61) 0
HoldsAt(Meet_ID0_ID0,62) 0
HoldsAt(Meet_ID0_ID0,63) 0
HoldsAt(Meet_ID0_ID0,64) 0
HoldsAt(Meet_ID0_ID0,65) 0
HoldsAt(Meet_ID0_ID0,66) 0
HoldsAt(Meet_ID0_ID0,67) 0
HoldsAt(Meet_ID0_ID0,68) 0
HoldsAt(Meet_ID0_ID0,69) 0
HoldsAt(Meet_ID0_ID0,70) 0
HoldsAt(Meet_ID0_ID0,71) 0
HoldsAt(Meet_ID0_ID0,72) 0
HoldsAt(Meet_ID0_ID0,73) 0
HoldsAt(Meet_ID0_ID0,74) 0
HoldsAt(Meet_ID0_ID0,75) 0
HoldsAt(Meet_ID0_ID0,76) 0
HoldsAt(Meet_ID0_ID0,77) 0
HoldsAt(Meet_ID0_ID0,78) 0
HoldsAt(Meet_ID0_ID0,79) 0
HoldsAt(Meet_ID0_ID0,80) 0
HoldsAt(Meet_ID0_ID0,81) 0
HoldsAt(Meet_ID0_ID0,82) 0
HoldsAt(Meet_ID0_ID0,83) 0
HoldsAt(Meet_ID0_ID0,84) 0
HoldsAt(Meet_ID0_ID0,85) 0
HoldsAt(Meet_ID0_ID0,86) 0
HoldsAt(Meet_ID0_ID0,87) 0
HoldsAt(Meet_ID0_ID0,88) 0
HoldsAt(Meet_ID0_ID0,89) 0
HoldsAt(Meet_ID0_ID0,90) 0
HoldsAt(Meet_ID0_ID0,91) 0
HoldsAt(Meet_ID0_ID0,92) 0
HoldsAt(Meet_ID0_ID0,93) 0
HoldsAt(Meet_ID0_ID0,94) 0
HoldsAt(Meet_ID0_ID0,95) 0
HoldsAt(Meet_ID0_ID0,96) 0
HoldsAt(Meet_ID0_ID0,97) 0
HoldsAt(Meet_ID0_ID0,98) 0
HoldsAt(Meet_ID0_ID0,99) 0
HoldsAt(Meet_ID0_ID0,100) 0
HoldsAt(Meet_ID0_ID0,101) 0
HoldsAt(Meet_ID0_ID0,102) 0
HoldsAt(Meet_ID0_ID0,103) 0
HoldsAt(Meet_ID0_ID0,104) 0
HoldsAt(Meet_ID0_ID0,105) 0
HoldsAt(Meet_ID0_ID0,106) 0
HoldsAt(Meet_ID0_ID0,107) 0
HoldsAt(Meet_ID0_ID0,108) 0
HoldsAt(Meet_ID0_ID0,109) 0
HoldsAt(Meet_ID0_ID0,110) 0
HoldsAt(Meet_ID0_ID0,111) 0
HoldsAt(Meet_ID0_ID0,112) 0
HoldsAt(Meet_ID0_ID0,113) 0
HoldsAt(Meet_ID0_ID0,114) 0
HoldsAt(Meet_ID0_ID0,115) 0
HoldsAt(Meet_ID0_ID0,116) 0
HoldsAt(Meet_ID0_ID0,117) 0
HoldsAt(Meet_ID0_ID0,118) 0
HoldsAt(Meet_ID0_ID0,119) 0
HoldsAt(Meet_ID0_ID0,120) 0
HoldsAt(Meet_ID0_ID0,121) 0
HoldsAt(Meet_ID0_ID0,122) 0
HoldsAt(Meet_ID0_ID0,123) 0
HoldsAt(Meet_ID0_ID0,124) 0
HoldsAt(Meet_ID0_ID0,125) 0
HoldsAt(Meet_ID0_ID0,126) 0
HoldsAt(Meet_ID0_ID0,127) 0
HoldsAt(Meet_ID0_ID0,128) 0
HoldsAt(Meet_ID0_ID0,129) 0
HoldsAt(Meet_ID0_ID0,130) 0
HoldsAt(Meet_ID0_ID0,131) 0
HoldsAt(Meet_ID0_ID0,132) 0
HoldsAt(Meet_ID0_ID0,133) 0
HoldsAt(Meet_ID0_ID0,134) 0
HoldsAt(Meet_ID0_ID0,135) 0
HoldsAt(Meet_ID0_ID0,136) 0
HoldsAt(Meet_ID0_ID0,137) 0
HoldsAt(Meet_ID0_ID0,138) 0
HoldsAt(Meet_ID0_ID0,139) 0
HoldsAt(Meet_ID0_ID0,140) 0
HoldsAt(Meet_ID0_ID0,141) 0
HoldsAt(Meet_ID0_ID0,142) 0
HoldsAt(Meet_ID0_ID0,143) 0
HoldsAt(Meet_ID0_ID0,144) 0
HoldsAt(Meet_ID0_ID0,145) 0
HoldsAt(Meet_ID0_ID0,146) 0
HoldsAt(Meet_ID0_ID0,147) 0
HoldsAt(Meet_ID0_ID0,148) 0
HoldsAt(Meet_ID0_ID0,149) 0
HoldsAt(Meet_ID0_ID0,150) 0
HoldsAt(Meet_ID0_ID0,151) 0
HoldsAt(Meet_ID0_ID0,152) 0
HoldsAt(Meet_ID0_ID0,153) 0
HoldsAt(Meet_ID0_ID0,154) 0
HoldsAt(Meet_ID0_ID0,155) 0
HoldsAt(Meet_ID0_ID0,156) 0
HoldsAt(Meet_ID0_ID0,157) 0
HoldsAt(Meet_ID0_ID0,158) 0
HoldsAt(Meet_ID0_ID0,159) 0
HoldsAt(Meet_ID0_ID0,160) 0
HoldsAt(Meet_ID0_ID0,161) 0
HoldsAt(Meet_ID0_ID0,162) 0
HoldsAt(Meet_ID0_ID0,163) 0
HoldsAt(Meet_ID0_ID0,164) 0
HoldsAt(Meet_ID0_ID0,165) 0
HoldsAt(Meet_ID0_ID0,166) 0
HoldsAt(Meet_ID0_ID0,167) 0
HoldsAt(Meet_ID0_ID0,168) 0
HoldsAt(Meet_ID0_ID0,169) 0
HoldsAt(Meet_ID0_ID0,170) 0
HoldsAt(Meet_ID0_ID0,171) 0
HoldsAt(Meet_ID0_ID0,172) 0
HoldsAt(Meet_ID0_ID0,173) 0
HoldsAt(Meet_ID0_ID0,174) 0
HoldsAt(Meet_ID0_ID0,175) 0
HoldsAt(Meet_ID0_ID0,176) 0
HoldsAt(Meet_ID0_ID0,177) 0
HoldsAt(Meet_ID0_ID0,178) 0
HoldsAt(Meet_ID0_ID0,179) 0
HoldsAt(Meet_ID0_ID0,180) 0
HoldsAt(Meet_ID0_ID0,181) 0
HoldsAt(Meet_ID0_ID0,182) 0
HoldsAt(Meet_ID0_ID0,183) 0
HoldsAt(Meet_ID0_ID0,184) 0
HoldsAt(Meet_ID0_ID0,185) 0
HoldsAt(Meet_ID0_ID0,186) 0
HoldsAt(Meet_ID0_ID0,187) 0
HoldsAt(Meet_ID0_ID0,188) 0
HoldsAt(Meet_ID0_ID0,189) 0
HoldsAt(Meet_ID0_ID0,190) 0
HoldsAt(Meet_ID0_ID0,191) 0
HoldsAt(Meet_ID0_ID0,192) 0
HoldsAt(Meet_ID0_ID0,193) 0
HoldsAt(Meet_ID0_ID0,194) 0
HoldsAt(Meet_ID0_ID0,195) 0
HoldsAt(Meet_ID0_ID0,196) 0
HoldsAt(Meet_ID0_ID0,197) 0
HoldsAt(Meet_ID0_ID0,198) 0
HoldsAt(Meet_ID0_ID0,199) 0
HoldsAt(Meet_ID0_ID0,200) 0
HoldsAt(Meet_ID0_ID0,201) 0
HoldsAt(Meet_ID0_ID0,202) 0
HoldsAt(Meet_ID0_ID0,203) 0
HoldsAt(Meet_ID0_ID0,204) 0
HoldsAt(Meet_ID0_ID0,205) 0
HoldsAt(Meet_ID0_ID0,206) 0
HoldsAt(Meet_ID0_ID0,207) 0
HoldsAt(Meet_ID0_ID0,208) 0
HoldsAt(Meet_ID0_ID0,209) 0
HoldsAt(Meet_ID0_ID0,210) 0
HoldsAt(Meet_ID0_ID0,211) 0
HoldsAt(Meet_ID0_ID0,212) 0
HoldsAt(Meet_ID0_ID0,213) 0
HoldsAt(Meet_ID0_ID0,214) 0
HoldsAt(Meet_ID0_ID0,215) 0
HoldsAt(Meet_ID0_ID0,216) 0
HoldsAt(Meet_ID0_ID0,217) 0
HoldsAt(Meet_ID0_ID0,218) 0
HoldsAt(Meet_ID0_ID0,219) 0
HoldsAt(Meet_ID0_ID0,220) 0
HoldsAt(Meet_ID0_ID0,221) 0
HoldsAt(Meet_ID0_ID0,222) 0
HoldsAt(Meet_ID0_ID0,223) 0
HoldsAt(Meet_ID0_ID0,224) 0
HoldsAt(Meet_ID0_ID0,225) 0
HoldsAt(Meet_ID0_ID0,226) 0
HoldsAt(Meet_ID0_ID0,227) 0
HoldsAt(Meet_ID0_ID0,228) 0
HoldsAt(Meet_ID0_ID0,229) 0
HoldsAt(Meet_ID0_ID0,230) 0
HoldsAt(Meet_ID0_ID0,231) 0
HoldsAt(Meet_ID0_ID0,232) 0
HoldsAt(Meet_ID0_ID0,233) 0
HoldsAt(Meet_ID0_ID0,234) 0
HoldsAt(Meet_ID0_ID0,235) 0
HoldsAt(Meet_ID0_ID0,236) 0
HoldsAt(Meet_ID0_ID0,237) 0
HoldsAt(Meet_ID0_ID0,238) 0
HoldsAt(Meet_ID0_ID0,239) 0
HoldsAt(Meet_ID0_ID0,240) 0
HoldsAt(Meet_ID0_ID0,241) 0
HoldsAt(Meet_ID0_ID0,242) 0
HoldsAt(Meet_ID0_ID0,243) 0
HoldsAt(Meet_ID0_ID0,244) 0
HoldsAt(Meet_ID0_ID0,245) 0
HoldsAt(Meet_ID0_ID0,246) 0
HoldsAt(Meet_ID0_ID0,247) 0
HoldsAt(Meet_ID0_ID0,248) 0
HoldsAt(Meet_ID0_ID0,249) 0
HoldsAt(Meet_ID0_ID0,250) 0
HoldsAt(Meet_ID0_ID0,251) 0
HoldsAt(Meet_ID0_ID0,252) 0
HoldsAt(Meet_ID0_ID0,253) 0
HoldsAt(Meet_ID0_ID0,254) 0
HoldsAt(Meet_ID0_ID0,255) 0
HoldsAt(Meet_ID0_ID0,256) 0
HoldsAt(Meet_ID0_ID0,257) 0
HoldsAt(Meet_ID0_ID0,258) 0
HoldsAt(Meet_ID0_ID0,259) 0
HoldsAt(Meet_ID0_ID0,260) 0
HoldsAt(Meet_ID0_ID0,261) 0
HoldsAt(Meet_ID0_ID0,262) 0
HoldsAt(Meet_ID0_ID0,263) 0
HoldsAt(Meet_ID0_ID0,264) 0
HoldsAt(Meet_ID0_ID0,265) 0
HoldsAt(Meet_ID0_ID0,266) 0
HoldsAt(Meet_ID0_ID0,267) 0
HoldsAt(Meet_ID0_ID0,268) 0
HoldsAt(Meet_ID0_ID0,269) 0
HoldsAt(Meet_ID0_ID0,270) 0
HoldsAt(Meet_ID0_ID0,271) 0
HoldsAt(Meet_ID0_ID0,272) 0
HoldsAt(Meet_ID0_ID0,273) 0
HoldsAt(Meet_ID0_ID0,274) 0
HoldsAt(Meet_ID0_ID0,275) 0
HoldsAt(Meet_ID0_ID0,276) 0
HoldsAt(Meet_ID0_ID0,277) 0
HoldsAt(Meet_ID0_ID0,278) 0
HoldsAt(Meet_ID0_ID0,279) 0
HoldsAt(Meet_ID0_ID0,280) 0
HoldsAt(Meet_ID0_ID0,281) 0
HoldsAt(Meet_ID0_ID0,282) 0
HoldsAt(Meet_ID0_ID0,283) 0
HoldsAt(Meet_ID0_ID0,284) 0
HoldsAt(Meet_ID0_ID0,285) 0
HoldsAt(Meet_ID0_ID0,286) 0
HoldsAt(Meet_ID0_ID0,287) 0
HoldsAt(Meet_ID0_ID0,288) 0
HoldsAt(Meet_ID0_ID0,289) 0
HoldsAt(Meet_ID0_ID0,290) 0
HoldsAt(Meet_ID0_ID0,291) 0
HoldsAt(Meet_ID0_ID0,292) 0
HoldsAt(Meet_ID0_ID0,293) 0
HoldsAt(Meet_ID0_ID0,294) 0
HoldsAt(Meet_ID0_ID0,295) 0
HoldsAt(Meet_ID0_ID0,296) 0
HoldsAt(Meet_ID0_ID0,297) 0
HoldsAt(Meet_ID0_ID0,298) 0
HoldsAt(Meet_ID0_ID0,299) 0
HoldsAt(Meet_ID0_ID0,300) 0
HoldsAt(Meet_ID0_ID0,301) 0
HoldsAt(Meet_ID0_ID0,302) 0
HoldsAt(Meet_ID0_ID0,303) 0
HoldsAt(Meet_ID0_ID0,304) 0
HoldsAt(Meet_ID0_ID0,305) 0
HoldsAt(Meet_ID0_ID0,306) 0
HoldsAt(Meet_ID0_ID0,307) 0
HoldsAt(Meet_ID0_ID0,308) 0
HoldsAt(Meet_ID0_ID0,309) 0
HoldsAt(Meet_ID0_ID0,310) 0
HoldsAt(Meet_ID0_ID0,311) 0
HoldsAt(Meet_ID0_ID0,312) 0
HoldsAt(Meet_ID0_ID0,313) 0
HoldsAt(Meet_ID0_ID0,314) 0
HoldsAt(Meet_ID0_ID0,315) 0
HoldsAt(Meet_ID0_ID0,316) 0
HoldsAt(Meet_ID0_ID0,317) 0
HoldsAt(Meet_ID0_ID0,318) 0
HoldsAt(Meet_ID0_ID0,319) 0
HoldsAt(Meet_ID0_ID0,320) 0
HoldsAt(Meet_ID0_ID0,321) 0
HoldsAt(Meet_ID0_ID0,322) 0
HoldsAt(Meet_ID0_ID0,323) 0
HoldsAt(Meet_ID0_ID0,324) 0
HoldsAt(Meet_ID0_ID0,325) 0
HoldsAt(Meet_ID0_ID0,326) 0
HoldsAt(Meet_ID0_ID0,327) 0
HoldsAt(Meet_ID0_ID0,328) 0
HoldsAt(Meet_ID0_ID0,329) 0
HoldsAt(Meet_ID0_ID0,330) 0
HoldsAt(Meet_ID0_ID0,331) 0
HoldsAt(Meet_ID0_ID0,332) 0
HoldsAt(Meet_ID0_ID0,333) 0
HoldsAt(Meet_ID0_ID0,334) 0
HoldsAt(Meet_ID0_ID0,335) 0
HoldsAt(Meet_ID0_ID0,336) 0
HoldsAt(Meet_ID0_ID0,337) 0
HoldsAt(Meet_ID0_ID0,338) 0
HoldsAt(Meet_ID0_ID0,339) 0
HoldsAt(Meet_ID0_ID0,340) 0
HoldsAt(Meet_ID0_ID0,341) 0
HoldsAt(Meet_ID0_ID0,342) 0
HoldsAt(Meet_ID0_ID0,343) 0
HoldsAt(Meet_ID0_ID0,344) 0
HoldsAt(Meet_ID0_ID0,345) 0
HoldsAt(Meet_ID0_ID0,346) 0
HoldsAt(Meet_ID0_ID0,347) 0
HoldsAt(Meet_ID0_ID0,348) 0
HoldsAt(Meet_ID0_ID0,349) 0
HoldsAt(Meet_ID0_ID0,350) 0
HoldsAt(Meet_ID0_ID0,351) 0
HoldsAt(Meet_ID0_ID0,352) 0
HoldsAt(Meet_ID0_ID0,353) 0
HoldsAt(Meet_ID0_ID0,354) 0
HoldsAt(Meet_ID0_ID0,355) 0
HoldsAt(Meet_ID0_ID0,356) 0
HoldsAt(Meet_ID0_ID0,357) 0
HoldsAt(Meet_ID0_ID0,358) 0
HoldsAt(Meet_ID0_ID0,359) 0
HoldsAt(Meet_ID0_ID0,360) 0
HoldsAt(Meet_ID0_ID0,361) 0
HoldsAt(Meet_ID0_ID0,362) 0
HoldsAt(Meet_ID0_ID0,363) 0
HoldsAt(Meet_ID0_ID0,364) 0
HoldsAt(Meet_ID0_ID0,365) 0
HoldsAt(Meet_ID0_ID0,366) 0
HoldsAt(Meet_ID0_ID0,367) 0
HoldsAt(Meet_ID0_ID0,368) 0
HoldsAt(Meet_ID0_ID0,369) 0
HoldsAt(Meet_ID0_ID0,370) 0
HoldsAt(Meet_ID0_ID0,371) 0
HoldsAt(Meet_ID0_ID0,372) 0
HoldsAt(Meet_ID0_ID0,373) 0
HoldsAt(Meet_ID0_ID0,374) 0
HoldsAt(Meet_ID0_ID0,375) 0
HoldsAt(Meet_ID0_ID0,376) 0
HoldsAt(Meet_ID0_ID0,377) 0
HoldsAt(Meet_ID0_ID2,31) 0
HoldsAt(Meet_ID0_ID2,32) 0
HoldsAt(Meet_ID0_ID2,33) 0
HoldsAt(Meet_ID0_ID2,34) 0
HoldsAt(Meet_ID0_ID2,35) 0
HoldsAt(Meet_ID0_ID2,36) 0
HoldsAt(Meet_ID0_ID2,37) 0
HoldsAt(Meet_ID0_ID2,38) 0
HoldsAt(Meet_ID0_ID2,39) 0
HoldsAt(Meet_ID0_ID2,40) 0
HoldsAt(Meet_ID0_ID2,41) 0
HoldsAt(Meet_ID0_ID2,42) 0
HoldsAt(Meet_ID0_ID2,43) 0
HoldsAt(Meet_ID0_ID2,44) 0
HoldsAt(Meet_ID0_ID2,45) 0
HoldsAt(Meet_ID0_ID2,46) 0
HoldsAt(Meet_ID0_ID2,47) 0
HoldsAt(Meet_ID0_ID2,48) 0
HoldsAt(Meet_ID0_ID2,49) 0
HoldsAt(Meet_ID0_ID2,50) 0
HoldsAt(Meet_ID0_ID2,51) 0
HoldsAt(Meet_ID0_ID2,52) 0
HoldsAt(Meet_ID0_ID2,53) 0
HoldsAt(Meet_ID0_ID2,54) 0
HoldsAt(Meet_ID0_ID2,55) 0
HoldsAt(Meet_ID0_ID2,56) 0
HoldsAt(Meet_ID0_ID2,57) 0
HoldsAt(Meet_ID0_ID2,58) 0
HoldsAt(Meet_ID0_ID2,59) 0
HoldsAt(Meet_ID0_ID2,60) 0
HoldsAt(Meet_ID0_ID2,61) 0
HoldsAt(Meet_ID0_ID2,62) 0
HoldsAt(Meet_ID0_ID2,63) 0
HoldsAt(Meet_ID0_ID2,64) 0
HoldsAt(Meet_ID0_ID2,65) 0
HoldsAt(Meet_ID0_ID2,66) 0
HoldsAt(Meet_ID0_ID2,67) 0
HoldsAt(Meet_ID0_ID2,68) 0
HoldsAt(Meet_ID0_ID2,69) 0
HoldsAt(Meet_ID0_ID2,70) 0
HoldsAt(Meet_ID0_ID2,71) 0
HoldsAt(Meet_ID0_ID2,72) 0
HoldsAt(Meet_ID0_ID2,73) 0
HoldsAt(Meet_ID0_ID2,74) 0
HoldsAt(Meet_ID0_ID2,75) 0
HoldsAt(Meet_ID0_ID2,76) 0
HoldsAt(Meet_ID0_ID2,77) 0
HoldsAt(Meet_ID0_ID2,78) 0
HoldsAt(Meet_ID0_ID2,79) 0
HoldsAt(Meet_ID0_ID2,80) 0
HoldsAt(Meet_ID0_ID2,81) 0
HoldsAt(Meet_ID0_ID2,82) 0
HoldsAt(Meet_ID0_ID2,83) 0
HoldsAt(Meet_ID0_ID2,84) 0
HoldsAt(Meet_ID0_ID2,85) 0
HoldsAt(Meet_ID0_ID2,86) 0
HoldsAt(Meet_ID0_ID2,87) 0
HoldsAt(Meet_ID0_ID2,88) 0
HoldsAt(Meet_ID0_ID2,89) 0
HoldsAt(Meet_ID0_ID2,90) 0
HoldsAt(Meet_ID0_ID2,91) 0
HoldsAt(Meet_ID0_ID2,92) 0
HoldsAt(Meet_ID0_ID2,93) 0
HoldsAt(Meet_ID0_ID2,94) 0
HoldsAt(Meet_ID0_ID2,95) 0
HoldsAt(Meet_ID0_ID2,96) 0
HoldsAt(Meet_ID0_ID2,97) 0
HoldsAt(Meet_ID0_ID2,98) 0
HoldsAt(Meet_ID0_ID2,99) 0
HoldsAt(Meet_ID0_ID2,100) 0
HoldsAt(Meet_ID0_ID2,101) 0
HoldsAt(Meet_ID0_ID2,102) 0
HoldsAt(Meet_ID0_ID2,103) 0
HoldsAt(Meet_ID0_ID2,104) 0
HoldsAt(Meet_ID0_ID2,105) 0
HoldsAt(Meet_ID0_ID2,106) 0
HoldsAt(Meet_ID0_ID2,107) 0
HoldsAt(Meet_ID0_ID2,108) 0
HoldsAt(Meet_ID0_ID2,109) 0
HoldsAt(Meet_ID0_ID2,110) 0
HoldsAt(Meet_ID0_ID2,111) 0
HoldsAt(Meet_ID0_ID2,112) 0
HoldsAt(Meet_ID0_ID2,113) 0
HoldsAt(Meet_ID0_ID2,114) 0
HoldsAt(Meet_ID0_ID2,115) 0
HoldsAt(Meet_ID0_ID2,116) 0
HoldsAt(Meet_ID0_ID2,117) 0
HoldsAt(Meet_ID0_ID2,118) 0
HoldsAt(Meet_ID0_ID2,119) 0
HoldsAt(Meet_ID0_ID2,120) 0
HoldsAt(Meet_ID0_ID2,121) 0
HoldsAt(Meet_ID0_ID2,122) 0
HoldsAt(Meet_ID0_ID2,123) 0
HoldsAt(Meet_ID0_ID2,124) 0
HoldsAt(Meet_ID0_ID2,125) 0
HoldsAt(Meet_ID0_ID2,126) 0
HoldsAt(Meet_ID0_ID2,127) 0
HoldsAt(Meet_ID0_ID2,128) 0
HoldsAt(Meet_ID0_ID2,129) 0
HoldsAt(Meet_ID0_ID2,130) 0
HoldsAt(Meet_ID0_ID2,131) 0
HoldsAt(Meet_ID0_ID2,132) 0
HoldsAt(Meet_ID0_ID2,133) 0
HoldsAt(Meet_ID0_ID2,134) 0
HoldsAt(Meet_ID0_ID2,135) 0
HoldsAt(Meet_ID0_ID2,136) 0
HoldsAt(Meet_ID0_ID2,137) 0
HoldsAt(Meet_ID0_ID2,138) 0
HoldsAt(Meet_ID0_ID2,139) 0
HoldsAt(Meet_ID0_ID2,140) 0
HoldsAt(Meet_ID0_ID2,141) 0
HoldsAt(Meet_ID0_ID2,142) 0
HoldsAt(Meet_ID0_ID2,143) 0
HoldsAt(Meet_ID0_ID2,144) 0
HoldsAt(Meet_ID0_ID2,145) 0
HoldsAt(Meet_ID0_ID2,146) 0
HoldsAt(Meet_ID0_ID2,147) 0
HoldsAt(Meet_ID0_ID2,148) 0
HoldsAt(Meet_ID0_ID2,149) 0
HoldsAt(Meet_ID0_ID2,150) 0
HoldsAt(Meet_ID0_ID2,151) 0
HoldsAt(Meet_ID0_ID2,152) 0
HoldsAt(Meet_ID0_ID2,153) 0
HoldsAt(Meet_ID0_ID2,154) 0
HoldsAt(Meet_ID0_ID2,155) 0
HoldsAt(Meet_ID0_ID2,156) 0
HoldsAt(Meet_ID0_ID2,157) 0
HoldsAt(Meet_ID0_ID2,158) 0
HoldsAt(Meet_ID0_ID2,159) 0
HoldsAt(Meet_ID0_ID2,160) 0
HoldsAt(Meet_ID0_ID2,161) 0
HoldsAt(Meet_ID0_ID2,162) 0
HoldsAt(Meet_ID0_ID2,163) 0
HoldsAt(Meet_ID0_ID2,164) 0
HoldsAt(Meet_ID0_ID2,165) 0
HoldsAt(Meet_ID0_ID2,166) 0
HoldsAt(Meet_ID0_ID2,167) 0
HoldsAt(Meet_ID0_ID2,168) 0
HoldsAt(Meet_ID0_ID2,169) 0
HoldsAt(Meet_ID0_ID2,170) 0
HoldsAt(Meet_ID0_ID2,171) 0
HoldsAt(Meet_ID0_ID2,172) 0
HoldsAt(Meet_ID0_ID2,173) 0
HoldsAt(Meet_ID0_ID2,174) 0
HoldsAt(Meet_ID0_ID2,175) 0
HoldsAt(Meet_ID0_ID2,176) 0
HoldsAt(Meet_ID0_ID2,177) 0
HoldsAt(Meet_ID0_ID2,178) 0
HoldsAt(Meet_ID0_ID2,179) 0
HoldsAt(Meet_ID0_ID2,180) 0
HoldsAt(Meet_ID0_ID2,181) 0
HoldsAt(Meet_ID0_ID2,182) 0
HoldsAt(Meet_ID0_ID2,183) 0
HoldsAt(Meet_ID0_ID2,184) 0
HoldsAt(Meet_ID0_ID2,185) 0
HoldsAt(Meet_ID0_ID2,186) 0
HoldsAt(Meet_ID0_ID2,187) 0
HoldsAt(Meet_ID0_ID2,188) 0
HoldsAt(Meet_ID0_ID2,189) 0
HoldsAt(Meet_ID0_ID2,190) 0
HoldsAt(Meet_ID0_ID2,191) 0
HoldsAt(Meet_ID0_ID2,192) 0
HoldsAt(Meet_ID0_ID2,193) 0
HoldsAt(Meet_ID0_ID2,194) 0
HoldsAt(Meet_ID0_ID2,195) 0
HoldsAt(Meet_ID0_ID2,196) 0
HoldsAt(Meet_ID0_ID2,197) 0
HoldsAt(Meet_ID0_ID2,198) 0
HoldsAt(Meet_ID0_ID2,199) 0
HoldsAt(Meet_ID0_ID2,200) 0
HoldsAt(Meet_ID0_ID2,201) 0
HoldsAt(Meet_ID0_ID2,202) 0
HoldsAt(Meet_ID0_ID2,203) 0
HoldsAt(Meet_ID0_ID2,204) 0
HoldsAt(Meet_ID0_ID2,205) 0
HoldsAt(Meet_ID0_ID2,206) 0
HoldsAt(Meet_ID0_ID2,207) 0
HoldsAt(Meet_ID0_ID2,208) 0
HoldsAt(Meet_ID0_ID2,209) 0
HoldsAt(Meet_ID0_ID2,210) 0
HoldsAt(Meet_ID0_ID2,211) 0
HoldsAt(Meet_ID0_ID2,212) 0
HoldsAt(Meet_ID0_ID2,213) 0
HoldsAt(Meet_ID0_ID2,214) 0
HoldsAt(Meet_ID0_ID2,215) 0
HoldsAt(Meet_ID0_ID2,216) 0
HoldsAt(Meet_ID0_ID2,217) 0
HoldsAt(Meet_ID0_ID2,218) 0
HoldsAt(Meet_ID0_ID2,219) 0
HoldsAt(Meet_ID0_ID2,220) 0
HoldsAt(Meet_ID0_ID2,221) 0
HoldsAt(Meet_ID0_ID2,222) 0
HoldsAt(Meet_ID0_ID2,223) 0
HoldsAt(Meet_ID0_ID2,224) 0
HoldsAt(Meet_ID0_ID2,225) 0
HoldsAt(Meet_ID0_ID2,226) 0
HoldsAt(Meet_ID0_ID2,227) 0
HoldsAt(Meet_ID0_ID2,228) 0
HoldsAt(Meet_ID0_ID2,229) 0
HoldsAt(Meet_ID0_ID2,230) 0
HoldsAt(Meet_ID0_ID2,231) 0
HoldsAt(Meet_ID0_ID2,232) 0
HoldsAt(Meet_ID0_ID2,233) 0
HoldsAt(Meet_ID0_ID2,234) 0
HoldsAt(Meet_ID0_ID2,235) 0
HoldsAt(Meet_ID0_ID2,236) 0
HoldsAt(Meet_ID0_ID2,237) 0
HoldsAt(Meet_ID0_ID2,238) 0
HoldsAt(Meet_ID0_ID2,239) 0
HoldsAt(Meet_ID0_ID2,240) 0
HoldsAt(Meet_ID0_ID2,241) 0
HoldsAt(Meet_ID0_ID2,242) 0
HoldsAt(Meet_ID0_ID2,243) 0
HoldsAt(Meet_ID0_ID2,244) 0
HoldsAt(Meet_ID0_ID2,245) 0
HoldsAt(Meet_ID0_ID2,246) 0
HoldsAt(Meet_ID0_ID2,247) 0
HoldsAt(Meet_ID0_ID2,248) 0
HoldsAt(Meet_ID0_ID2,249) 0
HoldsAt(Meet_ID0_ID2,250) 0
HoldsAt(Meet_ID0_ID2,251) 0
HoldsAt(Meet_ID0_ID2,252) 0
HoldsAt(Meet_ID0_ID2,253) 0
HoldsAt(Meet_ID0_ID2,254) 0
HoldsAt(Meet_ID0_ID2,255) 0
HoldsAt(Meet_ID0_ID2,256) 0
HoldsAt(Meet_ID0_ID2,257) 0
HoldsAt(Meet_ID0_ID2,258) 0
HoldsAt(Meet_ID0_ID2,259) 0
HoldsAt(Meet_ID0_ID2,260) 0
HoldsAt(Meet_ID0_ID2,261) 0
HoldsAt(Meet_ID0_ID2,262) 0
HoldsAt(Meet_ID0_ID2,263) 0
HoldsAt(Meet_ID0_ID2,264) 0
HoldsAt(Meet_ID0_ID2,265) 0
HoldsAt(Meet_ID0_ID2,266) 0
HoldsAt(Meet_ID0_ID2,267) 0
HoldsAt(Meet_ID0_ID2,268) 0
HoldsAt(Meet_ID0_ID2,269) 0
HoldsAt(Meet_ID0_ID2,270) 0
HoldsAt(Meet_ID0_ID2,271) 0
HoldsAt(Meet_ID0_ID2,272) 0
HoldsAt(Meet_ID0_ID2,273) 0
HoldsAt(Meet_ID0_ID2,274) 0
HoldsAt(Meet_ID0_ID2,275) 0
HoldsAt(Meet_ID0_ID2,276) 0
HoldsAt(Meet_ID0_ID2,277) 0
HoldsAt(Meet_ID0_ID2,278) 0
HoldsAt(Meet_ID0_ID2,279) 0
HoldsAt(Meet_ID0_ID2,280) 0
HoldsAt(Meet_ID0_ID2,281) 0
HoldsAt(Meet_ID0_ID2,282) 0
HoldsAt(Meet_ID0_ID2,283) 0
HoldsAt(Meet_ID0_ID2,284) 0
HoldsAt(Meet_ID0_ID2,285) 0
HoldsAt(Meet_ID0_ID2,286) 0
HoldsAt(Meet_ID0_ID2,287) 0
HoldsAt(Meet_ID0_ID2,288) 0
HoldsAt(Meet_ID0_ID2,289) 0
HoldsAt(Meet_ID0_ID2,290) 0
HoldsAt(Meet_ID0_ID2,291) 0
HoldsAt(Meet_ID0_ID2,292) 0
HoldsAt(Meet_ID0_ID2,293) 0
HoldsAt(Meet_ID0_ID2,294) 0
HoldsAt(Meet_ID0_ID2,295) 0
HoldsAt(Meet_ID0_ID2,296) 0
HoldsAt(Meet_ID0_ID2,297) 0
HoldsAt(Meet_ID0_ID2,298) 0
HoldsAt(Meet_ID0_ID2,299) 0
HoldsAt(Meet_ID0_ID2,300) 0
HoldsAt(Meet_ID0_ID2,301) 0
HoldsAt(Meet_ID0_ID2,302) 0
HoldsAt(Meet_ID0_ID2,303) 0
HoldsAt(Meet_ID0_ID2,304) 0
HoldsAt(Meet_ID0_ID2,305) 0
HoldsAt(Meet_ID0_ID2,306) 0
HoldsAt(Meet_ID0_ID2,307) 0
HoldsAt(Meet_ID0_ID2,308) 0
HoldsAt(Meet_ID0_ID2,309) 0
HoldsAt(Meet_ID0_ID2,310) 0
HoldsAt(Meet_ID0_ID2,311) 0
HoldsAt(Meet_ID0_ID2,312) 0
HoldsAt(Meet_ID0_ID2,313) 0
HoldsAt(Meet_ID0_ID2,314) 0
HoldsAt(Meet_ID0_ID2,315) 0
HoldsAt(Meet_ID0_ID2,316) 0
HoldsAt(Meet_ID0_ID2,317) 0
HoldsAt(Meet_ID0_ID2,318) 0
HoldsAt(Meet_ID0_ID2,319) 0
HoldsAt(Meet_ID0_ID2,320) 0
HoldsAt(Meet_ID0_ID2,321) 0
HoldsAt(Meet_ID0_ID2,322) 0
HoldsAt(Meet_ID0_ID2,323) 0
HoldsAt(Meet_ID0_ID2,324) 0
HoldsAt(Meet_ID0_ID2,325) 0
HoldsAt(Meet_ID0_ID2,326) 0
HoldsAt(Meet_ID0_ID2,327) 0
HoldsAt(Meet_ID0_ID2,328) 0
HoldsAt(Meet_ID0_ID2,329) 0
HoldsAt(Meet_ID0_ID2,330) 0
HoldsAt(Meet_ID0_ID2,331) 0
HoldsAt(Meet_ID0_ID2,332) 0
HoldsAt(Meet_ID0_ID2,333) 0
HoldsAt(Meet_ID0_ID2,334) 0
HoldsAt(Meet_ID0_ID2,335) 0
HoldsAt(Meet_ID0_ID2,336) 0
HoldsAt(Meet_ID0_ID2,337) 0
HoldsAt(Meet_ID0_ID2,338) 0
HoldsAt(Meet_ID0_ID2,339) 0
HoldsAt(Meet_ID0_ID2,340) 0
HoldsAt(Meet_ID0_ID2,341) 0
HoldsAt(Meet_ID0_ID2,342) 0
HoldsAt(Meet_ID0_ID2,343) 0
HoldsAt(Meet_ID0_ID2,344) 0
HoldsAt(Meet_ID0_ID2,345) 0
HoldsAt(Meet_ID0_ID2,346) 0
HoldsAt(Meet_ID0_ID2,347) 0
HoldsAt(Meet_ID0_ID2,348) 0
HoldsAt(Meet_ID0_ID2,349) 0
HoldsAt(Meet_ID0_ID2,350) 0
HoldsAt(Meet_ID0_ID2,351) 0
HoldsAt(Meet_ID0_ID2,352) 0
HoldsAt(Meet_ID0_ID2,353) 0
HoldsAt(Meet_ID0_ID2,354) 0
HoldsAt(Meet_ID0_ID2,355) 0
HoldsAt(Meet_ID0_ID2,356) 0
HoldsAt(Meet_ID0_ID2,357) 0
HoldsAt(Meet_ID0_ID2,358) 0
HoldsAt(Meet_ID0_ID2,359) 0
HoldsAt(Meet_ID0_ID2,360) 0
HoldsAt(Meet_ID0_ID2,361) 0
HoldsAt(Meet_ID0_ID2,362) 0
HoldsAt(Meet_ID0_ID2,363) 0
HoldsAt(Meet_ID0_ID2,364) 0
HoldsAt(Meet_ID0_ID2,365) 0
HoldsAt(Meet_ID0_ID2,366) 0
HoldsAt(Meet_ID0_ID2,367) 0
HoldsAt(Meet_ID0_ID2,368) 0
HoldsAt(Meet_ID0_ID2,369) 0
HoldsAt(Meet_ID0_ID2,370) 0
HoldsAt(Meet_ID0_ID2,371) 0
HoldsAt(Meet_ID0_ID2,372) 0
HoldsAt(Meet_ID0_ID2,373) 0
HoldsAt(Meet_ID0_ID2,374) 0
HoldsAt(Meet_ID0_ID2,375) 0
HoldsAt(Meet_ID0_ID2,376) 0
HoldsAt(Meet_ID0_ID2,377) 0
HoldsAt(Meet_ID2_ID0,31) 0
HoldsAt(Meet_ID2_ID0,32) 0
HoldsAt(Meet_ID2_ID0,33) 0
HoldsAt(Meet_ID2_ID0,34) 0
HoldsAt(Meet_ID2_ID0,35) 0
HoldsAt(Meet_ID2_ID0,36) 0
HoldsAt(Meet_ID2_ID0,37) 0
HoldsAt(Meet_ID2_ID0,38) 0
HoldsAt(Meet_ID2_ID0,39) 0
HoldsAt(Meet_ID2_ID0,40) 0
HoldsAt(Meet_ID2_ID0,41) 0
HoldsAt(Meet_ID2_ID0,42) 0
HoldsAt(Meet_ID2_ID0,43) 0
HoldsAt(Meet_ID2_ID0,44) 0
HoldsAt(Meet_ID2_ID0,45) 0
HoldsAt(Meet_ID2_ID0,46) 0
HoldsAt(Meet_ID2_ID0,47) 0
HoldsAt(Meet_ID2_ID0,48) 0
HoldsAt(Meet_ID2_ID0,49) 0
HoldsAt(Meet_ID2_ID0,50) 0
HoldsAt(Meet_ID2_ID0,51) 0
HoldsAt(Meet_ID2_ID0,52) 0
HoldsAt(Meet_ID2_ID0,53) 0
HoldsAt(Meet_ID2_ID0,54) 0
HoldsAt(Meet_ID2_ID0,55) 0
HoldsAt(Meet_ID2_ID0,56) 0
HoldsAt(Meet_ID2_ID0,57) 0
HoldsAt(Meet_ID2_ID0,58) 0
HoldsAt(Meet_ID2_ID0,59) 0
HoldsAt(Meet_ID2_ID0,60) 0
HoldsAt(Meet_ID2_ID0,61) 0
HoldsAt(Meet_ID2_ID0,62) 0
HoldsAt(Meet_ID2_ID0,63) 0
HoldsAt(Meet_ID2_ID0,64) 0
HoldsAt(Meet_ID2_ID0,65) 0
HoldsAt(Meet_ID2_ID0,66) 0
HoldsAt(Meet_ID2_ID0,67) 0
HoldsAt(Meet_ID2_ID0,68) 0
HoldsAt(Meet_ID2_ID0,69) 0
HoldsAt(Meet_ID2_ID0,70) 0
HoldsAt(Meet_ID2_ID0,71) 0
HoldsAt(Meet_ID2_ID0,72) 0
HoldsAt(Meet_ID2_ID0,73) 0
HoldsAt(Meet_ID2_ID0,74) 0
HoldsAt(Meet_ID2_ID0,75) 0
HoldsAt(Meet_ID2_ID0,76) 0
HoldsAt(Meet_ID2_ID0,77) 0
HoldsAt(Meet_ID2_ID0,78) 0
HoldsAt(Meet_ID2_ID0,79) 0
HoldsAt(Meet_ID2_ID0,80) 0
HoldsAt(Meet_ID2_ID0,81) 0
HoldsAt(Meet_ID2_ID0,82) 0
HoldsAt(Meet_ID2_ID0,83) 0
HoldsAt(Meet_ID2_ID0,84) 0
HoldsAt(Meet_ID2_ID0,85) 0
HoldsAt(Meet_ID2_ID0,86) 0
HoldsAt(Meet_ID2_ID0,87) 0
HoldsAt(Meet_ID2_ID0,88) 0
HoldsAt(Meet_ID2_ID0,89) 0
HoldsAt(Meet_ID2_ID0,90) 0
HoldsAt(Meet_ID2_ID0,91) 0
HoldsAt(Meet_ID2_ID0,92) 0
HoldsAt(Meet_ID2_ID0,93) 0
HoldsAt(Meet_ID2_ID0,94) 0
HoldsAt(Meet_ID2_ID0,95) 0
HoldsAt(Meet_ID2_ID0,96) 0
HoldsAt(Meet_ID2_ID0,97) 0
HoldsAt(Meet_ID2_ID0,98) 0
HoldsAt(Meet_ID2_ID0,99) 0
HoldsAt(Meet_ID2_ID0,100) 0
HoldsAt(Meet_ID2_ID0,101) 0
HoldsAt(Meet_ID2_ID0,102) 0
HoldsAt(Meet_ID2_ID0,103) 0
HoldsAt(Meet_ID2_ID0,104) 0
HoldsAt(Meet_ID2_ID0,105) 0
HoldsAt(Meet_ID2_ID0,106) 0
HoldsAt(Meet_ID2_ID0,107) 0
HoldsAt(Meet_ID2_ID0,108) 0
HoldsAt(Meet_ID2_ID0,109) 0
HoldsAt(Meet_ID2_ID0,110) 0
HoldsAt(Meet_ID2_ID0,111) 0
HoldsAt(Meet_ID2_ID0,112) 0
HoldsAt(Meet_ID2_ID0,113) 0
HoldsAt(Meet_ID2_ID0,114) 0
HoldsAt(Meet_ID2_ID0,115) 0
HoldsAt(Meet_ID2_ID0,116) 0
HoldsAt(Meet_ID2_ID0,117) 0
HoldsAt(Meet_ID2_ID0,118) 0
HoldsAt(Meet_ID2_ID0,119) 0
HoldsAt(Meet_ID2_ID0,120) 0
HoldsAt(Meet_ID2_ID0,121) 0
HoldsAt(Meet_ID2_ID0,122) 0
HoldsAt(Meet_ID2_ID0,123) 0
HoldsAt(Meet_ID2_ID0,124) 0
HoldsAt(Meet_ID2_ID0,125) 0
HoldsAt(Meet_ID2_ID0,126) 0
HoldsAt(Meet_ID2_ID0,127) 0
HoldsAt(Meet_ID2_ID0,128) 0
HoldsAt(Meet_ID2_ID0,129) 0
HoldsAt(Meet_ID2_ID0,130) 0
HoldsAt(Meet_ID2_ID0,131) 0
HoldsAt(Meet_ID2_ID0,132) 0
HoldsAt(Meet_ID2_ID0,133) 0
HoldsAt(Meet_ID2_ID0,134) 0
HoldsAt(Meet_ID2_ID0,135) 0
HoldsAt(Meet_ID2_ID0,136) 0
HoldsAt(Meet_ID2_ID0,137) 0
HoldsAt(Meet_ID2_ID0,138) 0
HoldsAt(Meet_ID2_ID0,139) 0
HoldsAt(Meet_ID2_ID0,140) 0
HoldsAt(Meet_ID2_ID0,141) 0
HoldsAt(Meet_ID2_ID0,142) 0
HoldsAt(Meet_ID2_ID0,143) 0
HoldsAt(Meet_ID2_ID0,144) 0
HoldsAt(Meet_ID2_ID0,145) 0
HoldsAt(Meet_ID2_ID0,146) 0
HoldsAt(Meet_ID2_ID0,147) 0
HoldsAt(Meet_ID2_ID0,148) 0
HoldsAt(Meet_ID2_ID0,149) 0
HoldsAt(Meet_ID2_ID0,150) 0
HoldsAt(Meet_ID2_ID0,151) 0
HoldsAt(Meet_ID2_ID0,152) 0
HoldsAt(Meet_ID2_ID0,153) 0
HoldsAt(Meet_ID2_ID0,154) 0
HoldsAt(Meet_ID2_ID0,155) 0
HoldsAt(Meet_ID2_ID0,156) 0
HoldsAt(Meet_ID2_ID0,157) 0
HoldsAt(Meet_ID2_ID0,158) 0
HoldsAt(Meet_ID2_ID0,159) 0
HoldsAt(Meet_ID2_ID0,160) 0
HoldsAt(Meet_ID2_ID0,161) 0
HoldsAt(Meet_ID2_ID0,162) 0
HoldsAt(Meet_ID2_ID0,163) 0
HoldsAt(Meet_ID2_ID0,164) 0
HoldsAt(Meet_ID2_ID0,165) 0
HoldsAt(Meet_ID2_ID0,166) 0
HoldsAt(Meet_ID2_ID0,167) 0
HoldsAt(Meet_ID2_ID0,168) 0
HoldsAt(Meet_ID2_ID0,169) 0
HoldsAt(Meet_ID2_ID0,170) 0
HoldsAt(Meet_ID2_ID0,171) 0
HoldsAt(Meet_ID2_ID0,172) 0
HoldsAt(Meet_ID2_ID0,173) 0
HoldsAt(Meet_ID2_ID0,174) 0
HoldsAt(Meet_ID2_ID0,175) 0
HoldsAt(Meet_ID2_ID0,176) 0
HoldsAt(Meet_ID2_ID0,177) 0
HoldsAt(Meet_ID2_ID0,178) 0
HoldsAt(Meet_ID2_ID0,179) 0
HoldsAt(Meet_ID2_ID0,180) 0
HoldsAt(Meet_ID2_ID0,181) 0
HoldsAt(Meet_ID2_ID0,182) 0
HoldsAt(Meet_ID2_ID0,183) 0
HoldsAt(Meet_ID2_ID0,184) 0
HoldsAt(Meet_ID2_ID0,185) 0
HoldsAt(Meet_ID2_ID0,186) 0
HoldsAt(Meet_ID2_ID0,187) 0
HoldsAt(Meet_ID2_ID0,188) 0
HoldsAt(Meet_ID2_ID0,189) 0
HoldsAt(Meet_ID2_ID0,190) 0
HoldsAt(Meet_ID2_ID0,191) 0
HoldsAt(Meet_ID2_ID0,192) 0
HoldsAt(Meet_ID2_ID0,193) 0
HoldsAt(Meet_ID2_ID0,194) 0
HoldsAt(Meet_ID2_ID0,195) 0
HoldsAt(Meet_ID2_ID0,196) 0
HoldsAt(Meet_ID2_ID0,197) 0
HoldsAt(Meet_ID2_ID0,198) 0
HoldsAt(Meet_ID2_ID0,199) 0
HoldsAt(Meet_ID2_ID0,200) 0
HoldsAt(Meet_ID2_ID0,201) 0
HoldsAt(Meet_ID2_ID0,202) 0
HoldsAt(Meet_ID2_ID0,203) 0
HoldsAt(Meet_ID2_ID0,204) 0
HoldsAt(Meet_ID2_ID0,205) 0
HoldsAt(Meet_ID2_ID0,206) 0
HoldsAt(Meet_ID2_ID0,207) 0
HoldsAt(Meet_ID2_ID0,208) 0
HoldsAt(Meet_ID2_ID0,209) 0
HoldsAt(Meet_ID2_ID0,210) 0
HoldsAt(Meet_ID2_ID0,211) 0
HoldsAt(Meet_ID2_ID0,212) 0
HoldsAt(Meet_ID2_ID0,213) 0
HoldsAt(Meet_ID2_ID0,214) 0
HoldsAt(Meet_ID2_ID0,215) 0
HoldsAt(Meet_ID2_ID0,216) 0
HoldsAt(Meet_ID2_ID0,217) 0
HoldsAt(Meet_ID2_ID0,218) 0
HoldsAt(Meet_ID2_ID0,219) 0
HoldsAt(Meet_ID2_ID0,220) 0
HoldsAt(Meet_ID2_ID0,221) 0
HoldsAt(Meet_ID2_ID0,222) 0
HoldsAt(Meet_ID2_ID0,223) 0
HoldsAt(Meet_ID2_ID0,224) 0
HoldsAt(Meet_ID2_ID0,225) 0
HoldsAt(Meet_ID2_ID0,226) 0
HoldsAt(Meet_ID2_ID0,227) 0
HoldsAt(Meet_ID2_ID0,228) 0
HoldsAt(Meet_ID2_ID0,229) 0
HoldsAt(Meet_ID2_ID0,230) 0
HoldsAt(Meet_ID2_ID0,231) 0
HoldsAt(Meet_ID2_ID0,232) 0
HoldsAt(Meet_ID2_ID0,233) 0
HoldsAt(Meet_ID2_ID0,234) 0
HoldsAt(Meet_ID2_ID0,235) 0
HoldsAt(Meet_ID2_ID0,236) 0
HoldsAt(Meet_ID2_ID0,237) 0
HoldsAt(Meet_ID2_ID0,238) 0
HoldsAt(Meet_ID2_ID0,239) 0
HoldsAt(Meet_ID2_ID0,240) 0
HoldsAt(Meet_ID2_ID0,241) 0
HoldsAt(Meet_ID2_ID0,242) 0
HoldsAt(Meet_ID2_ID0,243) 0
HoldsAt(Meet_ID2_ID0,244) 0
HoldsAt(Meet_ID2_ID0,245) 0
HoldsAt(Meet_ID2_ID0,246) 0
HoldsAt(Meet_ID2_ID0,247) 0
HoldsAt(Meet_ID2_ID0,248) 0
HoldsAt(Meet_ID2_ID0,249) 0
HoldsAt(Meet_ID2_ID0,250) 0
HoldsAt(Meet_ID2_ID0,251) 0
HoldsAt(Meet_ID2_ID0,252) 0
HoldsAt(Meet_ID2_ID0,253) 0
HoldsAt(Meet_ID2_ID0,254) 0
HoldsAt(Meet_ID2_ID0,255) 0
HoldsAt(Meet_ID2_ID0,256) 0
HoldsAt(Meet_ID2_ID0,257) 0
HoldsAt(Meet_ID2_ID0,258) 0
HoldsAt(Meet_ID2_ID0,259) 0
HoldsAt(Meet_ID2_ID0,260) 0
HoldsAt(Meet_ID2_ID0,261) 0
HoldsAt(Meet_ID2_ID0,262) 0
HoldsAt(Meet_ID2_ID0,263) 0
HoldsAt(Meet_ID2_ID0,264) 0
HoldsAt(Meet_ID2_ID0,265) 0
HoldsAt(Meet_ID2_ID0,266) 0
HoldsAt(Meet_ID2_ID0,267) 0
HoldsAt(Meet_ID2_ID0,268) 0
HoldsAt(Meet_ID2_ID0,269) 0
HoldsAt(Meet_ID2_ID0,270) 0
HoldsAt(Meet_ID2_ID0,271) 0
HoldsAt(Meet_ID2_ID0,272) 0
HoldsAt(Meet_ID2_ID0,273) 0
HoldsAt(Meet_ID2_ID0,274) 0
HoldsAt(Meet_ID2_ID0,275) 0
HoldsAt(Meet_ID2_ID0,276) 0
HoldsAt(Meet_ID2_ID0,277) 0
HoldsAt(Meet_ID2_ID0,278) 0
HoldsAt(Meet_ID2_ID0,279) 0
HoldsAt(Meet_ID2_ID0,280) 0
HoldsAt(Meet_ID2_ID0,281) 0
HoldsAt(Meet_ID2_ID0,282) 0
HoldsAt(Meet_ID2_ID0,283) 0
HoldsAt(Meet_ID2_ID0,284) 0
HoldsAt(Meet_ID2_ID0,285) 0
HoldsAt(Meet_ID2_ID0,286) 0
HoldsAt(Meet_ID2_ID0,287) 0
HoldsAt(Meet_ID2_ID0,288) 0
HoldsAt(Meet_ID2_ID0,289) 0
HoldsAt(Meet_ID2_ID0,290) 0
HoldsAt(Meet_ID2_ID0,291) 0
HoldsAt(Meet_ID2_ID0,292) 0
HoldsAt(Meet_ID2_ID0,293) 0
HoldsAt(Meet_ID2_ID0,294) 0
HoldsAt(Meet_ID2_ID0,295) 0
HoldsAt(Meet_ID2_ID0,296) 0
HoldsAt(Meet_ID2_ID0,297) 0
HoldsAt(Meet_ID2_ID0,298) 0
HoldsAt(Meet_ID2_ID0,299) 0
HoldsAt(Meet_ID2_ID0,300) 0
HoldsAt(Meet_ID2_ID0,301) 0
HoldsAt(Meet_ID2_ID0,302) 0
HoldsAt(Meet_ID2_ID0,303) 0
HoldsAt(Meet_ID2_ID0,304) 0
HoldsAt(Meet_ID2_ID0,305) 0
HoldsAt(Meet_ID2_ID0,306) 0
HoldsAt(Meet_ID2_ID0,307) 0
HoldsAt(Meet_ID2_ID0,308) 0
HoldsAt(Meet_ID2_ID0,309) 0
HoldsAt(Meet_ID2_ID0,310) 0
HoldsAt(Meet_ID2_ID0,311) 0
HoldsAt(Meet_ID2_ID0,312) 0
HoldsAt(Meet_ID2_ID0,313) 0
HoldsAt(Meet_ID2_ID0,314) 0
HoldsAt(Meet_ID2_ID0,315) 0
HoldsAt(Meet_ID2_ID0,316) 0
HoldsAt(Meet_ID2_ID0,317) 0
HoldsAt(Meet_ID2_ID0,318) 0
HoldsAt(Meet_ID2_ID0,319) 0
HoldsAt(Meet_ID2_ID0,320) 0
HoldsAt(Meet_ID2_ID0,321) 0
HoldsAt(Meet_ID2_ID0,322) 0
HoldsAt(Meet_ID2_ID0,323) 0
HoldsAt(Meet_ID2_ID0,324) 0
HoldsAt(Meet_ID2_ID0,325) 0
HoldsAt(Meet_ID2_ID0,326) 0
HoldsAt(Meet_ID2_ID0,327) 0
HoldsAt(Meet_ID2_ID0,328) 0
HoldsAt(Meet_ID2_ID0,329) 0
HoldsAt(Meet_ID2_ID0,330) 0
HoldsAt(Meet_ID2_ID0,331) 0
HoldsAt(Meet_ID2_ID0,332) 0
HoldsAt(Meet_ID2_ID0,333) 0
HoldsAt(Meet_ID2_ID0,334) 0
HoldsAt(Meet_ID2_ID0,335) 0
HoldsAt(Meet_ID2_ID0,336) 0
HoldsAt(Meet_ID2_ID0,337) 0
HoldsAt(Meet_ID2_ID0,338) 0
HoldsAt(Meet_ID2_ID0,339) 0
HoldsAt(Meet_ID2_ID0,340) 0
HoldsAt(Meet_ID2_ID0,341) 0
HoldsAt(Meet_ID2_ID0,342) 0
HoldsAt(Meet_ID2_ID0,343) 0
HoldsAt(Meet_ID2_ID0,344) 0
HoldsAt(Meet_ID2_ID0,345) 0
HoldsAt(Meet_ID2_ID0,346) 0
HoldsAt(Meet_ID2_ID0,347) 0
HoldsAt(Meet_ID2_ID0,348) 0
HoldsAt(Meet_ID2_ID0,349) 0
HoldsAt(Meet_ID2_ID0,350) 0
HoldsAt(Meet_ID2_ID0,351) 0
HoldsAt(Meet_ID2_ID0,352) 0
HoldsAt(Meet_ID2_ID0,353) 0
HoldsAt(Meet_ID2_ID0,354) 0
HoldsAt(Meet_ID2_ID0,355) 0
HoldsAt(Meet_ID2_ID0,356) 0
HoldsAt(Meet_ID2_ID0,357) 0
HoldsAt(Meet_ID2_ID0,358) 0
HoldsAt(Meet_ID2_ID0,359) 0
HoldsAt(Meet_ID2_ID0,360) 0
HoldsAt(Meet_ID2_ID0,361) 0
HoldsAt(Meet_ID2_ID0,362) 0
HoldsAt(Meet_ID2_ID0,363) 0
HoldsAt(Meet_ID2_ID0,364) 0
HoldsAt(Meet_ID2_ID0,365) 0
HoldsAt(Meet_ID2_ID0,366) 0
HoldsAt(Meet_ID2_ID0,367) 0
HoldsAt(Meet_ID2_ID0,368) 0
HoldsAt(Meet_ID2_ID0,369) 0
HoldsAt(Meet_ID2_ID0,370) 0
HoldsAt(Meet_ID2_ID0,371) 0
HoldsAt(Meet_ID2_ID0,372) 0
HoldsAt(Meet_ID2_ID0,373) 0
HoldsAt(Meet_ID2_ID0,374) 0
HoldsAt(Meet_ID2_ID0,375) 0
HoldsAt(Meet_ID2_ID0,376) 0
HoldsAt(Meet_ID2_ID0,377) 0
HoldsAt(Meet_ID2_ID2,31) 0
HoldsAt(Meet_ID2_ID2,32) 0
HoldsAt(Meet_ID2_ID2,33) 0
HoldsAt(Meet_ID2_ID2,34) 0
HoldsAt(Meet_ID2_ID2,35) 0
HoldsAt(Meet_ID2_ID2,36) 0
HoldsAt(Meet_ID2_ID2,37) 0
HoldsAt(Meet_ID2_ID2,38) 0
HoldsAt(Meet_ID2_ID2,39) 0
HoldsAt(Meet_ID2_ID2,40) 0
HoldsAt(Meet_ID2_ID2,41) 0
HoldsAt(Meet_ID2_ID2,42) 0
HoldsAt(Meet_ID2_ID2,43) 0
HoldsAt(Meet_ID2_ID2,44) 0
HoldsAt(Meet_ID2_ID2,45) 0
HoldsAt(Meet_ID2_ID2,46) 0
HoldsAt(Meet_ID2_ID2,47) 0
HoldsAt(Meet_ID2_ID2,48) 0
HoldsAt(Meet_ID2_ID2,49) 0
HoldsAt(Meet_ID2_ID2,50) 0
HoldsAt(Meet_ID2_ID2,51) 0
HoldsAt(Meet_ID2_ID2,52) 0
HoldsAt(Meet_ID2_ID2,53) 0
HoldsAt(Meet_ID2_ID2,54) 0
HoldsAt(Meet_ID2_ID2,55) 0
HoldsAt(Meet_ID2_ID2,56) 0
HoldsAt(Meet_ID2_ID2,57) 0
HoldsAt(Meet_ID2_ID2,58) 0
HoldsAt(Meet_ID2_ID2,59) 0
HoldsAt(Meet_ID2_ID2,60) 0
HoldsAt(Meet_ID2_ID2,61) 0
HoldsAt(Meet_ID2_ID2,62) 0
HoldsAt(Meet_ID2_ID2,63) 0
HoldsAt(Meet_ID2_ID2,64) 0
HoldsAt(Meet_ID2_ID2,65) 0
HoldsAt(Meet_ID2_ID2,66) 0
HoldsAt(Meet_ID2_ID2,67) 0
HoldsAt(Meet_ID2_ID2,68) 0
HoldsAt(Meet_ID2_ID2,69) 0
HoldsAt(Meet_ID2_ID2,70) 0
HoldsAt(Meet_ID2_ID2,71) 0
HoldsAt(Meet_ID2_ID2,72) 0
HoldsAt(Meet_ID2_ID2,73) 0
HoldsAt(Meet_ID2_ID2,74) 0
HoldsAt(Meet_ID2_ID2,75) 0
HoldsAt(Meet_ID2_ID2,76) 0
HoldsAt(Meet_ID2_ID2,77) 0
HoldsAt(Meet_ID2_ID2,78) 0
HoldsAt(Meet_ID2_ID2,79) 0
HoldsAt(Meet_ID2_ID2,80) 0
HoldsAt(Meet_ID2_ID2,81) 0
HoldsAt(Meet_ID2_ID2,82) 0
HoldsAt(Meet_ID2_ID2,83) 0
HoldsAt(Meet_ID2_ID2,84) 0
HoldsAt(Meet_ID2_ID2,85) 0
HoldsAt(Meet_ID2_ID2,86) 0
HoldsAt(Meet_ID2_ID2,87) 0
HoldsAt(Meet_ID2_ID2,88) 0
HoldsAt(Meet_ID2_ID2,89) 0
HoldsAt(Meet_ID2_ID2,90) 0
HoldsAt(Meet_ID2_ID2,91) 0
HoldsAt(Meet_ID2_ID2,92) 0
HoldsAt(Meet_ID2_ID2,93) 0
HoldsAt(Meet_ID2_ID2,94) 0
HoldsAt(Meet_ID2_ID2,95) 0
HoldsAt(Meet_ID2_ID2,96) 0
HoldsAt(Meet_ID2_ID2,97) 0
HoldsAt(Meet_ID2_ID2,98) 0
HoldsAt(Meet_ID2_ID2,99) 0
HoldsAt(Meet_ID2_ID2,100) 0
HoldsAt(Meet_ID2_ID2,101) 0
HoldsAt(Meet_ID2_ID2,102) 0
HoldsAt(Meet_ID2_ID2,103) 0
HoldsAt(Meet_ID2_ID2,104) 0
HoldsAt(Meet_ID2_ID2,105) 0
HoldsAt(Meet_ID2_ID2,106) 0
HoldsAt(Meet_ID2_ID2,107) 0
HoldsAt(Meet_ID2_ID2,108) 0
HoldsAt(Meet_ID2_ID2,109) 0
HoldsAt(Meet_ID2_ID2,110) 0
HoldsAt(Meet_ID2_ID2,111) 0
HoldsAt(Meet_ID2_ID2,112) 0
HoldsAt(Meet_ID2_ID2,113) 0
HoldsAt(Meet_ID2_ID2,114) 0
HoldsAt(Meet_ID2_ID2,115) 0
HoldsAt(Meet_ID2_ID2,116) 0
HoldsAt(Meet_ID2_ID2,117) 0
HoldsAt(Meet_ID2_ID2,118) 0
HoldsAt(Meet_ID2_ID2,119) 0
HoldsAt(Meet_ID2_ID2,120) 0
HoldsAt(Meet_ID2_ID2,121) 0
HoldsAt(Meet_ID2_ID2,122) 0
HoldsAt(Meet_ID2_ID2,123) 0
HoldsAt(Meet_ID2_ID2,124) 0
HoldsAt(Meet_ID2_ID2,125) 0
HoldsAt(Meet_ID2_ID2,126) 0
HoldsAt(Meet_ID2_ID2,127) 0
HoldsAt(Meet_ID2_ID2,128) 0
HoldsAt(Meet_ID2_ID2,129) 0
HoldsAt(Meet_ID2_ID2,130) 0
HoldsAt(Meet_ID2_ID2,131) 0
HoldsAt(Meet_ID2_ID2,132) 0
HoldsAt(Meet_ID2_ID2,133) 0
HoldsAt(Meet_ID2_ID2,134) 0
HoldsAt(Meet_ID2_ID2,135) 0
HoldsAt(Meet_ID2_ID2,136) 0
HoldsAt(Meet_ID2_ID2,137) 0
HoldsAt(Meet_ID2_ID2,138) 0
HoldsAt(Meet_ID2_ID2,139) 0
HoldsAt(Meet_ID2_ID2,140) 0
HoldsAt(Meet_ID2_ID2,141) 0
HoldsAt(Meet_ID2_ID2,142) 0
HoldsAt(Meet_ID2_ID2,143) 0
HoldsAt(Meet_ID2_ID2,144) 0
HoldsAt(Meet_ID2_ID2,145) 0
HoldsAt(Meet_ID2_ID2,146) 0
HoldsAt(Meet_ID2_ID2,147) 0
HoldsAt(Meet_ID2_ID2,148) 0
HoldsAt(Meet_ID2_ID2,149) 0
HoldsAt(Meet_ID2_ID2,150) 0
HoldsAt(Meet_ID2_ID2,151) 0
HoldsAt(Meet_ID2_ID2,152) 0
HoldsAt(Meet_ID2_ID2,153) 0
HoldsAt(Meet_ID2_ID2,154) 0
HoldsAt(Meet_ID2_ID2,155) 0
HoldsAt(Meet_ID2_ID2,156) 0
HoldsAt(Meet_ID2_ID2,157) 0
HoldsAt(Meet_ID2_ID2,158) 0
HoldsAt(Meet_ID2_ID2,159) 0
HoldsAt(Meet_ID2_ID2,160) 0
HoldsAt(Meet_ID2_ID2,161) 0
HoldsAt(Meet_ID2_ID2,162) 0
HoldsAt(Meet_ID2_ID2,163) 0
HoldsAt(Meet_ID2_ID2,164) 0
HoldsAt(Meet_ID2_ID2,165) 0
HoldsAt(Meet_ID2_ID2,166) 0
HoldsAt(Meet_ID2_ID2,167) 0
HoldsAt(Meet_ID2_ID2,168) 0
HoldsAt(Meet_ID2_ID2,169) 0
HoldsAt(Meet_ID2_ID2,170) 0
HoldsAt(Meet_ID2_ID2,171) 0
HoldsAt(Meet_ID2_ID2,172) 0
HoldsAt(Meet_ID2_ID2,173) 0
HoldsAt(Meet_ID2_ID2,174) 0
HoldsAt(Meet_ID2_ID2,175) 0
HoldsAt(Meet_ID2_ID2,176) 0
HoldsAt(Meet_ID2_ID2,177) 0
HoldsAt(Meet_ID2_ID2,178) 0
HoldsAt(Meet_ID2_ID2,179) 0
HoldsAt(Meet_ID2_ID2,180) 0
HoldsAt(Meet_ID2_ID2,181) 0
HoldsAt(Meet_ID2_ID2,182) 0
HoldsAt(Meet_ID2_ID2,183) 0
HoldsAt(Meet_ID2_ID2,184) 0
HoldsAt(Meet_ID2_ID2,185) 0
HoldsAt(Meet_ID2_ID2,186) 0
HoldsAt(Meet_ID2_ID2,187) 0
HoldsAt(Meet_ID2_ID2,188) 0
HoldsAt(Meet_ID2_ID2,189) 0
HoldsAt(Meet_ID2_ID2,190) 0
HoldsAt(Meet_ID2_ID2,191) 0
HoldsAt(Meet_ID2_ID2,192) 0
HoldsAt(Meet_ID2_ID2,193) 0
HoldsAt(Meet_ID2_ID2,194) 0
HoldsAt(Meet_ID2_ID2,195) 0
HoldsAt(Meet_ID2_ID2,196) 0
HoldsAt(Meet_ID2_ID2,197) 0
HoldsAt(Meet_ID2_ID2,198) 0
HoldsAt(Meet_ID2_ID2,199) 0
HoldsAt(Meet_ID2_ID2,200) 0
HoldsAt(Meet_ID2_ID2,201) 0
HoldsAt(Meet_ID2_ID2,202) 0
HoldsAt(Meet_ID2_ID2,203) 0
HoldsAt(Meet_ID2_ID2,204) 0
HoldsAt(Meet_ID2_ID2,205) 0
HoldsAt(Meet_ID2_ID2,206) 0
HoldsAt(Meet_ID2_ID2,207) 0
HoldsAt(Meet_ID2_ID2,208) 0
HoldsAt(Meet_ID2_ID2,209) 0
HoldsAt(Meet_ID2_ID2,210) 0
HoldsAt(Meet_ID2_ID2,211) 0
HoldsAt(Meet_ID2_ID2,212) 0
HoldsAt(Meet_ID2_ID2,213) 0
HoldsAt(Meet_ID2_ID2,214) 0
HoldsAt(Meet_ID2_ID2,215) 0
HoldsAt(Meet_ID2_ID2,216) 0
HoldsAt(Meet_ID2_ID2,217) 0
HoldsAt(Meet_ID2_ID2,218) 0
HoldsAt(Meet_ID2_ID2,219) 0
HoldsAt(Meet_ID2_ID2,220) 0
HoldsAt(Meet_ID2_ID2,221) 0
HoldsAt(Meet_ID2_ID2,222) 0
HoldsAt(Meet_ID2_ID2,223) 0
HoldsAt(Meet_ID2_ID2,224) 0
HoldsAt(Meet_ID2_ID2,225) 0
HoldsAt(Meet_ID2_ID2,226) 0
HoldsAt(Meet_ID2_ID2,227) 0
HoldsAt(Meet_ID2_ID2,228) 0
HoldsAt(Meet_ID2_ID2,229) 0
HoldsAt(Meet_ID2_ID2,230) 0
HoldsAt(Meet_ID2_ID2,231) 0
HoldsAt(Meet_ID2_ID2,232) 0
HoldsAt(Meet_ID2_ID2,233) 0
HoldsAt(Meet_ID2_ID2,234) 0
HoldsAt(Meet_ID2_ID2,235) 0
HoldsAt(Meet_ID2_ID2,236) 0
HoldsAt(Meet_ID2_ID2,237) 0
HoldsAt(Meet_ID2_ID2,238) 0
HoldsAt(Meet_ID2_ID2,239) 0
HoldsAt(Meet_ID2_ID2,240) 0
HoldsAt(Meet_ID2_ID2,241) 0
HoldsAt(Meet_ID2_ID2,242) 0
HoldsAt(Meet_ID2_ID2,243) 0
HoldsAt(Meet_ID2_ID2,244) 0
HoldsAt(Meet_ID2_ID2,245) 0
HoldsAt(Meet_ID2_ID2,246) 0
HoldsAt(Meet_ID2_ID2,247) 0
HoldsAt(Meet_ID2_ID2,248) 0
HoldsAt(Meet_ID2_ID2,249) 0
HoldsAt(Meet_ID2_ID2,250) 0
HoldsAt(Meet_ID2_ID2,251) 0
HoldsAt(Meet_ID2_ID2,252) 0
HoldsAt(Meet_ID2_ID2,253) 0
HoldsAt(Meet_ID2_ID2,254) 0
HoldsAt(Meet_ID2_ID2,255) 0
HoldsAt(Meet_ID2_ID2,256) 0
HoldsAt(Meet_ID2_ID2,257) 0
HoldsAt(Meet_ID2_ID2,258) 0
HoldsAt(Meet_ID2_ID2,259) 0
HoldsAt(Meet_ID2_ID2,260) 0
HoldsAt(Meet_ID2_ID2,261) 0
HoldsAt(Meet_ID2_ID2,262) 0
HoldsAt(Meet_ID2_ID2,263) 0
HoldsAt(Meet_ID2_ID2,264) 0
HoldsAt(Meet_ID2_ID2,265) 0
HoldsAt(Meet_ID2_ID2,266) 0
HoldsAt(Meet_ID2_ID2,267) 0
HoldsAt(Meet_ID2_ID2,268) 0
HoldsAt(Meet_ID2_ID2,269) 0
HoldsAt(Meet_ID2_ID2,270) 0
HoldsAt(Meet_ID2_ID2,271) 0
HoldsAt(Meet_ID2_ID2,272) 0
HoldsAt(Meet_ID2_ID2,273) 0
HoldsAt(Meet_ID2_ID2,274) 0
HoldsAt(Meet_ID2_ID2,275) 0
HoldsAt(Meet_ID2_ID2,276) 0
HoldsAt(Meet_ID2_ID2,277) 0
HoldsAt(Meet_ID2_ID2,278) 0
HoldsAt(Meet_ID2_ID2,279) 0
HoldsAt(Meet_ID2_ID2,280) 0
HoldsAt(Meet_ID2_ID2,281) 0
HoldsAt(Meet_ID2_ID2,282) 0
HoldsAt(Meet_ID2_ID2,283) 0
HoldsAt(Meet_ID2_ID2,284) 0
HoldsAt(Meet_ID2_ID2,285) 0
HoldsAt(Meet_ID2_ID2,286) 0
HoldsAt(Meet_ID2_ID2,287) 0
HoldsAt(Meet_ID2_ID2,288) 0
HoldsAt(Meet_ID2_ID2,289) 0
HoldsAt(Meet_ID2_ID2,290) 0
HoldsAt(Meet_ID2_ID2,291) 0
HoldsAt(Meet_ID2_ID2,292) 0
HoldsAt(Meet_ID2_ID2,293) 0
HoldsAt(Meet_ID2_ID2,294) 0
HoldsAt(Meet_ID2_ID2,295) 0
HoldsAt(Meet_ID2_ID2,296) 0
HoldsAt(Meet_ID2_ID2,297) 0
HoldsAt(Meet_ID2_ID2,298) 0
HoldsAt(Meet_ID2_ID2,299) 0
HoldsAt(Meet_ID2_ID2,300) 0
HoldsAt(Meet_ID2_ID2,301) 0
HoldsAt(Meet_ID2_ID2,302) 0
HoldsAt(Meet_ID2_ID2,303) 0
HoldsAt(Meet_ID2_ID2,304) 0
HoldsAt(Meet_ID2_ID2,305) 0
HoldsAt(Meet_ID2_ID2,306) 0
HoldsAt(Meet_ID2_ID2,307) 0
HoldsAt(Meet_ID2_ID2,308) 0
HoldsAt(Meet_ID2_ID2,309) 0
HoldsAt(Meet_ID2_ID2,310) 0
HoldsAt(Meet_ID2_ID2,311) 0
HoldsAt(Meet_ID2_ID2,312) 0
HoldsAt(Meet_ID2_ID2,313) 0
HoldsAt(Meet_ID2_ID2,314) 0
HoldsAt(Meet_ID2_ID2,315) 0
HoldsAt(Meet_ID2_ID2,316) 0
HoldsAt(Meet_ID2_ID2,317) 0
HoldsAt(Meet_ID2_ID2,318) 0
HoldsAt(Meet_ID2_ID2,319) 0
HoldsAt(Meet_ID2_ID2,320) 0
HoldsAt(Meet_ID2_ID2,321) 0
HoldsAt(Meet_ID2_ID2,322) 0
HoldsAt(Meet_ID2_ID2,323) 0
HoldsAt(Meet_ID2_ID2,324) 0
HoldsAt(Meet_ID2_ID2,325) 0
HoldsAt(Meet_ID2_ID2,326) 0
HoldsAt(Meet_ID2_ID2,327) 0
HoldsAt(Meet_ID2_ID2,328) 0
HoldsAt(Meet_ID2_ID2,329) 0
HoldsAt(Meet_ID2_ID2,330) 0
HoldsAt(Meet_ID2_ID2,331) 0
HoldsAt(Meet_ID2_ID2,332) 0
HoldsAt(Meet_ID2_ID2,333) 0
HoldsAt(Meet_ID2_ID2,334) 0
HoldsAt(Meet_ID2_ID2,335) 0
HoldsAt(Meet_ID2_ID2,336) 0
HoldsAt(Meet_ID2_ID2,337) 0
HoldsAt(Meet_ID2_ID2,338) 0
HoldsAt(Meet_ID2_ID2,339) 0
HoldsAt(Meet_ID2_ID2,340) 0
HoldsAt(Meet_ID2_ID2,341) 0
HoldsAt(Meet_ID2_ID2,342) 0
HoldsAt(Meet_ID2_ID2,343) 0
HoldsAt(Meet_ID2_ID2,344) 0
HoldsAt(Meet_ID2_ID2,345) 0
HoldsAt(Meet_ID2_ID2,346) 0
HoldsAt(Meet_ID2_ID2,347) 0
HoldsAt(Meet_ID2_ID2,348) 0
HoldsAt(Meet_ID2_ID2,349) 0
HoldsAt(Meet_ID2_ID2,350) 0
HoldsAt(Meet_ID2_ID2,351) 0
HoldsAt(Meet_ID2_ID2,352) 0
HoldsAt(Meet_ID2_ID2,353) 0
HoldsAt(Meet_ID2_ID2,354) 0
HoldsAt(Meet_ID2_ID2,355) 0
HoldsAt(Meet_ID2_ID2,356) 0
HoldsAt(Meet_ID2_ID2,357) 0
HoldsAt(Meet_ID2_ID2,358) 0
HoldsAt(Meet_ID2_ID2,359) 0
HoldsAt(Meet_ID2_ID2,360) 0
HoldsAt(Meet_ID2_ID2,361) 0
HoldsAt(Meet_ID2_ID2,362) 0
HoldsAt(Meet_ID2_ID2,363) 0
HoldsAt(Meet_ID2_ID2,364) 0
HoldsAt(Meet_ID2_ID2,365) 0
HoldsAt(Meet_ID2_ID2,366) 0
HoldsAt(Meet_ID2_ID2,367) 0
HoldsAt(Meet_ID2_ID2,368) 0
HoldsAt(Meet_ID2_ID2,369) 0
HoldsAt(Meet_ID2_ID2,370) 0
HoldsAt(Meet_ID2_ID2,371) 0
HoldsAt(Meet_ID2_ID2,372) 0
HoldsAt(Meet_ID2_ID2,373) 0
HoldsAt(Meet_ID2_ID2,374) 0
HoldsAt(Meet_ID2_ID2,375) 0
HoldsAt(Meet_ID2_ID2,376) 0
HoldsAt(Meet_ID2_ID2,377) 0
