HoldsAt(Meet_ID1_ID1,40) 0
HoldsAt(Meet_ID1_ID1,41) 0
HoldsAt(Meet_ID1_ID1,42) 0
HoldsAt(Meet_ID1_ID1,43) 0
HoldsAt(Meet_ID1_ID1,44) 0
HoldsAt(Meet_ID1_ID1,45) 0
HoldsAt(Meet_ID1_ID1,46) 0
HoldsAt(Meet_ID1_ID1,47) 0
HoldsAt(Meet_ID1_ID1,48) 0
HoldsAt(Meet_ID1_ID1,49) 0
HoldsAt(Meet_ID1_ID1,50) 0
HoldsAt(Meet_ID1_ID1,51) 0
HoldsAt(Meet_ID1_ID1,52) 0
HoldsAt(Meet_ID1_ID1,53) 0
HoldsAt(Meet_ID1_ID1,54) 0
HoldsAt(Meet_ID1_ID1,55) 0
HoldsAt(Meet_ID1_ID1,56) 0
HoldsAt(Meet_ID1_ID1,57) 0
HoldsAt(Meet_ID1_ID1,58) 0
HoldsAt(Meet_ID1_ID1,59) 0
HoldsAt(Meet_ID1_ID1,60) 0
HoldsAt(Meet_ID1_ID1,61) 0
HoldsAt(Meet_ID1_ID1,62) 0
HoldsAt(Meet_ID1_ID1,63) 0
HoldsAt(Meet_ID1_ID1,64) 0
HoldsAt(Meet_ID1_ID1,65) 0
HoldsAt(Meet_ID1_ID1,66) 0
HoldsAt(Meet_ID1_ID1,67) 0
HoldsAt(Meet_ID1_ID1,68) 0
HoldsAt(Meet_ID1_ID1,69) 0
HoldsAt(Meet_ID1_ID1,70) 0
HoldsAt(Meet_ID1_ID1,71) 0
HoldsAt(Meet_ID1_ID1,72) 0
HoldsAt(Meet_ID1_ID1,73) 0
HoldsAt(Meet_ID1_ID1,74) 0
HoldsAt(Meet_ID1_ID1,75) 0
HoldsAt(Meet_ID1_ID1,76) 0
HoldsAt(Meet_ID1_ID1,77) 0
HoldsAt(Meet_ID1_ID1,78) 0
HoldsAt(Meet_ID1_ID1,79) 0
HoldsAt(Meet_ID1_ID1,80) 0
HoldsAt(Meet_ID1_ID1,81) 0
HoldsAt(Meet_ID1_ID1,82) 0
HoldsAt(Meet_ID1_ID1,83) 0
HoldsAt(Meet_ID1_ID1,84) 0
HoldsAt(Meet_ID1_ID1,85) 0
HoldsAt(Meet_ID1_ID1,86) 0
HoldsAt(Meet_ID1_ID1,87) 0
HoldsAt(Meet_ID1_ID1,88) 0
HoldsAt(Meet_ID1_ID1,89) 0
HoldsAt(Meet_ID1_ID1,90) 0
HoldsAt(Meet_ID1_ID1,91) 0
HoldsAt(Meet_ID1_ID1,92) 0
HoldsAt(Meet_ID1_ID1,93) 0
HoldsAt(Meet_ID1_ID1,94) 0
HoldsAt(Meet_ID1_ID1,95) 0
HoldsAt(Meet_ID1_ID1,96) 0
HoldsAt(Meet_ID1_ID1,97) 0
HoldsAt(Meet_ID1_ID1,98) 0
HoldsAt(Meet_ID1_ID1,99) 0
HoldsAt(Meet_ID1_ID1,100) 0
HoldsAt(Meet_ID1_ID1,101) 0
HoldsAt(Meet_ID1_ID1,102) 0
HoldsAt(Meet_ID1_ID1,103) 0
HoldsAt(Meet_ID1_ID1,104) 0
HoldsAt(Meet_ID1_ID1,105) 0
HoldsAt(Meet_ID1_ID1,106) 0
HoldsAt(Meet_ID1_ID1,107) 0
HoldsAt(Meet_ID1_ID1,108) 0
HoldsAt(Meet_ID1_ID1,109) 0
HoldsAt(Meet_ID1_ID1,110) 0
HoldsAt(Meet_ID1_ID1,111) 0
HoldsAt(Meet_ID1_ID1,112) 0
HoldsAt(Meet_ID1_ID1,113) 0
HoldsAt(Meet_ID1_ID1,114) 0
HoldsAt(Meet_ID1_ID1,115) 0
HoldsAt(Meet_ID1_ID1,116) 0
HoldsAt(Meet_ID1_ID1,117) 0
HoldsAt(Meet_ID1_ID1,118) 0
HoldsAt(Meet_ID1_ID1,119) 0
HoldsAt(Meet_ID1_ID1,120) 0
HoldsAt(Meet_ID1_ID1,121) 0
HoldsAt(Meet_ID1_ID1,122) 0
HoldsAt(Meet_ID1_ID1,123) 0
HoldsAt(Meet_ID1_ID1,124) 0
HoldsAt(Meet_ID1_ID1,125) 0
HoldsAt(Meet_ID1_ID1,126) 0
HoldsAt(Meet_ID1_ID1,127) 0
HoldsAt(Meet_ID1_ID1,128) 0
HoldsAt(Meet_ID1_ID1,129) 0
HoldsAt(Meet_ID1_ID1,130) 0
HoldsAt(Meet_ID1_ID1,131) 0
HoldsAt(Meet_ID1_ID1,132) 0
HoldsAt(Meet_ID1_ID1,133) 0
HoldsAt(Meet_ID1_ID1,134) 0
HoldsAt(Meet_ID1_ID1,135) 0
HoldsAt(Meet_ID1_ID1,136) 0
HoldsAt(Meet_ID1_ID1,137) 0
HoldsAt(Meet_ID1_ID1,138) 0
HoldsAt(Meet_ID1_ID1,139) 0
HoldsAt(Meet_ID1_ID1,140) 0
HoldsAt(Meet_ID1_ID1,141) 0
HoldsAt(Meet_ID1_ID1,142) 0
HoldsAt(Meet_ID1_ID1,143) 0
HoldsAt(Meet_ID1_ID1,144) 0
HoldsAt(Meet_ID1_ID1,145) 0
HoldsAt(Meet_ID1_ID1,146) 0
HoldsAt(Meet_ID1_ID1,147) 0
HoldsAt(Meet_ID1_ID1,148) 0
HoldsAt(Meet_ID1_ID1,149) 0
HoldsAt(Meet_ID1_ID1,150) 0
HoldsAt(Meet_ID1_ID1,151) 0
HoldsAt(Meet_ID1_ID1,152) 0
HoldsAt(Meet_ID1_ID1,153) 0
HoldsAt(Meet_ID1_ID1,154) 0
HoldsAt(Meet_ID1_ID1,155) 0
HoldsAt(Meet_ID1_ID1,156) 0
HoldsAt(Meet_ID1_ID1,157) 0
HoldsAt(Meet_ID1_ID1,158) 0
HoldsAt(Meet_ID1_ID1,159) 0
HoldsAt(Meet_ID1_ID1,160) 0
HoldsAt(Meet_ID1_ID1,161) 0
HoldsAt(Meet_ID1_ID1,162) 0
HoldsAt(Meet_ID1_ID1,163) 0
HoldsAt(Meet_ID1_ID1,164) 0
HoldsAt(Meet_ID1_ID1,165) 0
HoldsAt(Meet_ID1_ID1,166) 0
HoldsAt(Meet_ID1_ID1,167) 0
HoldsAt(Meet_ID1_ID1,168) 0
HoldsAt(Meet_ID1_ID1,169) 0
HoldsAt(Meet_ID1_ID1,170) 0
HoldsAt(Meet_ID1_ID1,171) 0
HoldsAt(Meet_ID1_ID1,172) 0
HoldsAt(Meet_ID1_ID1,173) 0
HoldsAt(Meet_ID1_ID1,174) 0
HoldsAt(Meet_ID1_ID1,175) 0
HoldsAt(Meet_ID1_ID1,176) 0
HoldsAt(Meet_ID1_ID1,177) 0
HoldsAt(Meet_ID1_ID1,178) 0
HoldsAt(Meet_ID1_ID1,179) 0
HoldsAt(Meet_ID1_ID1,180) 0
HoldsAt(Meet_ID1_ID1,181) 0
HoldsAt(Meet_ID1_ID1,182) 0
HoldsAt(Meet_ID1_ID1,183) 0
HoldsAt(Meet_ID1_ID1,184) 0
HoldsAt(Meet_ID1_ID1,185) 0
HoldsAt(Meet_ID1_ID1,186) 0
HoldsAt(Meet_ID1_ID1,187) 0
HoldsAt(Meet_ID1_ID1,188) 0
HoldsAt(Meet_ID1_ID1,189) 0
HoldsAt(Meet_ID1_ID1,190) 0
HoldsAt(Meet_ID1_ID1,191) 0
HoldsAt(Meet_ID1_ID1,192) 0
HoldsAt(Meet_ID1_ID1,193) 0
HoldsAt(Meet_ID1_ID1,194) 0
HoldsAt(Meet_ID1_ID1,195) 0
HoldsAt(Meet_ID1_ID1,196) 0
HoldsAt(Meet_ID1_ID1,197) 0
HoldsAt(Meet_ID1_ID1,198) 0
HoldsAt(Meet_ID1_ID1,199) 0
HoldsAt(Meet_ID1_ID1,200) 0
HoldsAt(Meet_ID1_ID1,201) 0
HoldsAt(Meet_ID1_ID1,202) 0
HoldsAt(Meet_ID1_ID1,203) 0
HoldsAt(Meet_ID1_ID1,204) 0
HoldsAt(Meet_ID1_ID1,205) 0
HoldsAt(Meet_ID1_ID1,206) 0
HoldsAt(Meet_ID1_ID1,207) 0
HoldsAt(Meet_ID1_ID1,208) 0
HoldsAt(Meet_ID1_ID1,209) 0
HoldsAt(Meet_ID1_ID1,210) 0
HoldsAt(Meet_ID1_ID1,211) 0
HoldsAt(Meet_ID1_ID1,212) 0
HoldsAt(Meet_ID1_ID1,213) 0
HoldsAt(Meet_ID1_ID1,214) 0
HoldsAt(Meet_ID1_ID1,215) 0
HoldsAt(Meet_ID1_ID1,216) 0
HoldsAt(Meet_ID1_ID1,217) 0
HoldsAt(Meet_ID1_ID1,218) 0
HoldsAt(Meet_ID1_ID1,219) 0
HoldsAt(Meet_ID1_ID1,220) 0
HoldsAt(Meet_ID1_ID1,221) 0
HoldsAt(Meet_ID1_ID1,222) 0
HoldsAt(Meet_ID1_ID1,223) 0
HoldsAt(Meet_ID1_ID1,224) 0
HoldsAt(Meet_ID1_ID1,225) 0
HoldsAt(Meet_ID1_ID1,226) 0
HoldsAt(Meet_ID1_ID1,227) 0
HoldsAt(Meet_ID1_ID1,228) 0
HoldsAt(Meet_ID1_ID1,229) 0
HoldsAt(Meet_ID1_ID1,230) 0
HoldsAt(Meet_ID1_ID1,231) 0
HoldsAt(Meet_ID1_ID1,232) 0
HoldsAt(Meet_ID1_ID1,233) 0
HoldsAt(Meet_ID1_ID1,234) 0
HoldsAt(Meet_ID1_ID1,235) 0
HoldsAt(Meet_ID1_ID1,236) 0
HoldsAt(Meet_ID1_ID1,237) 0
HoldsAt(Meet_ID1_ID1,238) 0
HoldsAt(Meet_ID1_ID1,239) 0
HoldsAt(Meet_ID1_ID1,240) 0
HoldsAt(Meet_ID1_ID1,241) 0
HoldsAt(Meet_ID1_ID1,242) 0
HoldsAt(Meet_ID1_ID1,243) 0
HoldsAt(Meet_ID1_ID1,244) 0
HoldsAt(Meet_ID1_ID1,245) 0
HoldsAt(Meet_ID1_ID1,246) 0
HoldsAt(Meet_ID1_ID1,247) 0
HoldsAt(Meet_ID1_ID1,248) 0
HoldsAt(Meet_ID1_ID1,249) 0
HoldsAt(Meet_ID1_ID1,250) 0
HoldsAt(Meet_ID1_ID1,251) 0
HoldsAt(Meet_ID1_ID1,252) 0
HoldsAt(Meet_ID1_ID1,253) 0
HoldsAt(Meet_ID1_ID1,254) 0
HoldsAt(Meet_ID1_ID1,255) 0
HoldsAt(Meet_ID1_ID1,256) 0
HoldsAt(Meet_ID1_ID1,257) 0
HoldsAt(Meet_ID1_ID1,258) 0
HoldsAt(Meet_ID1_ID1,259) 0
HoldsAt(Meet_ID1_ID1,260) 0
HoldsAt(Meet_ID1_ID1,261) 0
HoldsAt(Meet_ID1_ID1,262) 0
HoldsAt(Meet_ID1_ID1,263) 0
HoldsAt(Meet_ID1_ID1,264) 0
HoldsAt(Meet_ID1_ID1,265) 0
HoldsAt(Meet_ID1_ID1,266) 0
HoldsAt(Meet_ID1_ID1,267) 0
HoldsAt(Meet_ID1_ID1,268) 0
HoldsAt(Meet_ID1_ID1,269) 0
HoldsAt(Meet_ID1_ID1,270) 0
HoldsAt(Meet_ID1_ID1,271) 0
HoldsAt(Meet_ID1_ID1,272) 0
HoldsAt(Meet_ID1_ID1,273) 0
HoldsAt(Meet_ID1_ID1,274) 0
HoldsAt(Meet_ID1_ID1,275) 0
HoldsAt(Meet_ID1_ID1,276) 0
HoldsAt(Meet_ID1_ID1,277) 0
HoldsAt(Meet_ID1_ID1,278) 0
HoldsAt(Meet_ID1_ID1,279) 0
HoldsAt(Meet_ID1_ID1,280) 0
HoldsAt(Meet_ID1_ID1,281) 0
HoldsAt(Meet_ID1_ID1,282) 0
HoldsAt(Meet_ID1_ID1,283) 0
HoldsAt(Meet_ID1_ID1,284) 0
HoldsAt(Meet_ID1_ID1,285) 0
HoldsAt(Meet_ID1_ID1,286) 0
HoldsAt(Meet_ID1_ID1,287) 0
HoldsAt(Meet_ID1_ID1,288) 0
HoldsAt(Meet_ID1_ID1,289) 0
HoldsAt(Meet_ID1_ID1,290) 0
HoldsAt(Meet_ID1_ID1,291) 0
HoldsAt(Meet_ID1_ID1,292) 0
HoldsAt(Meet_ID1_ID1,293) 0
HoldsAt(Meet_ID1_ID1,294) 0
HoldsAt(Meet_ID1_ID1,295) 0
HoldsAt(Meet_ID1_ID1,296) 0
HoldsAt(Meet_ID1_ID1,297) 0
HoldsAt(Meet_ID1_ID1,298) 0
HoldsAt(Meet_ID1_ID1,299) 0
HoldsAt(Meet_ID1_ID1,300) 0
HoldsAt(Meet_ID1_ID1,301) 0
HoldsAt(Meet_ID1_ID1,302) 0
HoldsAt(Meet_ID1_ID1,303) 0
HoldsAt(Meet_ID1_ID1,304) 0
HoldsAt(Meet_ID1_ID1,305) 0
HoldsAt(Meet_ID1_ID1,306) 0
HoldsAt(Meet_ID1_ID1,307) 0
HoldsAt(Meet_ID1_ID1,308) 0
HoldsAt(Meet_ID1_ID1,309) 0
HoldsAt(Meet_ID1_ID1,310) 0
HoldsAt(Meet_ID1_ID1,311) 0
HoldsAt(Meet_ID1_ID1,312) 0
HoldsAt(Meet_ID1_ID1,313) 0
HoldsAt(Meet_ID1_ID1,314) 0
HoldsAt(Meet_ID1_ID1,315) 0
HoldsAt(Meet_ID1_ID1,316) 0
HoldsAt(Meet_ID1_ID1,317) 0
HoldsAt(Meet_ID1_ID1,318) 0
HoldsAt(Meet_ID1_ID1,319) 0
HoldsAt(Meet_ID1_ID1,320) 0
HoldsAt(Meet_ID1_ID1,321) 0
HoldsAt(Meet_ID1_ID1,322) 0
HoldsAt(Meet_ID1_ID1,323) 0
HoldsAt(Meet_ID1_ID1,324) 0
HoldsAt(Meet_ID1_ID1,325) 0
HoldsAt(Meet_ID1_ID1,326) 0
HoldsAt(Meet_ID1_ID1,327) 0
HoldsAt(Meet_ID1_ID1,328) 0
HoldsAt(Meet_ID1_ID1,329) 0
HoldsAt(Meet_ID1_ID1,330) 0
HoldsAt(Meet_ID1_ID1,331) 0
HoldsAt(Meet_ID1_ID1,332) 0
HoldsAt(Meet_ID1_ID1,333) 0
HoldsAt(Meet_ID1_ID1,334) 0
HoldsAt(Meet_ID1_ID1,335) 0
HoldsAt(Meet_ID1_ID1,336) 0
HoldsAt(Meet_ID1_ID1,337) 0
HoldsAt(Meet_ID1_ID1,338) 0
HoldsAt(Meet_ID1_ID1,339) 0
HoldsAt(Meet_ID1_ID1,340) 0
HoldsAt(Meet_ID1_ID1,341) 0
HoldsAt(Meet_ID1_ID1,342) 0
HoldsAt(Meet_ID1_ID1,343) 0
HoldsAt(Meet_ID1_ID1,344) 0
HoldsAt(Meet_ID1_ID1,345) 0
HoldsAt(Meet_ID1_ID1,346) 0
HoldsAt(Meet_ID1_ID1,347) 0
HoldsAt(Meet_ID1_ID1,348) 0
HoldsAt(Meet_ID1_ID1,349) 0
HoldsAt(Meet_ID1_ID1,350) 0
HoldsAt(Meet_ID1_ID1,351) 0
HoldsAt(Meet_ID1_ID1,352) 0
HoldsAt(Meet_ID1_ID1,353) 0
HoldsAt(Meet_ID1_ID1,354) 0
HoldsAt(Meet_ID1_ID1,355) 0
HoldsAt(Meet_ID1_ID1,356) 0
HoldsAt(Meet_ID1_ID1,357) 0
HoldsAt(Meet_ID1_ID1,358) 0
HoldsAt(Meet_ID1_ID1,359) 0
HoldsAt(Meet_ID1_ID1,360) 0
HoldsAt(Meet_ID1_ID1,361) 0
HoldsAt(Meet_ID1_ID1,362) 0
HoldsAt(Meet_ID1_ID1,363) 0
HoldsAt(Meet_ID1_ID1,364) 0
HoldsAt(Meet_ID1_ID1,365) 0
HoldsAt(Meet_ID1_ID1,366) 0
HoldsAt(Meet_ID1_ID1,367) 0
HoldsAt(Meet_ID1_ID1,368) 0
HoldsAt(Meet_ID1_ID1,369) 0
HoldsAt(Meet_ID1_ID1,370) 0
HoldsAt(Meet_ID1_ID1,371) 0
HoldsAt(Meet_ID1_ID1,372) 0
HoldsAt(Meet_ID1_ID1,373) 0
HoldsAt(Meet_ID1_ID1,374) 0
HoldsAt(Meet_ID1_ID1,375) 0
HoldsAt(Meet_ID1_ID1,376) 0
HoldsAt(Meet_ID1_ID1,377) 0
HoldsAt(Meet_ID1_ID1,31) 0
HoldsAt(Meet_ID1_ID1,32) 0
HoldsAt(Meet_ID1_ID1,33) 0
HoldsAt(Meet_ID1_ID1,34) 0
HoldsAt(Meet_ID1_ID1,35) 0
HoldsAt(Meet_ID1_ID1,36) 0
HoldsAt(Meet_ID1_ID1,37) 0
HoldsAt(Meet_ID1_ID1,38) 0
HoldsAt(Meet_ID1_ID1,39) 0
HoldsAt(Meet_ID1_ID2,40) 0
HoldsAt(Meet_ID1_ID2,41) 0
HoldsAt(Meet_ID1_ID2,42) 0
HoldsAt(Meet_ID1_ID2,43) 0
HoldsAt(Meet_ID1_ID2,44) 0
HoldsAt(Meet_ID1_ID2,45) 0
HoldsAt(Meet_ID1_ID2,46) 0
HoldsAt(Meet_ID1_ID2,47) 0
HoldsAt(Meet_ID1_ID2,48) 0
HoldsAt(Meet_ID1_ID2,49) 0
HoldsAt(Meet_ID1_ID2,50) 0
HoldsAt(Meet_ID1_ID2,51) 0
HoldsAt(Meet_ID1_ID2,52) 0
HoldsAt(Meet_ID1_ID2,53) 0
HoldsAt(Meet_ID1_ID2,54) 0
HoldsAt(Meet_ID1_ID2,55) 0
HoldsAt(Meet_ID1_ID2,56) 0
HoldsAt(Meet_ID1_ID2,57) 0
HoldsAt(Meet_ID1_ID2,58) 0
HoldsAt(Meet_ID1_ID2,59) 0
HoldsAt(Meet_ID1_ID2,60) 0
HoldsAt(Meet_ID1_ID2,61) 0
HoldsAt(Meet_ID1_ID2,62) 0
HoldsAt(Meet_ID1_ID2,63) 0
HoldsAt(Meet_ID1_ID2,64) 0
HoldsAt(Meet_ID1_ID2,65) 0
HoldsAt(Meet_ID1_ID2,66) 0
HoldsAt(Meet_ID1_ID2,67) 0
HoldsAt(Meet_ID1_ID2,68) 0
HoldsAt(Meet_ID1_ID2,69) 0
HoldsAt(Meet_ID1_ID2,70) 0
HoldsAt(Meet_ID1_ID2,71) 0
HoldsAt(Meet_ID1_ID2,72) 0
HoldsAt(Meet_ID1_ID2,73) 0
HoldsAt(Meet_ID1_ID2,74) 0
HoldsAt(Meet_ID1_ID2,75) 0
HoldsAt(Meet_ID1_ID2,76) 0
HoldsAt(Meet_ID1_ID2,77) 0
HoldsAt(Meet_ID1_ID2,78) 0
HoldsAt(Meet_ID1_ID2,79) 0
HoldsAt(Meet_ID1_ID2,80) 0
HoldsAt(Meet_ID1_ID2,81) 0
HoldsAt(Meet_ID1_ID2,82) 0
HoldsAt(Meet_ID1_ID2,83) 0
HoldsAt(Meet_ID1_ID2,84) 0
HoldsAt(Meet_ID1_ID2,85) 0
HoldsAt(Meet_ID1_ID2,86) 0
HoldsAt(Meet_ID1_ID2,87) 0
HoldsAt(Meet_ID1_ID2,88) 0
HoldsAt(Meet_ID1_ID2,89) 0
HoldsAt(Meet_ID1_ID2,90) 0
HoldsAt(Meet_ID1_ID2,91) 0
HoldsAt(Meet_ID1_ID2,92) 0
HoldsAt(Meet_ID1_ID2,93) 0
HoldsAt(Meet_ID1_ID2,94) 0
HoldsAt(Meet_ID1_ID2,95) 0
HoldsAt(Meet_ID1_ID2,96) 0
HoldsAt(Meet_ID1_ID2,97) 0
HoldsAt(Meet_ID1_ID2,98) 0
HoldsAt(Meet_ID1_ID2,99) 0
HoldsAt(Meet_ID1_ID2,100) 0
HoldsAt(Meet_ID1_ID2,101) 0
HoldsAt(Meet_ID1_ID2,102) 0
HoldsAt(Meet_ID1_ID2,103) 0
HoldsAt(Meet_ID1_ID2,104) 0
HoldsAt(Meet_ID1_ID2,105) 0
HoldsAt(Meet_ID1_ID2,106) 0
HoldsAt(Meet_ID1_ID2,107) 0
HoldsAt(Meet_ID1_ID2,108) 0
HoldsAt(Meet_ID1_ID2,109) 0
HoldsAt(Meet_ID1_ID2,110) 0
HoldsAt(Meet_ID1_ID2,111) 0
HoldsAt(Meet_ID1_ID2,112) 0
HoldsAt(Meet_ID1_ID2,113) 0
HoldsAt(Meet_ID1_ID2,114) 0
HoldsAt(Meet_ID1_ID2,115) 0
HoldsAt(Meet_ID1_ID2,116) 0
HoldsAt(Meet_ID1_ID2,117) 0
HoldsAt(Meet_ID1_ID2,118) 0
HoldsAt(Meet_ID1_ID2,119) 0
HoldsAt(Meet_ID1_ID2,120) 0
HoldsAt(Meet_ID1_ID2,121) 0
HoldsAt(Meet_ID1_ID2,122) 0
HoldsAt(Meet_ID1_ID2,123) 0
HoldsAt(Meet_ID1_ID2,124) 0
HoldsAt(Meet_ID1_ID2,125) 0
HoldsAt(Meet_ID1_ID2,126) 0
HoldsAt(Meet_ID1_ID2,127) 0
HoldsAt(Meet_ID1_ID2,128) 0
HoldsAt(Meet_ID1_ID2,129) 0
HoldsAt(Meet_ID1_ID2,130) 0
HoldsAt(Meet_ID1_ID2,131) 0
HoldsAt(Meet_ID1_ID2,132) 0
HoldsAt(Meet_ID1_ID2,133) 0
HoldsAt(Meet_ID1_ID2,134) 0
HoldsAt(Meet_ID1_ID2,135) 0
HoldsAt(Meet_ID1_ID2,136) 0
HoldsAt(Meet_ID1_ID2,137) 0
HoldsAt(Meet_ID1_ID2,138) 0
HoldsAt(Meet_ID1_ID2,139) 0
HoldsAt(Meet_ID1_ID2,140) 0
HoldsAt(Meet_ID1_ID2,141) 0
HoldsAt(Meet_ID1_ID2,142) 0
HoldsAt(Meet_ID1_ID2,143) 0
HoldsAt(Meet_ID1_ID2,144) 0
HoldsAt(Meet_ID1_ID2,145) 0
HoldsAt(Meet_ID1_ID2,146) 0
HoldsAt(Meet_ID1_ID2,147) 0
HoldsAt(Meet_ID1_ID2,148) 0
HoldsAt(Meet_ID1_ID2,149) 0
HoldsAt(Meet_ID1_ID2,150) 0
HoldsAt(Meet_ID1_ID2,151) 0
HoldsAt(Meet_ID1_ID2,152) 0
HoldsAt(Meet_ID1_ID2,153) 0
HoldsAt(Meet_ID1_ID2,154) 0
HoldsAt(Meet_ID1_ID2,155) 0
HoldsAt(Meet_ID1_ID2,156) 0
HoldsAt(Meet_ID1_ID2,157) 0
HoldsAt(Meet_ID1_ID2,158) 0
HoldsAt(Meet_ID1_ID2,159) 0
HoldsAt(Meet_ID1_ID2,160) 0
HoldsAt(Meet_ID1_ID2,161) 0
HoldsAt(Meet_ID1_ID2,162) 0
HoldsAt(Meet_ID1_ID2,163) 0
HoldsAt(Meet_ID1_ID2,164) 0
HoldsAt(Meet_ID1_ID2,165) 0
HoldsAt(Meet_ID1_ID2,166) 0
HoldsAt(Meet_ID1_ID2,167) 0
HoldsAt(Meet_ID1_ID2,168) 0
HoldsAt(Meet_ID1_ID2,169) 0
HoldsAt(Meet_ID1_ID2,170) 0
HoldsAt(Meet_ID1_ID2,171) 0
HoldsAt(Meet_ID1_ID2,172) 0
HoldsAt(Meet_ID1_ID2,173) 0
HoldsAt(Meet_ID1_ID2,174) 0
HoldsAt(Meet_ID1_ID2,175) 0
HoldsAt(Meet_ID1_ID2,176) 0
HoldsAt(Meet_ID1_ID2,177) 0
HoldsAt(Meet_ID1_ID2,178) 0
HoldsAt(Meet_ID1_ID2,179) 0
HoldsAt(Meet_ID1_ID2,180) 0
HoldsAt(Meet_ID1_ID2,181) 0
HoldsAt(Meet_ID1_ID2,182) 0
HoldsAt(Meet_ID1_ID2,183) 0
HoldsAt(Meet_ID1_ID2,184) 0
HoldsAt(Meet_ID1_ID2,185) 0
HoldsAt(Meet_ID1_ID2,186) 0
HoldsAt(Meet_ID1_ID2,187) 0
HoldsAt(Meet_ID1_ID2,188) 0
HoldsAt(Meet_ID1_ID2,189) 0
HoldsAt(Meet_ID1_ID2,190) 0
HoldsAt(Meet_ID1_ID2,191) 0
HoldsAt(Meet_ID1_ID2,192) 0
HoldsAt(Meet_ID1_ID2,193) 0
HoldsAt(Meet_ID1_ID2,194) 0
HoldsAt(Meet_ID1_ID2,195) 0
HoldsAt(Meet_ID1_ID2,196) 0
HoldsAt(Meet_ID1_ID2,197) 0
HoldsAt(Meet_ID1_ID2,198) 0
HoldsAt(Meet_ID1_ID2,199) 0
HoldsAt(Meet_ID1_ID2,200) 0
HoldsAt(Meet_ID1_ID2,201) 0
HoldsAt(Meet_ID1_ID2,202) 0
HoldsAt(Meet_ID1_ID2,203) 0
HoldsAt(Meet_ID1_ID2,204) 0
HoldsAt(Meet_ID1_ID2,205) 0
HoldsAt(Meet_ID1_ID2,206) 0
HoldsAt(Meet_ID1_ID2,207) 0
HoldsAt(Meet_ID1_ID2,208) 0
HoldsAt(Meet_ID1_ID2,209) 0
HoldsAt(Meet_ID1_ID2,210) 0
HoldsAt(Meet_ID1_ID2,211) 0
HoldsAt(Meet_ID1_ID2,212) 0
HoldsAt(Meet_ID1_ID2,213) 0
HoldsAt(Meet_ID1_ID2,214) 0
HoldsAt(Meet_ID1_ID2,215) 0
HoldsAt(Meet_ID1_ID2,216) 0
HoldsAt(Meet_ID1_ID2,217) 0
HoldsAt(Meet_ID1_ID2,218) 0
HoldsAt(Meet_ID1_ID2,219) 0
HoldsAt(Meet_ID1_ID2,220) 0
HoldsAt(Meet_ID1_ID2,221) 0
HoldsAt(Meet_ID1_ID2,222) 0
HoldsAt(Meet_ID1_ID2,223) 0
HoldsAt(Meet_ID1_ID2,224) 0
HoldsAt(Meet_ID1_ID2,225) 0
HoldsAt(Meet_ID1_ID2,226) 0
HoldsAt(Meet_ID1_ID2,227) 0
HoldsAt(Meet_ID1_ID2,228) 0
HoldsAt(Meet_ID1_ID2,229) 0
HoldsAt(Meet_ID1_ID2,230) 0
HoldsAt(Meet_ID1_ID2,231) 0
HoldsAt(Meet_ID1_ID2,232) 0
HoldsAt(Meet_ID1_ID2,233) 0
HoldsAt(Meet_ID1_ID2,234) 0
HoldsAt(Meet_ID1_ID2,235) 0
HoldsAt(Meet_ID1_ID2,236) 0
HoldsAt(Meet_ID1_ID2,237) 0
HoldsAt(Meet_ID1_ID2,238) 0
HoldsAt(Meet_ID1_ID2,239) 0
HoldsAt(Meet_ID1_ID2,240) 0
HoldsAt(Meet_ID1_ID2,241) 0
HoldsAt(Meet_ID1_ID2,242) 0
HoldsAt(Meet_ID1_ID2,243) 0
HoldsAt(Meet_ID1_ID2,244) 0
HoldsAt(Meet_ID1_ID2,245) 0
HoldsAt(Meet_ID1_ID2,246) 0
HoldsAt(Meet_ID1_ID2,247) 0
HoldsAt(Meet_ID1_ID2,248) 0
HoldsAt(Meet_ID1_ID2,249) 0
HoldsAt(Meet_ID1_ID2,250) 0
HoldsAt(Meet_ID1_ID2,251) 0
HoldsAt(Meet_ID1_ID2,252) 0
HoldsAt(Meet_ID1_ID2,253) 0
HoldsAt(Meet_ID1_ID2,254) 0
HoldsAt(Meet_ID1_ID2,255) 0
HoldsAt(Meet_ID1_ID2,256) 0
HoldsAt(Meet_ID1_ID2,257) 0
HoldsAt(Meet_ID1_ID2,258) 0
HoldsAt(Meet_ID1_ID2,259) 0
HoldsAt(Meet_ID1_ID2,260) 0
HoldsAt(Meet_ID1_ID2,261) 0
HoldsAt(Meet_ID1_ID2,262) 0
HoldsAt(Meet_ID1_ID2,263) 0
HoldsAt(Meet_ID1_ID2,264) 0
HoldsAt(Meet_ID1_ID2,265) 0
HoldsAt(Meet_ID1_ID2,266) 0
HoldsAt(Meet_ID1_ID2,267) 0
HoldsAt(Meet_ID1_ID2,268) 0
HoldsAt(Meet_ID1_ID2,269) 0
HoldsAt(Meet_ID1_ID2,270) 0
HoldsAt(Meet_ID1_ID2,271) 0
HoldsAt(Meet_ID1_ID2,272) 0
HoldsAt(Meet_ID1_ID2,273) 0
HoldsAt(Meet_ID1_ID2,274) 0
HoldsAt(Meet_ID1_ID2,275) 0
HoldsAt(Meet_ID1_ID2,276) 0
HoldsAt(Meet_ID1_ID2,277) 0
HoldsAt(Meet_ID1_ID2,278) 0
HoldsAt(Meet_ID1_ID2,279) 0
HoldsAt(Meet_ID1_ID2,280) 0
HoldsAt(Meet_ID1_ID2,281) 0
HoldsAt(Meet_ID1_ID2,282) 0
HoldsAt(Meet_ID1_ID2,283) 0
HoldsAt(Meet_ID1_ID2,284) 0
HoldsAt(Meet_ID1_ID2,285) 0
HoldsAt(Meet_ID1_ID2,286) 0
HoldsAt(Meet_ID1_ID2,287) 0
HoldsAt(Meet_ID1_ID2,288) 0
HoldsAt(Meet_ID1_ID2,289) 0
HoldsAt(Meet_ID1_ID2,290) 0
HoldsAt(Meet_ID1_ID2,291) 0
HoldsAt(Meet_ID1_ID2,292) 0
HoldsAt(Meet_ID1_ID2,293) 0
HoldsAt(Meet_ID1_ID2,294) 0
HoldsAt(Meet_ID1_ID2,295) 0
HoldsAt(Meet_ID1_ID2,296) 0
HoldsAt(Meet_ID1_ID2,297) 0
HoldsAt(Meet_ID1_ID2,298) 0
HoldsAt(Meet_ID1_ID2,299) 0
HoldsAt(Meet_ID1_ID2,300) 0
HoldsAt(Meet_ID1_ID2,301) 0
HoldsAt(Meet_ID1_ID2,302) 0
HoldsAt(Meet_ID1_ID2,303) 0
HoldsAt(Meet_ID1_ID2,304) 0
HoldsAt(Meet_ID1_ID2,305) 0
HoldsAt(Meet_ID1_ID2,306) 0
HoldsAt(Meet_ID1_ID2,307) 0
HoldsAt(Meet_ID1_ID2,308) 0
HoldsAt(Meet_ID1_ID2,309) 0
HoldsAt(Meet_ID1_ID2,310) 0
HoldsAt(Meet_ID1_ID2,311) 0
HoldsAt(Meet_ID1_ID2,312) 0
HoldsAt(Meet_ID1_ID2,313) 0
HoldsAt(Meet_ID1_ID2,314) 0
HoldsAt(Meet_ID1_ID2,315) 0
HoldsAt(Meet_ID1_ID2,316) 0
HoldsAt(Meet_ID1_ID2,317) 0
HoldsAt(Meet_ID1_ID2,318) 0
HoldsAt(Meet_ID1_ID2,319) 0
HoldsAt(Meet_ID1_ID2,320) 0
HoldsAt(Meet_ID1_ID2,321) 0
HoldsAt(Meet_ID1_ID2,322) 0
HoldsAt(Meet_ID1_ID2,323) 0
HoldsAt(Meet_ID1_ID2,324) 0
HoldsAt(Meet_ID1_ID2,325) 0
HoldsAt(Meet_ID1_ID2,326) 0
HoldsAt(Meet_ID1_ID2,327) 0
HoldsAt(Meet_ID1_ID2,328) 0
HoldsAt(Meet_ID1_ID2,329) 0
HoldsAt(Meet_ID1_ID2,330) 0
HoldsAt(Meet_ID1_ID2,331) 0
HoldsAt(Meet_ID1_ID2,332) 0
HoldsAt(Meet_ID1_ID2,333) 0
HoldsAt(Meet_ID1_ID2,334) 0
HoldsAt(Meet_ID1_ID2,335) 0
HoldsAt(Meet_ID1_ID2,336) 0
HoldsAt(Meet_ID1_ID2,337) 0
HoldsAt(Meet_ID1_ID2,338) 0
HoldsAt(Meet_ID1_ID2,339) 0
HoldsAt(Meet_ID1_ID2,340) 0
HoldsAt(Meet_ID1_ID2,341) 0
HoldsAt(Meet_ID1_ID2,342) 0
HoldsAt(Meet_ID1_ID2,343) 0
HoldsAt(Meet_ID1_ID2,344) 0
HoldsAt(Meet_ID1_ID2,345) 0
HoldsAt(Meet_ID1_ID2,346) 0
HoldsAt(Meet_ID1_ID2,347) 0
HoldsAt(Meet_ID1_ID2,348) 0
HoldsAt(Meet_ID1_ID2,349) 0
HoldsAt(Meet_ID1_ID2,350) 0
HoldsAt(Meet_ID1_ID2,351) 0
HoldsAt(Meet_ID1_ID2,352) 0
HoldsAt(Meet_ID1_ID2,353) 0
HoldsAt(Meet_ID1_ID2,354) 0
HoldsAt(Meet_ID1_ID2,355) 0
HoldsAt(Meet_ID1_ID2,356) 0
HoldsAt(Meet_ID1_ID2,357) 0
HoldsAt(Meet_ID1_ID2,358) 0
HoldsAt(Meet_ID1_ID2,359) 0
HoldsAt(Meet_ID1_ID2,360) 0
HoldsAt(Meet_ID1_ID2,361) 0
HoldsAt(Meet_ID1_ID2,362) 0
HoldsAt(Meet_ID1_ID2,363) 0
HoldsAt(Meet_ID1_ID2,364) 0
HoldsAt(Meet_ID1_ID2,365) 0
HoldsAt(Meet_ID1_ID2,366) 0
HoldsAt(Meet_ID1_ID2,367) 0
HoldsAt(Meet_ID1_ID2,368) 0
HoldsAt(Meet_ID1_ID2,369) 0
HoldsAt(Meet_ID1_ID2,370) 0
HoldsAt(Meet_ID1_ID2,371) 0
HoldsAt(Meet_ID1_ID2,372) 0
HoldsAt(Meet_ID1_ID2,373) 0
HoldsAt(Meet_ID1_ID2,374) 0
HoldsAt(Meet_ID1_ID2,375) 0
HoldsAt(Meet_ID1_ID2,376) 0
HoldsAt(Meet_ID1_ID2,377) 0
HoldsAt(Meet_ID1_ID2,31) 0
HoldsAt(Meet_ID1_ID2,32) 0
HoldsAt(Meet_ID1_ID2,33) 0
HoldsAt(Meet_ID1_ID2,34) 0
HoldsAt(Meet_ID1_ID2,35) 0
HoldsAt(Meet_ID1_ID2,36) 0
HoldsAt(Meet_ID1_ID2,37) 0
HoldsAt(Meet_ID1_ID2,38) 0
HoldsAt(Meet_ID1_ID2,39) 0
HoldsAt(Meet_ID2_ID1,40) 0
HoldsAt(Meet_ID2_ID1,41) 0
HoldsAt(Meet_ID2_ID1,42) 0
HoldsAt(Meet_ID2_ID1,43) 0
HoldsAt(Meet_ID2_ID1,44) 0
HoldsAt(Meet_ID2_ID1,45) 0
HoldsAt(Meet_ID2_ID1,46) 0
HoldsAt(Meet_ID2_ID1,47) 0
HoldsAt(Meet_ID2_ID1,48) 0
HoldsAt(Meet_ID2_ID1,49) 0
HoldsAt(Meet_ID2_ID1,50) 0
HoldsAt(Meet_ID2_ID1,51) 0
HoldsAt(Meet_ID2_ID1,52) 0
HoldsAt(Meet_ID2_ID1,53) 0
HoldsAt(Meet_ID2_ID1,54) 0
HoldsAt(Meet_ID2_ID1,55) 0
HoldsAt(Meet_ID2_ID1,56) 0
HoldsAt(Meet_ID2_ID1,57) 0
HoldsAt(Meet_ID2_ID1,58) 0
HoldsAt(Meet_ID2_ID1,59) 0
HoldsAt(Meet_ID2_ID1,60) 0
HoldsAt(Meet_ID2_ID1,61) 0
HoldsAt(Meet_ID2_ID1,62) 0
HoldsAt(Meet_ID2_ID1,63) 0
HoldsAt(Meet_ID2_ID1,64) 0
HoldsAt(Meet_ID2_ID1,65) 0
HoldsAt(Meet_ID2_ID1,66) 0
HoldsAt(Meet_ID2_ID1,67) 0
HoldsAt(Meet_ID2_ID1,68) 0
HoldsAt(Meet_ID2_ID1,69) 0
HoldsAt(Meet_ID2_ID1,70) 0
HoldsAt(Meet_ID2_ID1,71) 0
HoldsAt(Meet_ID2_ID1,72) 0
HoldsAt(Meet_ID2_ID1,73) 0
HoldsAt(Meet_ID2_ID1,74) 0
HoldsAt(Meet_ID2_ID1,75) 0
HoldsAt(Meet_ID2_ID1,76) 0
HoldsAt(Meet_ID2_ID1,77) 0
HoldsAt(Meet_ID2_ID1,78) 0
HoldsAt(Meet_ID2_ID1,79) 0
HoldsAt(Meet_ID2_ID1,80) 0
HoldsAt(Meet_ID2_ID1,81) 0
HoldsAt(Meet_ID2_ID1,82) 0
HoldsAt(Meet_ID2_ID1,83) 0
HoldsAt(Meet_ID2_ID1,84) 0
HoldsAt(Meet_ID2_ID1,85) 0
HoldsAt(Meet_ID2_ID1,86) 0
HoldsAt(Meet_ID2_ID1,87) 0
HoldsAt(Meet_ID2_ID1,88) 0
HoldsAt(Meet_ID2_ID1,89) 0
HoldsAt(Meet_ID2_ID1,90) 0
HoldsAt(Meet_ID2_ID1,91) 0
HoldsAt(Meet_ID2_ID1,92) 0
HoldsAt(Meet_ID2_ID1,93) 0
HoldsAt(Meet_ID2_ID1,94) 0
HoldsAt(Meet_ID2_ID1,95) 0
HoldsAt(Meet_ID2_ID1,96) 0
HoldsAt(Meet_ID2_ID1,97) 0
HoldsAt(Meet_ID2_ID1,98) 0
HoldsAt(Meet_ID2_ID1,99) 0
HoldsAt(Meet_ID2_ID1,100) 0
HoldsAt(Meet_ID2_ID1,101) 0
HoldsAt(Meet_ID2_ID1,102) 0
HoldsAt(Meet_ID2_ID1,103) 0
HoldsAt(Meet_ID2_ID1,104) 0
HoldsAt(Meet_ID2_ID1,105) 0
HoldsAt(Meet_ID2_ID1,106) 0
HoldsAt(Meet_ID2_ID1,107) 0
HoldsAt(Meet_ID2_ID1,108) 0
HoldsAt(Meet_ID2_ID1,109) 0
HoldsAt(Meet_ID2_ID1,110) 0
HoldsAt(Meet_ID2_ID1,111) 0
HoldsAt(Meet_ID2_ID1,112) 0
HoldsAt(Meet_ID2_ID1,113) 0
HoldsAt(Meet_ID2_ID1,114) 0
HoldsAt(Meet_ID2_ID1,115) 0
HoldsAt(Meet_ID2_ID1,116) 0
HoldsAt(Meet_ID2_ID1,117) 0
HoldsAt(Meet_ID2_ID1,118) 0
HoldsAt(Meet_ID2_ID1,119) 0
HoldsAt(Meet_ID2_ID1,120) 0
HoldsAt(Meet_ID2_ID1,121) 0
HoldsAt(Meet_ID2_ID1,122) 0
HoldsAt(Meet_ID2_ID1,123) 0
HoldsAt(Meet_ID2_ID1,124) 0
HoldsAt(Meet_ID2_ID1,125) 0
HoldsAt(Meet_ID2_ID1,126) 0
HoldsAt(Meet_ID2_ID1,127) 0
HoldsAt(Meet_ID2_ID1,128) 0
HoldsAt(Meet_ID2_ID1,129) 0
HoldsAt(Meet_ID2_ID1,130) 0
HoldsAt(Meet_ID2_ID1,131) 0
HoldsAt(Meet_ID2_ID1,132) 0
HoldsAt(Meet_ID2_ID1,133) 0
HoldsAt(Meet_ID2_ID1,134) 0
HoldsAt(Meet_ID2_ID1,135) 0
HoldsAt(Meet_ID2_ID1,136) 0
HoldsAt(Meet_ID2_ID1,137) 0
HoldsAt(Meet_ID2_ID1,138) 0
HoldsAt(Meet_ID2_ID1,139) 0
HoldsAt(Meet_ID2_ID1,140) 0
HoldsAt(Meet_ID2_ID1,141) 0
HoldsAt(Meet_ID2_ID1,142) 0
HoldsAt(Meet_ID2_ID1,143) 0
HoldsAt(Meet_ID2_ID1,144) 0
HoldsAt(Meet_ID2_ID1,145) 0
HoldsAt(Meet_ID2_ID1,146) 0
HoldsAt(Meet_ID2_ID1,147) 0
HoldsAt(Meet_ID2_ID1,148) 0
HoldsAt(Meet_ID2_ID1,149) 0
HoldsAt(Meet_ID2_ID1,150) 0
HoldsAt(Meet_ID2_ID1,151) 0
HoldsAt(Meet_ID2_ID1,152) 0
HoldsAt(Meet_ID2_ID1,153) 0
HoldsAt(Meet_ID2_ID1,154) 0
HoldsAt(Meet_ID2_ID1,155) 0
HoldsAt(Meet_ID2_ID1,156) 0
HoldsAt(Meet_ID2_ID1,157) 0
HoldsAt(Meet_ID2_ID1,158) 0
HoldsAt(Meet_ID2_ID1,159) 0
HoldsAt(Meet_ID2_ID1,160) 0
HoldsAt(Meet_ID2_ID1,161) 0
HoldsAt(Meet_ID2_ID1,162) 0
HoldsAt(Meet_ID2_ID1,163) 0
HoldsAt(Meet_ID2_ID1,164) 0
HoldsAt(Meet_ID2_ID1,165) 0
HoldsAt(Meet_ID2_ID1,166) 0
HoldsAt(Meet_ID2_ID1,167) 0
HoldsAt(Meet_ID2_ID1,168) 0
HoldsAt(Meet_ID2_ID1,169) 0
HoldsAt(Meet_ID2_ID1,170) 0
HoldsAt(Meet_ID2_ID1,171) 0
HoldsAt(Meet_ID2_ID1,172) 0
HoldsAt(Meet_ID2_ID1,173) 0
HoldsAt(Meet_ID2_ID1,174) 0
HoldsAt(Meet_ID2_ID1,175) 0
HoldsAt(Meet_ID2_ID1,176) 0
HoldsAt(Meet_ID2_ID1,177) 0
HoldsAt(Meet_ID2_ID1,178) 0
HoldsAt(Meet_ID2_ID1,179) 0
HoldsAt(Meet_ID2_ID1,180) 0
HoldsAt(Meet_ID2_ID1,181) 0
HoldsAt(Meet_ID2_ID1,182) 0
HoldsAt(Meet_ID2_ID1,183) 0
HoldsAt(Meet_ID2_ID1,184) 0
HoldsAt(Meet_ID2_ID1,185) 0
HoldsAt(Meet_ID2_ID1,186) 0
HoldsAt(Meet_ID2_ID1,187) 0
HoldsAt(Meet_ID2_ID1,188) 0
HoldsAt(Meet_ID2_ID1,189) 0
HoldsAt(Meet_ID2_ID1,190) 0
HoldsAt(Meet_ID2_ID1,191) 0
HoldsAt(Meet_ID2_ID1,192) 0
HoldsAt(Meet_ID2_ID1,193) 0
HoldsAt(Meet_ID2_ID1,194) 0
HoldsAt(Meet_ID2_ID1,195) 0
HoldsAt(Meet_ID2_ID1,196) 0
HoldsAt(Meet_ID2_ID1,197) 0
HoldsAt(Meet_ID2_ID1,198) 0
HoldsAt(Meet_ID2_ID1,199) 0
HoldsAt(Meet_ID2_ID1,200) 0
HoldsAt(Meet_ID2_ID1,201) 0
HoldsAt(Meet_ID2_ID1,202) 0
HoldsAt(Meet_ID2_ID1,203) 0
HoldsAt(Meet_ID2_ID1,204) 0
HoldsAt(Meet_ID2_ID1,205) 0
HoldsAt(Meet_ID2_ID1,206) 0
HoldsAt(Meet_ID2_ID1,207) 0
HoldsAt(Meet_ID2_ID1,208) 0
HoldsAt(Meet_ID2_ID1,209) 0
HoldsAt(Meet_ID2_ID1,210) 0
HoldsAt(Meet_ID2_ID1,211) 0
HoldsAt(Meet_ID2_ID1,212) 0
HoldsAt(Meet_ID2_ID1,213) 0
HoldsAt(Meet_ID2_ID1,214) 0
HoldsAt(Meet_ID2_ID1,215) 0
HoldsAt(Meet_ID2_ID1,216) 0
HoldsAt(Meet_ID2_ID1,217) 0
HoldsAt(Meet_ID2_ID1,218) 0
HoldsAt(Meet_ID2_ID1,219) 0
HoldsAt(Meet_ID2_ID1,220) 0
HoldsAt(Meet_ID2_ID1,221) 0
HoldsAt(Meet_ID2_ID1,222) 0
HoldsAt(Meet_ID2_ID1,223) 0
HoldsAt(Meet_ID2_ID1,224) 0
HoldsAt(Meet_ID2_ID1,225) 0
HoldsAt(Meet_ID2_ID1,226) 0
HoldsAt(Meet_ID2_ID1,227) 0
HoldsAt(Meet_ID2_ID1,228) 0
HoldsAt(Meet_ID2_ID1,229) 0
HoldsAt(Meet_ID2_ID1,230) 0
HoldsAt(Meet_ID2_ID1,231) 0
HoldsAt(Meet_ID2_ID1,232) 0
HoldsAt(Meet_ID2_ID1,233) 0
HoldsAt(Meet_ID2_ID1,234) 0
HoldsAt(Meet_ID2_ID1,235) 0
HoldsAt(Meet_ID2_ID1,236) 0
HoldsAt(Meet_ID2_ID1,237) 0
HoldsAt(Meet_ID2_ID1,238) 0
HoldsAt(Meet_ID2_ID1,239) 0
HoldsAt(Meet_ID2_ID1,240) 0
HoldsAt(Meet_ID2_ID1,241) 0
HoldsAt(Meet_ID2_ID1,242) 0
HoldsAt(Meet_ID2_ID1,243) 0
HoldsAt(Meet_ID2_ID1,244) 0
HoldsAt(Meet_ID2_ID1,245) 0
HoldsAt(Meet_ID2_ID1,246) 0
HoldsAt(Meet_ID2_ID1,247) 0
HoldsAt(Meet_ID2_ID1,248) 0
HoldsAt(Meet_ID2_ID1,249) 0
HoldsAt(Meet_ID2_ID1,250) 0
HoldsAt(Meet_ID2_ID1,251) 0
HoldsAt(Meet_ID2_ID1,252) 0
HoldsAt(Meet_ID2_ID1,253) 0
HoldsAt(Meet_ID2_ID1,254) 0
HoldsAt(Meet_ID2_ID1,255) 0
HoldsAt(Meet_ID2_ID1,256) 0
HoldsAt(Meet_ID2_ID1,257) 0
HoldsAt(Meet_ID2_ID1,258) 0
HoldsAt(Meet_ID2_ID1,259) 0
HoldsAt(Meet_ID2_ID1,260) 0
HoldsAt(Meet_ID2_ID1,261) 0
HoldsAt(Meet_ID2_ID1,262) 0
HoldsAt(Meet_ID2_ID1,263) 0
HoldsAt(Meet_ID2_ID1,264) 0
HoldsAt(Meet_ID2_ID1,265) 0
HoldsAt(Meet_ID2_ID1,266) 0
HoldsAt(Meet_ID2_ID1,267) 0
HoldsAt(Meet_ID2_ID1,268) 0
HoldsAt(Meet_ID2_ID1,269) 0
HoldsAt(Meet_ID2_ID1,270) 0
HoldsAt(Meet_ID2_ID1,271) 0
HoldsAt(Meet_ID2_ID1,272) 0
HoldsAt(Meet_ID2_ID1,273) 0
HoldsAt(Meet_ID2_ID1,274) 0
HoldsAt(Meet_ID2_ID1,275) 0
HoldsAt(Meet_ID2_ID1,276) 0
HoldsAt(Meet_ID2_ID1,277) 0
HoldsAt(Meet_ID2_ID1,278) 0
HoldsAt(Meet_ID2_ID1,279) 0
HoldsAt(Meet_ID2_ID1,280) 0
HoldsAt(Meet_ID2_ID1,281) 0
HoldsAt(Meet_ID2_ID1,282) 0
HoldsAt(Meet_ID2_ID1,283) 0
HoldsAt(Meet_ID2_ID1,284) 0
HoldsAt(Meet_ID2_ID1,285) 0
HoldsAt(Meet_ID2_ID1,286) 0
HoldsAt(Meet_ID2_ID1,287) 0
HoldsAt(Meet_ID2_ID1,288) 0
HoldsAt(Meet_ID2_ID1,289) 0
HoldsAt(Meet_ID2_ID1,290) 0
HoldsAt(Meet_ID2_ID1,291) 0
HoldsAt(Meet_ID2_ID1,292) 0
HoldsAt(Meet_ID2_ID1,293) 0
HoldsAt(Meet_ID2_ID1,294) 0
HoldsAt(Meet_ID2_ID1,295) 0
HoldsAt(Meet_ID2_ID1,296) 0
HoldsAt(Meet_ID2_ID1,297) 0
HoldsAt(Meet_ID2_ID1,298) 0
HoldsAt(Meet_ID2_ID1,299) 0
HoldsAt(Meet_ID2_ID1,300) 0
HoldsAt(Meet_ID2_ID1,301) 0
HoldsAt(Meet_ID2_ID1,302) 0
HoldsAt(Meet_ID2_ID1,303) 0
HoldsAt(Meet_ID2_ID1,304) 0
HoldsAt(Meet_ID2_ID1,305) 0
HoldsAt(Meet_ID2_ID1,306) 0
HoldsAt(Meet_ID2_ID1,307) 0
HoldsAt(Meet_ID2_ID1,308) 0
HoldsAt(Meet_ID2_ID1,309) 0
HoldsAt(Meet_ID2_ID1,310) 0
HoldsAt(Meet_ID2_ID1,311) 0
HoldsAt(Meet_ID2_ID1,312) 0
HoldsAt(Meet_ID2_ID1,313) 0
HoldsAt(Meet_ID2_ID1,314) 0
HoldsAt(Meet_ID2_ID1,315) 0
HoldsAt(Meet_ID2_ID1,316) 0
HoldsAt(Meet_ID2_ID1,317) 0
HoldsAt(Meet_ID2_ID1,318) 0
HoldsAt(Meet_ID2_ID1,319) 0
HoldsAt(Meet_ID2_ID1,320) 0
HoldsAt(Meet_ID2_ID1,321) 0
HoldsAt(Meet_ID2_ID1,322) 0
HoldsAt(Meet_ID2_ID1,323) 0
HoldsAt(Meet_ID2_ID1,324) 0
HoldsAt(Meet_ID2_ID1,325) 0
HoldsAt(Meet_ID2_ID1,326) 0
HoldsAt(Meet_ID2_ID1,327) 0
HoldsAt(Meet_ID2_ID1,328) 0
HoldsAt(Meet_ID2_ID1,329) 0
HoldsAt(Meet_ID2_ID1,330) 0
HoldsAt(Meet_ID2_ID1,331) 0
HoldsAt(Meet_ID2_ID1,332) 0
HoldsAt(Meet_ID2_ID1,333) 0
HoldsAt(Meet_ID2_ID1,334) 0
HoldsAt(Meet_ID2_ID1,335) 0
HoldsAt(Meet_ID2_ID1,336) 0
HoldsAt(Meet_ID2_ID1,337) 0
HoldsAt(Meet_ID2_ID1,338) 0
HoldsAt(Meet_ID2_ID1,339) 0
HoldsAt(Meet_ID2_ID1,340) 0
HoldsAt(Meet_ID2_ID1,341) 0
HoldsAt(Meet_ID2_ID1,342) 0
HoldsAt(Meet_ID2_ID1,343) 0
HoldsAt(Meet_ID2_ID1,344) 0
HoldsAt(Meet_ID2_ID1,345) 0
HoldsAt(Meet_ID2_ID1,346) 0
HoldsAt(Meet_ID2_ID1,347) 0
HoldsAt(Meet_ID2_ID1,348) 0
HoldsAt(Meet_ID2_ID1,349) 0
HoldsAt(Meet_ID2_ID1,350) 0
HoldsAt(Meet_ID2_ID1,351) 0
HoldsAt(Meet_ID2_ID1,352) 0
HoldsAt(Meet_ID2_ID1,353) 0
HoldsAt(Meet_ID2_ID1,354) 0
HoldsAt(Meet_ID2_ID1,355) 0
HoldsAt(Meet_ID2_ID1,356) 0
HoldsAt(Meet_ID2_ID1,357) 0
HoldsAt(Meet_ID2_ID1,358) 0
HoldsAt(Meet_ID2_ID1,359) 0
HoldsAt(Meet_ID2_ID1,360) 0
HoldsAt(Meet_ID2_ID1,361) 0
HoldsAt(Meet_ID2_ID1,362) 0
HoldsAt(Meet_ID2_ID1,363) 0
HoldsAt(Meet_ID2_ID1,364) 0
HoldsAt(Meet_ID2_ID1,365) 0
HoldsAt(Meet_ID2_ID1,366) 0
HoldsAt(Meet_ID2_ID1,367) 0
HoldsAt(Meet_ID2_ID1,368) 0
HoldsAt(Meet_ID2_ID1,369) 0
HoldsAt(Meet_ID2_ID1,370) 0
HoldsAt(Meet_ID2_ID1,371) 0
HoldsAt(Meet_ID2_ID1,372) 0
HoldsAt(Meet_ID2_ID1,373) 0
HoldsAt(Meet_ID2_ID1,374) 0
HoldsAt(Meet_ID2_ID1,375) 0
HoldsAt(Meet_ID2_ID1,376) 0
HoldsAt(Meet_ID2_ID1,377) 0
HoldsAt(Meet_ID2_ID1,31) 0
HoldsAt(Meet_ID2_ID1,32) 0
HoldsAt(Meet_ID2_ID1,33) 0
HoldsAt(Meet_ID2_ID1,34) 0
HoldsAt(Meet_ID2_ID1,35) 0
HoldsAt(Meet_ID2_ID1,36) 0
HoldsAt(Meet_ID2_ID1,37) 0
HoldsAt(Meet_ID2_ID1,38) 0
HoldsAt(Meet_ID2_ID1,39) 0
HoldsAt(Meet_ID2_ID2,40) 0
HoldsAt(Meet_ID2_ID2,41) 0
HoldsAt(Meet_ID2_ID2,42) 0
HoldsAt(Meet_ID2_ID2,43) 0
HoldsAt(Meet_ID2_ID2,44) 0
HoldsAt(Meet_ID2_ID2,45) 0
HoldsAt(Meet_ID2_ID2,46) 0
HoldsAt(Meet_ID2_ID2,47) 0
HoldsAt(Meet_ID2_ID2,48) 0
HoldsAt(Meet_ID2_ID2,49) 0
HoldsAt(Meet_ID2_ID2,50) 0
HoldsAt(Meet_ID2_ID2,51) 0
HoldsAt(Meet_ID2_ID2,52) 0
HoldsAt(Meet_ID2_ID2,53) 0
HoldsAt(Meet_ID2_ID2,54) 0
HoldsAt(Meet_ID2_ID2,55) 0
HoldsAt(Meet_ID2_ID2,56) 0
HoldsAt(Meet_ID2_ID2,57) 0
HoldsAt(Meet_ID2_ID2,58) 0
HoldsAt(Meet_ID2_ID2,59) 0
HoldsAt(Meet_ID2_ID2,60) 0
HoldsAt(Meet_ID2_ID2,61) 0
HoldsAt(Meet_ID2_ID2,62) 0
HoldsAt(Meet_ID2_ID2,63) 0
HoldsAt(Meet_ID2_ID2,64) 0
HoldsAt(Meet_ID2_ID2,65) 0
HoldsAt(Meet_ID2_ID2,66) 0
HoldsAt(Meet_ID2_ID2,67) 0
HoldsAt(Meet_ID2_ID2,68) 0
HoldsAt(Meet_ID2_ID2,69) 0
HoldsAt(Meet_ID2_ID2,70) 0
HoldsAt(Meet_ID2_ID2,71) 0
HoldsAt(Meet_ID2_ID2,72) 0
HoldsAt(Meet_ID2_ID2,73) 0
HoldsAt(Meet_ID2_ID2,74) 0
HoldsAt(Meet_ID2_ID2,75) 0
HoldsAt(Meet_ID2_ID2,76) 0
HoldsAt(Meet_ID2_ID2,77) 0
HoldsAt(Meet_ID2_ID2,78) 0
HoldsAt(Meet_ID2_ID2,79) 0
HoldsAt(Meet_ID2_ID2,80) 0
HoldsAt(Meet_ID2_ID2,81) 0
HoldsAt(Meet_ID2_ID2,82) 0
HoldsAt(Meet_ID2_ID2,83) 0
HoldsAt(Meet_ID2_ID2,84) 0
HoldsAt(Meet_ID2_ID2,85) 0
HoldsAt(Meet_ID2_ID2,86) 0
HoldsAt(Meet_ID2_ID2,87) 0
HoldsAt(Meet_ID2_ID2,88) 0
HoldsAt(Meet_ID2_ID2,89) 0
HoldsAt(Meet_ID2_ID2,90) 0
HoldsAt(Meet_ID2_ID2,91) 0
HoldsAt(Meet_ID2_ID2,92) 0
HoldsAt(Meet_ID2_ID2,93) 0
HoldsAt(Meet_ID2_ID2,94) 0
HoldsAt(Meet_ID2_ID2,95) 0
HoldsAt(Meet_ID2_ID2,96) 0
HoldsAt(Meet_ID2_ID2,97) 0
HoldsAt(Meet_ID2_ID2,98) 0
HoldsAt(Meet_ID2_ID2,99) 0
HoldsAt(Meet_ID2_ID2,100) 0
HoldsAt(Meet_ID2_ID2,101) 0
HoldsAt(Meet_ID2_ID2,102) 0
HoldsAt(Meet_ID2_ID2,103) 0
HoldsAt(Meet_ID2_ID2,104) 0
HoldsAt(Meet_ID2_ID2,105) 0
HoldsAt(Meet_ID2_ID2,106) 0
HoldsAt(Meet_ID2_ID2,107) 0
HoldsAt(Meet_ID2_ID2,108) 0
HoldsAt(Meet_ID2_ID2,109) 0
HoldsAt(Meet_ID2_ID2,110) 0
HoldsAt(Meet_ID2_ID2,111) 0
HoldsAt(Meet_ID2_ID2,112) 0
HoldsAt(Meet_ID2_ID2,113) 0
HoldsAt(Meet_ID2_ID2,114) 0
HoldsAt(Meet_ID2_ID2,115) 0
HoldsAt(Meet_ID2_ID2,116) 0
HoldsAt(Meet_ID2_ID2,117) 0
HoldsAt(Meet_ID2_ID2,118) 0
HoldsAt(Meet_ID2_ID2,119) 0
HoldsAt(Meet_ID2_ID2,120) 0
HoldsAt(Meet_ID2_ID2,121) 0
HoldsAt(Meet_ID2_ID2,122) 0
HoldsAt(Meet_ID2_ID2,123) 0
HoldsAt(Meet_ID2_ID2,124) 0
HoldsAt(Meet_ID2_ID2,125) 0
HoldsAt(Meet_ID2_ID2,126) 0
HoldsAt(Meet_ID2_ID2,127) 0
HoldsAt(Meet_ID2_ID2,128) 0
HoldsAt(Meet_ID2_ID2,129) 0
HoldsAt(Meet_ID2_ID2,130) 0
HoldsAt(Meet_ID2_ID2,131) 0
HoldsAt(Meet_ID2_ID2,132) 0
HoldsAt(Meet_ID2_ID2,133) 0
HoldsAt(Meet_ID2_ID2,134) 0
HoldsAt(Meet_ID2_ID2,135) 0
HoldsAt(Meet_ID2_ID2,136) 0
HoldsAt(Meet_ID2_ID2,137) 0
HoldsAt(Meet_ID2_ID2,138) 0
HoldsAt(Meet_ID2_ID2,139) 0
HoldsAt(Meet_ID2_ID2,140) 0
HoldsAt(Meet_ID2_ID2,141) 0
HoldsAt(Meet_ID2_ID2,142) 0
HoldsAt(Meet_ID2_ID2,143) 0
HoldsAt(Meet_ID2_ID2,144) 0
HoldsAt(Meet_ID2_ID2,145) 0
HoldsAt(Meet_ID2_ID2,146) 0
HoldsAt(Meet_ID2_ID2,147) 0
HoldsAt(Meet_ID2_ID2,148) 0
HoldsAt(Meet_ID2_ID2,149) 0
HoldsAt(Meet_ID2_ID2,150) 0
HoldsAt(Meet_ID2_ID2,151) 0
HoldsAt(Meet_ID2_ID2,152) 0
HoldsAt(Meet_ID2_ID2,153) 0
HoldsAt(Meet_ID2_ID2,154) 0
HoldsAt(Meet_ID2_ID2,155) 0
HoldsAt(Meet_ID2_ID2,156) 0
HoldsAt(Meet_ID2_ID2,157) 0
HoldsAt(Meet_ID2_ID2,158) 0
HoldsAt(Meet_ID2_ID2,159) 0
HoldsAt(Meet_ID2_ID2,160) 0
HoldsAt(Meet_ID2_ID2,161) 0
HoldsAt(Meet_ID2_ID2,162) 0
HoldsAt(Meet_ID2_ID2,163) 0
HoldsAt(Meet_ID2_ID2,164) 0
HoldsAt(Meet_ID2_ID2,165) 0
HoldsAt(Meet_ID2_ID2,166) 0
HoldsAt(Meet_ID2_ID2,167) 0
HoldsAt(Meet_ID2_ID2,168) 0
HoldsAt(Meet_ID2_ID2,169) 0
HoldsAt(Meet_ID2_ID2,170) 0
HoldsAt(Meet_ID2_ID2,171) 0
HoldsAt(Meet_ID2_ID2,172) 0
HoldsAt(Meet_ID2_ID2,173) 0
HoldsAt(Meet_ID2_ID2,174) 0
HoldsAt(Meet_ID2_ID2,175) 0
HoldsAt(Meet_ID2_ID2,176) 0
HoldsAt(Meet_ID2_ID2,177) 0
HoldsAt(Meet_ID2_ID2,178) 0
HoldsAt(Meet_ID2_ID2,179) 0
HoldsAt(Meet_ID2_ID2,180) 0
HoldsAt(Meet_ID2_ID2,181) 0
HoldsAt(Meet_ID2_ID2,182) 0
HoldsAt(Meet_ID2_ID2,183) 0
HoldsAt(Meet_ID2_ID2,184) 0
HoldsAt(Meet_ID2_ID2,185) 0
HoldsAt(Meet_ID2_ID2,186) 0
HoldsAt(Meet_ID2_ID2,187) 0
HoldsAt(Meet_ID2_ID2,188) 0
HoldsAt(Meet_ID2_ID2,189) 0
HoldsAt(Meet_ID2_ID2,190) 0
HoldsAt(Meet_ID2_ID2,191) 0
HoldsAt(Meet_ID2_ID2,192) 0
HoldsAt(Meet_ID2_ID2,193) 0
HoldsAt(Meet_ID2_ID2,194) 0
HoldsAt(Meet_ID2_ID2,195) 0
HoldsAt(Meet_ID2_ID2,196) 0
HoldsAt(Meet_ID2_ID2,197) 0
HoldsAt(Meet_ID2_ID2,198) 0
HoldsAt(Meet_ID2_ID2,199) 0
HoldsAt(Meet_ID2_ID2,200) 0
HoldsAt(Meet_ID2_ID2,201) 0
HoldsAt(Meet_ID2_ID2,202) 0
HoldsAt(Meet_ID2_ID2,203) 0
HoldsAt(Meet_ID2_ID2,204) 0
HoldsAt(Meet_ID2_ID2,205) 0
HoldsAt(Meet_ID2_ID2,206) 0
HoldsAt(Meet_ID2_ID2,207) 0
HoldsAt(Meet_ID2_ID2,208) 0
HoldsAt(Meet_ID2_ID2,209) 0
HoldsAt(Meet_ID2_ID2,210) 0
HoldsAt(Meet_ID2_ID2,211) 0
HoldsAt(Meet_ID2_ID2,212) 0
HoldsAt(Meet_ID2_ID2,213) 0
HoldsAt(Meet_ID2_ID2,214) 0
HoldsAt(Meet_ID2_ID2,215) 0
HoldsAt(Meet_ID2_ID2,216) 0
HoldsAt(Meet_ID2_ID2,217) 0
HoldsAt(Meet_ID2_ID2,218) 0
HoldsAt(Meet_ID2_ID2,219) 0
HoldsAt(Meet_ID2_ID2,220) 0
HoldsAt(Meet_ID2_ID2,221) 0
HoldsAt(Meet_ID2_ID2,222) 0
HoldsAt(Meet_ID2_ID2,223) 0
HoldsAt(Meet_ID2_ID2,224) 0
HoldsAt(Meet_ID2_ID2,225) 0
HoldsAt(Meet_ID2_ID2,226) 0
HoldsAt(Meet_ID2_ID2,227) 0
HoldsAt(Meet_ID2_ID2,228) 0
HoldsAt(Meet_ID2_ID2,229) 0
HoldsAt(Meet_ID2_ID2,230) 0
HoldsAt(Meet_ID2_ID2,231) 0
HoldsAt(Meet_ID2_ID2,232) 0
HoldsAt(Meet_ID2_ID2,233) 0
HoldsAt(Meet_ID2_ID2,234) 0
HoldsAt(Meet_ID2_ID2,235) 0
HoldsAt(Meet_ID2_ID2,236) 0
HoldsAt(Meet_ID2_ID2,237) 0
HoldsAt(Meet_ID2_ID2,238) 0
HoldsAt(Meet_ID2_ID2,239) 0
HoldsAt(Meet_ID2_ID2,240) 0
HoldsAt(Meet_ID2_ID2,241) 0
HoldsAt(Meet_ID2_ID2,242) 0
HoldsAt(Meet_ID2_ID2,243) 0
HoldsAt(Meet_ID2_ID2,244) 0
HoldsAt(Meet_ID2_ID2,245) 0
HoldsAt(Meet_ID2_ID2,246) 0
HoldsAt(Meet_ID2_ID2,247) 0
HoldsAt(Meet_ID2_ID2,248) 0
HoldsAt(Meet_ID2_ID2,249) 0
HoldsAt(Meet_ID2_ID2,250) 0
HoldsAt(Meet_ID2_ID2,251) 0
HoldsAt(Meet_ID2_ID2,252) 0
HoldsAt(Meet_ID2_ID2,253) 0
HoldsAt(Meet_ID2_ID2,254) 0
HoldsAt(Meet_ID2_ID2,255) 0
HoldsAt(Meet_ID2_ID2,256) 0
HoldsAt(Meet_ID2_ID2,257) 0
HoldsAt(Meet_ID2_ID2,258) 0
HoldsAt(Meet_ID2_ID2,259) 0
HoldsAt(Meet_ID2_ID2,260) 0
HoldsAt(Meet_ID2_ID2,261) 0
HoldsAt(Meet_ID2_ID2,262) 0
HoldsAt(Meet_ID2_ID2,263) 0
HoldsAt(Meet_ID2_ID2,264) 0
HoldsAt(Meet_ID2_ID2,265) 0
HoldsAt(Meet_ID2_ID2,266) 0
HoldsAt(Meet_ID2_ID2,267) 0
HoldsAt(Meet_ID2_ID2,268) 0
HoldsAt(Meet_ID2_ID2,269) 0
HoldsAt(Meet_ID2_ID2,270) 0
HoldsAt(Meet_ID2_ID2,271) 0
HoldsAt(Meet_ID2_ID2,272) 0
HoldsAt(Meet_ID2_ID2,273) 0
HoldsAt(Meet_ID2_ID2,274) 0
HoldsAt(Meet_ID2_ID2,275) 0
HoldsAt(Meet_ID2_ID2,276) 0
HoldsAt(Meet_ID2_ID2,277) 0
HoldsAt(Meet_ID2_ID2,278) 0
HoldsAt(Meet_ID2_ID2,279) 0
HoldsAt(Meet_ID2_ID2,280) 0
HoldsAt(Meet_ID2_ID2,281) 0
HoldsAt(Meet_ID2_ID2,282) 0
HoldsAt(Meet_ID2_ID2,283) 0
HoldsAt(Meet_ID2_ID2,284) 0
HoldsAt(Meet_ID2_ID2,285) 0
HoldsAt(Meet_ID2_ID2,286) 0
HoldsAt(Meet_ID2_ID2,287) 0
HoldsAt(Meet_ID2_ID2,288) 0
HoldsAt(Meet_ID2_ID2,289) 0
HoldsAt(Meet_ID2_ID2,290) 0
HoldsAt(Meet_ID2_ID2,291) 0
HoldsAt(Meet_ID2_ID2,292) 0
HoldsAt(Meet_ID2_ID2,293) 0
HoldsAt(Meet_ID2_ID2,294) 0
HoldsAt(Meet_ID2_ID2,295) 0
HoldsAt(Meet_ID2_ID2,296) 0
HoldsAt(Meet_ID2_ID2,297) 0
HoldsAt(Meet_ID2_ID2,298) 0
HoldsAt(Meet_ID2_ID2,299) 0
HoldsAt(Meet_ID2_ID2,300) 0
HoldsAt(Meet_ID2_ID2,301) 0
HoldsAt(Meet_ID2_ID2,302) 0
HoldsAt(Meet_ID2_ID2,303) 0
HoldsAt(Meet_ID2_ID2,304) 0
HoldsAt(Meet_ID2_ID2,305) 0
HoldsAt(Meet_ID2_ID2,306) 0
HoldsAt(Meet_ID2_ID2,307) 0
HoldsAt(Meet_ID2_ID2,308) 0
HoldsAt(Meet_ID2_ID2,309) 0
HoldsAt(Meet_ID2_ID2,310) 0
HoldsAt(Meet_ID2_ID2,311) 0
HoldsAt(Meet_ID2_ID2,312) 0
HoldsAt(Meet_ID2_ID2,313) 0
HoldsAt(Meet_ID2_ID2,314) 0
HoldsAt(Meet_ID2_ID2,315) 0
HoldsAt(Meet_ID2_ID2,316) 0
HoldsAt(Meet_ID2_ID2,317) 0
HoldsAt(Meet_ID2_ID2,318) 0
HoldsAt(Meet_ID2_ID2,319) 0
HoldsAt(Meet_ID2_ID2,320) 0
HoldsAt(Meet_ID2_ID2,321) 0
HoldsAt(Meet_ID2_ID2,322) 0
HoldsAt(Meet_ID2_ID2,323) 0
HoldsAt(Meet_ID2_ID2,324) 0
HoldsAt(Meet_ID2_ID2,325) 0
HoldsAt(Meet_ID2_ID2,326) 0
HoldsAt(Meet_ID2_ID2,327) 0
HoldsAt(Meet_ID2_ID2,328) 0
HoldsAt(Meet_ID2_ID2,329) 0
HoldsAt(Meet_ID2_ID2,330) 0
HoldsAt(Meet_ID2_ID2,331) 0
HoldsAt(Meet_ID2_ID2,332) 0
HoldsAt(Meet_ID2_ID2,333) 0
HoldsAt(Meet_ID2_ID2,334) 0
HoldsAt(Meet_ID2_ID2,335) 0
HoldsAt(Meet_ID2_ID2,336) 0
HoldsAt(Meet_ID2_ID2,337) 0
HoldsAt(Meet_ID2_ID2,338) 0
HoldsAt(Meet_ID2_ID2,339) 0
HoldsAt(Meet_ID2_ID2,340) 0
HoldsAt(Meet_ID2_ID2,341) 0
HoldsAt(Meet_ID2_ID2,342) 0
HoldsAt(Meet_ID2_ID2,343) 0
HoldsAt(Meet_ID2_ID2,344) 0
HoldsAt(Meet_ID2_ID2,345) 0
HoldsAt(Meet_ID2_ID2,346) 0
HoldsAt(Meet_ID2_ID2,347) 0
HoldsAt(Meet_ID2_ID2,348) 0
HoldsAt(Meet_ID2_ID2,349) 0
HoldsAt(Meet_ID2_ID2,350) 0
HoldsAt(Meet_ID2_ID2,351) 0
HoldsAt(Meet_ID2_ID2,352) 0
HoldsAt(Meet_ID2_ID2,353) 0
HoldsAt(Meet_ID2_ID2,354) 0
HoldsAt(Meet_ID2_ID2,355) 0
HoldsAt(Meet_ID2_ID2,356) 0
HoldsAt(Meet_ID2_ID2,357) 0
HoldsAt(Meet_ID2_ID2,358) 0
HoldsAt(Meet_ID2_ID2,359) 0
HoldsAt(Meet_ID2_ID2,360) 0
HoldsAt(Meet_ID2_ID2,361) 0
HoldsAt(Meet_ID2_ID2,362) 0
HoldsAt(Meet_ID2_ID2,363) 0
HoldsAt(Meet_ID2_ID2,364) 0
HoldsAt(Meet_ID2_ID2,365) 0
HoldsAt(Meet_ID2_ID2,366) 0
HoldsAt(Meet_ID2_ID2,367) 0
HoldsAt(Meet_ID2_ID2,368) 0
HoldsAt(Meet_ID2_ID2,369) 0
HoldsAt(Meet_ID2_ID2,370) 0
HoldsAt(Meet_ID2_ID2,371) 0
HoldsAt(Meet_ID2_ID2,372) 0
HoldsAt(Meet_ID2_ID2,373) 0
HoldsAt(Meet_ID2_ID2,374) 0
HoldsAt(Meet_ID2_ID2,375) 0
HoldsAt(Meet_ID2_ID2,376) 0
HoldsAt(Meet_ID2_ID2,377) 0
HoldsAt(Meet_ID2_ID2,31) 0
HoldsAt(Meet_ID2_ID2,32) 0
HoldsAt(Meet_ID2_ID2,33) 0
HoldsAt(Meet_ID2_ID2,34) 0
HoldsAt(Meet_ID2_ID2,35) 0
HoldsAt(Meet_ID2_ID2,36) 0
HoldsAt(Meet_ID2_ID2,37) 0
HoldsAt(Meet_ID2_ID2,38) 0
HoldsAt(Meet_ID2_ID2,39) 0
