HoldsAt(Meet_ID2_ID2,69) 0
HoldsAt(Meet_ID2_ID2,70) 0
HoldsAt(Meet_ID2_ID2,71) 0
HoldsAt(Meet_ID2_ID2,72) 0
HoldsAt(Meet_ID2_ID2,73) 0
HoldsAt(Meet_ID2_ID2,74) 0
HoldsAt(Meet_ID2_ID2,75) 0
HoldsAt(Meet_ID2_ID2,76) 0
HoldsAt(Meet_ID2_ID2,77) 0
HoldsAt(Meet_ID2_ID2,78) 0
HoldsAt(Meet_ID2_ID2,79) 0
HoldsAt(Meet_ID2_ID2,80) 0
HoldsAt(Meet_ID2_ID2,81) 0
HoldsAt(Meet_ID2_ID2,82) 0
HoldsAt(Meet_ID2_ID2,83) 0
HoldsAt(Meet_ID2_ID2,84) 0
HoldsAt(Meet_ID2_ID2,85) 0
HoldsAt(Meet_ID2_ID2,86) 0
HoldsAt(Meet_ID2_ID2,87) 0
HoldsAt(Meet_ID2_ID2,88) 0
HoldsAt(Meet_ID2_ID2,89) 0
HoldsAt(Meet_ID2_ID2,90) 0
HoldsAt(Meet_ID2_ID2,91) 0
HoldsAt(Meet_ID2_ID2,92) 0
HoldsAt(Meet_ID2_ID2,93) 0
HoldsAt(Meet_ID2_ID2,94) 0
HoldsAt(Meet_ID2_ID2,95) 0
HoldsAt(Meet_ID2_ID2,96) 0
HoldsAt(Meet_ID2_ID2,97) 0
HoldsAt(Meet_ID2_ID2,98) 0
HoldsAt(Meet_ID2_ID2,99) 0
HoldsAt(Meet_ID2_ID2,100) 0
HoldsAt(Meet_ID2_ID2,101) 0
HoldsAt(Meet_ID2_ID2,102) 0
HoldsAt(Meet_ID2_ID2,103) 0
HoldsAt(Meet_ID2_ID2,104) 0
HoldsAt(Meet_ID2_ID2,105) 0
HoldsAt(Meet_ID2_ID2,106) 0
HoldsAt(Meet_ID2_ID2,107) 0
HoldsAt(Meet_ID2_ID2,108) 0
HoldsAt(Meet_ID2_ID2,109) 0
HoldsAt(Meet_ID2_ID2,110) 0
HoldsAt(Meet_ID2_ID2,111) 0
HoldsAt(Meet_ID2_ID2,112) 0
HoldsAt(Meet_ID2_ID2,113) 0
HoldsAt(Meet_ID2_ID2,114) 0
HoldsAt(Meet_ID2_ID2,115) 0
HoldsAt(Meet_ID2_ID2,116) 0
HoldsAt(Meet_ID2_ID2,117) 0
HoldsAt(Meet_ID2_ID2,118) 0
HoldsAt(Meet_ID2_ID2,119) 0
HoldsAt(Meet_ID2_ID2,120) 0
HoldsAt(Meet_ID2_ID2,121) 0
HoldsAt(Meet_ID2_ID2,122) 0
HoldsAt(Meet_ID2_ID2,123) 0
HoldsAt(Meet_ID2_ID2,124) 0
HoldsAt(Meet_ID2_ID2,125) 0
HoldsAt(Meet_ID2_ID2,126) 0
HoldsAt(Meet_ID2_ID2,127) 0
HoldsAt(Meet_ID2_ID2,128) 0
HoldsAt(Meet_ID2_ID2,129) 0
HoldsAt(Meet_ID2_ID2,130) 0
HoldsAt(Meet_ID2_ID2,131) 0
HoldsAt(Meet_ID2_ID2,132) 0
HoldsAt(Meet_ID2_ID2,133) 0
HoldsAt(Meet_ID2_ID2,134) 0
HoldsAt(Meet_ID2_ID2,135) 0
HoldsAt(Meet_ID2_ID2,136) 0
HoldsAt(Meet_ID2_ID2,137) 0
HoldsAt(Meet_ID2_ID2,138) 0
HoldsAt(Meet_ID2_ID2,139) 0
HoldsAt(Meet_ID2_ID2,140) 0
HoldsAt(Meet_ID2_ID2,141) 0
HoldsAt(Meet_ID2_ID2,142) 0
HoldsAt(Meet_ID2_ID2,143) 0
HoldsAt(Meet_ID2_ID2,144) 0
HoldsAt(Meet_ID2_ID2,145) 0
HoldsAt(Meet_ID2_ID2,146) 0
HoldsAt(Meet_ID2_ID2,147) 0
HoldsAt(Meet_ID2_ID2,148) 0
HoldsAt(Meet_ID2_ID2,149) 0
HoldsAt(Meet_ID2_ID2,150) 0
HoldsAt(Meet_ID2_ID2,151) 0
HoldsAt(Meet_ID2_ID2,152) 0
HoldsAt(Meet_ID2_ID2,153) 0
HoldsAt(Meet_ID2_ID2,154) 0
HoldsAt(Meet_ID2_ID2,155) 0
HoldsAt(Meet_ID2_ID2,156) 0
HoldsAt(Meet_ID2_ID2,157) 0
HoldsAt(Meet_ID2_ID2,158) 0
HoldsAt(Meet_ID2_ID2,159) 0
HoldsAt(Meet_ID2_ID2,160) 0
HoldsAt(Meet_ID2_ID2,161) 0
HoldsAt(Meet_ID2_ID2,162) 0
HoldsAt(Meet_ID2_ID2,163) 0
HoldsAt(Meet_ID2_ID2,164) 0
HoldsAt(Meet_ID2_ID2,165) 0
HoldsAt(Meet_ID2_ID2,166) 0
HoldsAt(Meet_ID2_ID2,167) 0
HoldsAt(Meet_ID2_ID2,168) 0
HoldsAt(Meet_ID2_ID2,169) 0
HoldsAt(Meet_ID2_ID2,170) 0
HoldsAt(Meet_ID2_ID2,171) 0
HoldsAt(Meet_ID2_ID2,172) 0
HoldsAt(Meet_ID2_ID2,173) 0
HoldsAt(Meet_ID2_ID2,174) 0
HoldsAt(Meet_ID2_ID2,175) 0
HoldsAt(Meet_ID2_ID2,176) 0
HoldsAt(Meet_ID2_ID2,177) 0
HoldsAt(Meet_ID2_ID2,178) 0
HoldsAt(Meet_ID2_ID2,179) 0
HoldsAt(Meet_ID2_ID2,180) 0
HoldsAt(Meet_ID2_ID2,181) 0
HoldsAt(Meet_ID2_ID2,182) 0
HoldsAt(Meet_ID2_ID2,183) 0
HoldsAt(Meet_ID2_ID2,184) 0
HoldsAt(Meet_ID2_ID2,185) 0
HoldsAt(Meet_ID2_ID2,186) 0
HoldsAt(Meet_ID2_ID2,187) 0
HoldsAt(Meet_ID2_ID2,188) 0
HoldsAt(Meet_ID2_ID2,189) 0
HoldsAt(Meet_ID2_ID2,190) 0
HoldsAt(Meet_ID2_ID2,191) 0
HoldsAt(Meet_ID2_ID2,192) 0
HoldsAt(Meet_ID2_ID2,193) 0
HoldsAt(Meet_ID2_ID2,194) 0
HoldsAt(Meet_ID2_ID2,195) 0
HoldsAt(Meet_ID2_ID2,196) 0
HoldsAt(Meet_ID2_ID2,197) 0
HoldsAt(Meet_ID2_ID2,198) 0
HoldsAt(Meet_ID2_ID2,199) 0
HoldsAt(Meet_ID2_ID2,200) 0
HoldsAt(Meet_ID2_ID2,201) 0
HoldsAt(Meet_ID2_ID2,202) 0
HoldsAt(Meet_ID2_ID2,203) 0
HoldsAt(Meet_ID2_ID2,204) 0
HoldsAt(Meet_ID2_ID2,205) 0
HoldsAt(Meet_ID2_ID2,206) 0
HoldsAt(Meet_ID2_ID2,207) 0
HoldsAt(Meet_ID2_ID2,208) 0
HoldsAt(Meet_ID2_ID2,209) 0
HoldsAt(Meet_ID2_ID2,210) 0
HoldsAt(Meet_ID2_ID2,211) 0
HoldsAt(Meet_ID2_ID2,212) 0
HoldsAt(Meet_ID2_ID2,213) 0
HoldsAt(Meet_ID2_ID2,214) 0
HoldsAt(Meet_ID2_ID2,215) 0
HoldsAt(Meet_ID2_ID2,216) 0
HoldsAt(Meet_ID2_ID2,217) 0
HoldsAt(Meet_ID2_ID2,218) 0
HoldsAt(Meet_ID2_ID2,219) 0
HoldsAt(Meet_ID2_ID2,220) 0
HoldsAt(Meet_ID2_ID2,221) 0
HoldsAt(Meet_ID2_ID2,222) 0
HoldsAt(Meet_ID2_ID2,223) 0
HoldsAt(Meet_ID2_ID2,224) 0
HoldsAt(Meet_ID2_ID2,225) 0
HoldsAt(Meet_ID2_ID2,226) 0
HoldsAt(Meet_ID2_ID2,227) 0
HoldsAt(Meet_ID2_ID2,228) 0
HoldsAt(Meet_ID2_ID2,229) 0
HoldsAt(Meet_ID2_ID2,230) 0
HoldsAt(Meet_ID2_ID2,231) 0
HoldsAt(Meet_ID2_ID2,232) 0
HoldsAt(Meet_ID2_ID2,233) 0
HoldsAt(Meet_ID2_ID2,234) 0
HoldsAt(Meet_ID2_ID2,235) 0
HoldsAt(Meet_ID2_ID2,236) 0
HoldsAt(Meet_ID2_ID2,237) 0
HoldsAt(Meet_ID2_ID2,238) 0
HoldsAt(Meet_ID2_ID2,239) 0
HoldsAt(Meet_ID2_ID2,240) 0
HoldsAt(Meet_ID2_ID2,241) 0
HoldsAt(Meet_ID2_ID2,242) 0
HoldsAt(Meet_ID2_ID2,243) 0
HoldsAt(Meet_ID2_ID2,244) 0
HoldsAt(Meet_ID2_ID2,245) 0
HoldsAt(Meet_ID2_ID2,246) 0
HoldsAt(Meet_ID2_ID2,247) 0
HoldsAt(Meet_ID2_ID2,248) 0
HoldsAt(Meet_ID2_ID2,249) 0
HoldsAt(Meet_ID2_ID2,250) 0
HoldsAt(Meet_ID2_ID2,251) 0
HoldsAt(Meet_ID2_ID2,252) 0
HoldsAt(Meet_ID2_ID2,253) 0
HoldsAt(Meet_ID2_ID2,254) 0
HoldsAt(Meet_ID2_ID2,255) 0
HoldsAt(Meet_ID2_ID2,256) 0
HoldsAt(Meet_ID2_ID2,257) 0
HoldsAt(Meet_ID2_ID2,258) 0
HoldsAt(Meet_ID2_ID2,259) 0
HoldsAt(Meet_ID2_ID2,260) 0
HoldsAt(Meet_ID2_ID2,261) 0
HoldsAt(Meet_ID2_ID2,262) 0
HoldsAt(Meet_ID2_ID2,263) 0
HoldsAt(Meet_ID2_ID2,264) 0
HoldsAt(Meet_ID2_ID2,265) 0
HoldsAt(Meet_ID2_ID2,266) 0
HoldsAt(Meet_ID2_ID2,267) 0
HoldsAt(Meet_ID2_ID2,268) 0
HoldsAt(Meet_ID2_ID2,269) 0
HoldsAt(Meet_ID2_ID2,270) 0
HoldsAt(Meet_ID2_ID2,271) 0
HoldsAt(Meet_ID2_ID2,272) 0
HoldsAt(Meet_ID2_ID2,273) 0
HoldsAt(Meet_ID2_ID2,274) 0
HoldsAt(Meet_ID2_ID2,275) 0
HoldsAt(Meet_ID2_ID2,276) 0
HoldsAt(Meet_ID2_ID2,277) 0
HoldsAt(Meet_ID2_ID2,278) 0
HoldsAt(Meet_ID2_ID2,279) 0
HoldsAt(Meet_ID2_ID2,280) 0
HoldsAt(Meet_ID2_ID2,281) 0
HoldsAt(Meet_ID2_ID2,282) 0
HoldsAt(Meet_ID2_ID2,283) 0
HoldsAt(Meet_ID2_ID2,284) 0
HoldsAt(Meet_ID2_ID2,285) 0
HoldsAt(Meet_ID2_ID2,286) 0
HoldsAt(Meet_ID2_ID2,287) 0
HoldsAt(Meet_ID2_ID2,288) 0
HoldsAt(Meet_ID2_ID2,289) 0
HoldsAt(Meet_ID2_ID2,290) 0
HoldsAt(Meet_ID2_ID2,291) 0
HoldsAt(Meet_ID2_ID2,292) 0
HoldsAt(Meet_ID2_ID2,293) 0
HoldsAt(Meet_ID2_ID2,294) 0
HoldsAt(Meet_ID2_ID2,295) 0
HoldsAt(Meet_ID2_ID2,296) 0
HoldsAt(Meet_ID2_ID2,297) 0
HoldsAt(Meet_ID2_ID2,298) 0
HoldsAt(Meet_ID2_ID2,299) 0
HoldsAt(Meet_ID2_ID2,300) 0
HoldsAt(Meet_ID2_ID2,301) 0
HoldsAt(Meet_ID2_ID2,302) 0
HoldsAt(Meet_ID2_ID2,303) 0
HoldsAt(Meet_ID2_ID2,304) 0
HoldsAt(Meet_ID2_ID2,305) 0
HoldsAt(Meet_ID2_ID2,306) 0
HoldsAt(Meet_ID2_ID2,307) 0
HoldsAt(Meet_ID2_ID2,308) 0
HoldsAt(Meet_ID2_ID2,309) 0
HoldsAt(Meet_ID2_ID2,310) 0
HoldsAt(Meet_ID2_ID2,311) 0
HoldsAt(Meet_ID2_ID2,312) 0
HoldsAt(Meet_ID2_ID2,313) 0
HoldsAt(Meet_ID2_ID2,314) 0
HoldsAt(Meet_ID2_ID2,315) 0
HoldsAt(Meet_ID2_ID2,316) 0
HoldsAt(Meet_ID2_ID2,317) 0
HoldsAt(Meet_ID2_ID2,318) 0
HoldsAt(Meet_ID2_ID2,319) 0
HoldsAt(Meet_ID2_ID2,320) 0
HoldsAt(Meet_ID2_ID2,321) 0
HoldsAt(Meet_ID2_ID2,322) 0
HoldsAt(Meet_ID2_ID2,323) 0
HoldsAt(Meet_ID2_ID2,324) 0
HoldsAt(Meet_ID2_ID2,325) 0
HoldsAt(Meet_ID2_ID2,326) 0
HoldsAt(Meet_ID2_ID2,327) 0
HoldsAt(Meet_ID2_ID2,328) 0
HoldsAt(Meet_ID2_ID2,329) 0
HoldsAt(Meet_ID2_ID2,330) 0
HoldsAt(Meet_ID2_ID2,331) 0
HoldsAt(Meet_ID2_ID2,332) 0
HoldsAt(Meet_ID2_ID2,333) 0
HoldsAt(Meet_ID2_ID2,334) 0
HoldsAt(Meet_ID2_ID2,335) 0
HoldsAt(Meet_ID2_ID2,336) 0
HoldsAt(Meet_ID2_ID2,337) 0
HoldsAt(Meet_ID2_ID2,338) 0
HoldsAt(Meet_ID2_ID2,339) 0
HoldsAt(Meet_ID2_ID2,340) 0
HoldsAt(Meet_ID2_ID2,341) 0
HoldsAt(Meet_ID2_ID2,342) 0
HoldsAt(Meet_ID2_ID2,343) 0
HoldsAt(Meet_ID2_ID2,344) 0
HoldsAt(Meet_ID2_ID2,345) 0
HoldsAt(Meet_ID2_ID2,346) 0
HoldsAt(Meet_ID2_ID2,347) 0
HoldsAt(Meet_ID2_ID2,348) 0
HoldsAt(Meet_ID2_ID2,349) 0
HoldsAt(Meet_ID2_ID2,350) 0
HoldsAt(Meet_ID2_ID2,351) 0
HoldsAt(Meet_ID2_ID2,352) 0
HoldsAt(Meet_ID2_ID2,353) 0
HoldsAt(Meet_ID2_ID2,354) 0
HoldsAt(Meet_ID2_ID2,355) 0
HoldsAt(Meet_ID2_ID2,356) 0
HoldsAt(Meet_ID2_ID2,357) 0
HoldsAt(Meet_ID2_ID2,358) 0
HoldsAt(Meet_ID2_ID2,359) 0
HoldsAt(Meet_ID2_ID2,360) 0
HoldsAt(Meet_ID2_ID2,361) 0
HoldsAt(Meet_ID2_ID2,362) 0
HoldsAt(Meet_ID2_ID2,363) 0
HoldsAt(Meet_ID2_ID2,364) 0
HoldsAt(Meet_ID2_ID2,365) 0
HoldsAt(Meet_ID2_ID2,366) 0
HoldsAt(Meet_ID2_ID2,367) 0
HoldsAt(Meet_ID2_ID2,368) 0
HoldsAt(Meet_ID2_ID2,369) 0
HoldsAt(Meet_ID2_ID2,370) 0
HoldsAt(Meet_ID2_ID2,371) 0
HoldsAt(Meet_ID2_ID2,372) 0
HoldsAt(Meet_ID2_ID2,373) 0
HoldsAt(Meet_ID2_ID2,374) 0
HoldsAt(Meet_ID2_ID2,375) 0
HoldsAt(Meet_ID2_ID2,376) 0
HoldsAt(Meet_ID2_ID2,377) 0
HoldsAt(Meet_ID2_ID2,31) 0
HoldsAt(Meet_ID2_ID2,32) 0
HoldsAt(Meet_ID2_ID2,33) 0
HoldsAt(Meet_ID2_ID2,34) 0
HoldsAt(Meet_ID2_ID2,35) 0
HoldsAt(Meet_ID2_ID2,36) 0
HoldsAt(Meet_ID2_ID2,37) 0
HoldsAt(Meet_ID2_ID2,38) 0
HoldsAt(Meet_ID2_ID2,39) 0
HoldsAt(Meet_ID2_ID2,40) 0
HoldsAt(Meet_ID2_ID2,41) 0
HoldsAt(Meet_ID2_ID2,42) 0
HoldsAt(Meet_ID2_ID2,43) 0
HoldsAt(Meet_ID2_ID2,44) 0
HoldsAt(Meet_ID2_ID2,45) 0
HoldsAt(Meet_ID2_ID2,46) 0
HoldsAt(Meet_ID2_ID2,47) 0
HoldsAt(Meet_ID2_ID2,48) 0
HoldsAt(Meet_ID2_ID2,49) 0
HoldsAt(Meet_ID2_ID2,50) 0
HoldsAt(Meet_ID2_ID2,51) 0
HoldsAt(Meet_ID2_ID2,52) 0
HoldsAt(Meet_ID2_ID2,53) 0
HoldsAt(Meet_ID2_ID2,54) 0
HoldsAt(Meet_ID2_ID2,55) 0
HoldsAt(Meet_ID2_ID2,56) 0
HoldsAt(Meet_ID2_ID2,57) 0
HoldsAt(Meet_ID2_ID2,58) 0
HoldsAt(Meet_ID2_ID2,59) 0
HoldsAt(Meet_ID2_ID2,60) 0
HoldsAt(Meet_ID2_ID2,61) 0
HoldsAt(Meet_ID2_ID2,62) 0
HoldsAt(Meet_ID2_ID2,63) 0
HoldsAt(Meet_ID2_ID2,64) 0
HoldsAt(Meet_ID2_ID2,65) 0
HoldsAt(Meet_ID2_ID2,66) 0
HoldsAt(Meet_ID2_ID2,67) 0
HoldsAt(Meet_ID2_ID2,68) 0
HoldsAt(Meet_ID2_ID3,69) 0
HoldsAt(Meet_ID2_ID3,70) 0
HoldsAt(Meet_ID2_ID3,71) 0
HoldsAt(Meet_ID2_ID3,72) 0
HoldsAt(Meet_ID2_ID3,73) 0
HoldsAt(Meet_ID2_ID3,74) 0
HoldsAt(Meet_ID2_ID3,75) 0
HoldsAt(Meet_ID2_ID3,76) 0
HoldsAt(Meet_ID2_ID3,77) 0
HoldsAt(Meet_ID2_ID3,78) 0
HoldsAt(Meet_ID2_ID3,79) 0
HoldsAt(Meet_ID2_ID3,80) 0
HoldsAt(Meet_ID2_ID3,81) 0
HoldsAt(Meet_ID2_ID3,82) 0
HoldsAt(Meet_ID2_ID3,83) 0
HoldsAt(Meet_ID2_ID3,84) 0
HoldsAt(Meet_ID2_ID3,85) 0
HoldsAt(Meet_ID2_ID3,86) 0
HoldsAt(Meet_ID2_ID3,87) 0
HoldsAt(Meet_ID2_ID3,88) 0
HoldsAt(Meet_ID2_ID3,89) 0
HoldsAt(Meet_ID2_ID3,90) 0
HoldsAt(Meet_ID2_ID3,91) 0
HoldsAt(Meet_ID2_ID3,92) 0
HoldsAt(Meet_ID2_ID3,93) 0
HoldsAt(Meet_ID2_ID3,94) 0
HoldsAt(Meet_ID2_ID3,95) 0
HoldsAt(Meet_ID2_ID3,96) 0
HoldsAt(Meet_ID2_ID3,97) 0
HoldsAt(Meet_ID2_ID3,98) 0
HoldsAt(Meet_ID2_ID3,99) 0
HoldsAt(Meet_ID2_ID3,100) 0
HoldsAt(Meet_ID2_ID3,101) 0
HoldsAt(Meet_ID2_ID3,102) 0
HoldsAt(Meet_ID2_ID3,103) 0
HoldsAt(Meet_ID2_ID3,104) 0
HoldsAt(Meet_ID2_ID3,105) 0
HoldsAt(Meet_ID2_ID3,106) 0
HoldsAt(Meet_ID2_ID3,107) 0
HoldsAt(Meet_ID2_ID3,108) 0
HoldsAt(Meet_ID2_ID3,109) 0
HoldsAt(Meet_ID2_ID3,110) 0
HoldsAt(Meet_ID2_ID3,111) 0
HoldsAt(Meet_ID2_ID3,112) 0
HoldsAt(Meet_ID2_ID3,113) 0
HoldsAt(Meet_ID2_ID3,114) 0
HoldsAt(Meet_ID2_ID3,115) 0
HoldsAt(Meet_ID2_ID3,116) 0
HoldsAt(Meet_ID2_ID3,117) 0
HoldsAt(Meet_ID2_ID3,118) 0
HoldsAt(Meet_ID2_ID3,119) 0
HoldsAt(Meet_ID2_ID3,120) 0
HoldsAt(Meet_ID2_ID3,121) 0
HoldsAt(Meet_ID2_ID3,122) 0
HoldsAt(Meet_ID2_ID3,123) 0
HoldsAt(Meet_ID2_ID3,124) 0
HoldsAt(Meet_ID2_ID3,125) 0
HoldsAt(Meet_ID2_ID3,126) 0
HoldsAt(Meet_ID2_ID3,127) 0
HoldsAt(Meet_ID2_ID3,128) 0
HoldsAt(Meet_ID2_ID3,129) 0
HoldsAt(Meet_ID2_ID3,130) 0
HoldsAt(Meet_ID2_ID3,131) 0
HoldsAt(Meet_ID2_ID3,132) 0
HoldsAt(Meet_ID2_ID3,133) 0
HoldsAt(Meet_ID2_ID3,134) 0
HoldsAt(Meet_ID2_ID3,135) 0
HoldsAt(Meet_ID2_ID3,136) 0
HoldsAt(Meet_ID2_ID3,137) 0
HoldsAt(Meet_ID2_ID3,138) 0
HoldsAt(Meet_ID2_ID3,139) 0
HoldsAt(Meet_ID2_ID3,140) 0
HoldsAt(Meet_ID2_ID3,141) 0
HoldsAt(Meet_ID2_ID3,142) 0
HoldsAt(Meet_ID2_ID3,143) 0
HoldsAt(Meet_ID2_ID3,144) 0
HoldsAt(Meet_ID2_ID3,145) 0
HoldsAt(Meet_ID2_ID3,146) 0
HoldsAt(Meet_ID2_ID3,147) 0
HoldsAt(Meet_ID2_ID3,148) 0
HoldsAt(Meet_ID2_ID3,149) 0
HoldsAt(Meet_ID2_ID3,150) 0
HoldsAt(Meet_ID2_ID3,151) 0
HoldsAt(Meet_ID2_ID3,152) 0
HoldsAt(Meet_ID2_ID3,153) 0
HoldsAt(Meet_ID2_ID3,154) 0
HoldsAt(Meet_ID2_ID3,155) 0
HoldsAt(Meet_ID2_ID3,156) 0
HoldsAt(Meet_ID2_ID3,157) 0
HoldsAt(Meet_ID2_ID3,158) 0
HoldsAt(Meet_ID2_ID3,159) 0
HoldsAt(Meet_ID2_ID3,160) 0
HoldsAt(Meet_ID2_ID3,161) 0
HoldsAt(Meet_ID2_ID3,162) 0
HoldsAt(Meet_ID2_ID3,163) 0
HoldsAt(Meet_ID2_ID3,164) 0
HoldsAt(Meet_ID2_ID3,165) 0
HoldsAt(Meet_ID2_ID3,166) 0
HoldsAt(Meet_ID2_ID3,167) 0
HoldsAt(Meet_ID2_ID3,168) 0
HoldsAt(Meet_ID2_ID3,169) 0
HoldsAt(Meet_ID2_ID3,170) 0
HoldsAt(Meet_ID2_ID3,171) 0
HoldsAt(Meet_ID2_ID3,172) 0
HoldsAt(Meet_ID2_ID3,173) 0
HoldsAt(Meet_ID2_ID3,174) 0
HoldsAt(Meet_ID2_ID3,175) 0
HoldsAt(Meet_ID2_ID3,176) 0
HoldsAt(Meet_ID2_ID3,177) 0
HoldsAt(Meet_ID2_ID3,178) 0
HoldsAt(Meet_ID2_ID3,179) 0
HoldsAt(Meet_ID2_ID3,180) 0
HoldsAt(Meet_ID2_ID3,181) 0
HoldsAt(Meet_ID2_ID3,182) 0
HoldsAt(Meet_ID2_ID3,183) 0
HoldsAt(Meet_ID2_ID3,184) 0
HoldsAt(Meet_ID2_ID3,185) 0
HoldsAt(Meet_ID2_ID3,186) 0
HoldsAt(Meet_ID2_ID3,187) 0
HoldsAt(Meet_ID2_ID3,188) 0
HoldsAt(Meet_ID2_ID3,189) 0
HoldsAt(Meet_ID2_ID3,190) 0
HoldsAt(Meet_ID2_ID3,191) 0
HoldsAt(Meet_ID2_ID3,192) 0
HoldsAt(Meet_ID2_ID3,193) 0
HoldsAt(Meet_ID2_ID3,194) 0
HoldsAt(Meet_ID2_ID3,195) 0
HoldsAt(Meet_ID2_ID3,196) 0
HoldsAt(Meet_ID2_ID3,197) 0
HoldsAt(Meet_ID2_ID3,198) 0
HoldsAt(Meet_ID2_ID3,199) 0
HoldsAt(Meet_ID2_ID3,200) 0
HoldsAt(Meet_ID2_ID3,201) 0
HoldsAt(Meet_ID2_ID3,202) 0
HoldsAt(Meet_ID2_ID3,203) 0
HoldsAt(Meet_ID2_ID3,204) 0
HoldsAt(Meet_ID2_ID3,205) 0
HoldsAt(Meet_ID2_ID3,206) 0
HoldsAt(Meet_ID2_ID3,207) 0
HoldsAt(Meet_ID2_ID3,208) 0
HoldsAt(Meet_ID2_ID3,209) 0
HoldsAt(Meet_ID2_ID3,210) 0
HoldsAt(Meet_ID2_ID3,211) 0
HoldsAt(Meet_ID2_ID3,212) 0
HoldsAt(Meet_ID2_ID3,213) 0
HoldsAt(Meet_ID2_ID3,214) 0
HoldsAt(Meet_ID2_ID3,215) 0
HoldsAt(Meet_ID2_ID3,216) 0
HoldsAt(Meet_ID2_ID3,217) 0
HoldsAt(Meet_ID2_ID3,218) 0
HoldsAt(Meet_ID2_ID3,219) 0
HoldsAt(Meet_ID2_ID3,220) 0
HoldsAt(Meet_ID2_ID3,221) 0
HoldsAt(Meet_ID2_ID3,222) 0
HoldsAt(Meet_ID2_ID3,223) 0
HoldsAt(Meet_ID2_ID3,224) 0
HoldsAt(Meet_ID2_ID3,225) 0
HoldsAt(Meet_ID2_ID3,226) 0
HoldsAt(Meet_ID2_ID3,227) 0
HoldsAt(Meet_ID2_ID3,228) 0
HoldsAt(Meet_ID2_ID3,229) 0
HoldsAt(Meet_ID2_ID3,230) 0
HoldsAt(Meet_ID2_ID3,231) 0
HoldsAt(Meet_ID2_ID3,232) 0
HoldsAt(Meet_ID2_ID3,233) 0
HoldsAt(Meet_ID2_ID3,234) 0
HoldsAt(Meet_ID2_ID3,235) 0
HoldsAt(Meet_ID2_ID3,236) 0
HoldsAt(Meet_ID2_ID3,237) 0
HoldsAt(Meet_ID2_ID3,238) 0
HoldsAt(Meet_ID2_ID3,239) 0
HoldsAt(Meet_ID2_ID3,240) 0
HoldsAt(Meet_ID2_ID3,241) 0
HoldsAt(Meet_ID2_ID3,242) 0
HoldsAt(Meet_ID2_ID3,243) 0
HoldsAt(Meet_ID2_ID3,244) 0
HoldsAt(Meet_ID2_ID3,245) 0
HoldsAt(Meet_ID2_ID3,246) 0
HoldsAt(Meet_ID2_ID3,247) 0
HoldsAt(Meet_ID2_ID3,248) 0
HoldsAt(Meet_ID2_ID3,249) 0
HoldsAt(Meet_ID2_ID3,250) 0
HoldsAt(Meet_ID2_ID3,251) 0
HoldsAt(Meet_ID2_ID3,252) 0
HoldsAt(Meet_ID2_ID3,253) 0
HoldsAt(Meet_ID2_ID3,254) 0
HoldsAt(Meet_ID2_ID3,255) 0
HoldsAt(Meet_ID2_ID3,256) 0
HoldsAt(Meet_ID2_ID3,257) 0
HoldsAt(Meet_ID2_ID3,258) 0
HoldsAt(Meet_ID2_ID3,259) 0
HoldsAt(Meet_ID2_ID3,260) 0
HoldsAt(Meet_ID2_ID3,261) 0
HoldsAt(Meet_ID2_ID3,262) 0
HoldsAt(Meet_ID2_ID3,263) 0
HoldsAt(Meet_ID2_ID3,264) 0
HoldsAt(Meet_ID2_ID3,265) 0
HoldsAt(Meet_ID2_ID3,266) 0
HoldsAt(Meet_ID2_ID3,267) 0
HoldsAt(Meet_ID2_ID3,268) 0
HoldsAt(Meet_ID2_ID3,269) 0
HoldsAt(Meet_ID2_ID3,270) 0
HoldsAt(Meet_ID2_ID3,271) 0
HoldsAt(Meet_ID2_ID3,272) 0
HoldsAt(Meet_ID2_ID3,273) 0
HoldsAt(Meet_ID2_ID3,274) 0
HoldsAt(Meet_ID2_ID3,275) 0
HoldsAt(Meet_ID2_ID3,276) 0
HoldsAt(Meet_ID2_ID3,277) 0
HoldsAt(Meet_ID2_ID3,278) 0
HoldsAt(Meet_ID2_ID3,279) 0
HoldsAt(Meet_ID2_ID3,280) 0
HoldsAt(Meet_ID2_ID3,281) 0
HoldsAt(Meet_ID2_ID3,282) 0
HoldsAt(Meet_ID2_ID3,283) 0
HoldsAt(Meet_ID2_ID3,284) 0
HoldsAt(Meet_ID2_ID3,285) 0
HoldsAt(Meet_ID2_ID3,286) 0
HoldsAt(Meet_ID2_ID3,287) 0
HoldsAt(Meet_ID2_ID3,288) 0
HoldsAt(Meet_ID2_ID3,289) 0
HoldsAt(Meet_ID2_ID3,290) 0
HoldsAt(Meet_ID2_ID3,291) 0
HoldsAt(Meet_ID2_ID3,292) 0
HoldsAt(Meet_ID2_ID3,293) 0
HoldsAt(Meet_ID2_ID3,294) 0
HoldsAt(Meet_ID2_ID3,295) 0
HoldsAt(Meet_ID2_ID3,296) 0
HoldsAt(Meet_ID2_ID3,297) 0
HoldsAt(Meet_ID2_ID3,298) 0
HoldsAt(Meet_ID2_ID3,299) 0
HoldsAt(Meet_ID2_ID3,300) 0
HoldsAt(Meet_ID2_ID3,301) 0
HoldsAt(Meet_ID2_ID3,302) 0
HoldsAt(Meet_ID2_ID3,303) 0
HoldsAt(Meet_ID2_ID3,304) 0
HoldsAt(Meet_ID2_ID3,305) 0
HoldsAt(Meet_ID2_ID3,306) 0
HoldsAt(Meet_ID2_ID3,307) 0
HoldsAt(Meet_ID2_ID3,308) 0
HoldsAt(Meet_ID2_ID3,309) 0
HoldsAt(Meet_ID2_ID3,310) 0
HoldsAt(Meet_ID2_ID3,311) 0
HoldsAt(Meet_ID2_ID3,312) 0
HoldsAt(Meet_ID2_ID3,313) 0
HoldsAt(Meet_ID2_ID3,314) 0
HoldsAt(Meet_ID2_ID3,315) 0
HoldsAt(Meet_ID2_ID3,316) 0
HoldsAt(Meet_ID2_ID3,317) 0
HoldsAt(Meet_ID2_ID3,318) 0
HoldsAt(Meet_ID2_ID3,319) 0
HoldsAt(Meet_ID2_ID3,320) 0
HoldsAt(Meet_ID2_ID3,321) 0
HoldsAt(Meet_ID2_ID3,322) 0
HoldsAt(Meet_ID2_ID3,323) 0
HoldsAt(Meet_ID2_ID3,324) 0
HoldsAt(Meet_ID2_ID3,325) 0
HoldsAt(Meet_ID2_ID3,326) 0
HoldsAt(Meet_ID2_ID3,327) 0
HoldsAt(Meet_ID2_ID3,328) 0
HoldsAt(Meet_ID2_ID3,329) 0
HoldsAt(Meet_ID2_ID3,330) 0
HoldsAt(Meet_ID2_ID3,331) 0
HoldsAt(Meet_ID2_ID3,332) 0
HoldsAt(Meet_ID2_ID3,333) 0
HoldsAt(Meet_ID2_ID3,334) 0
HoldsAt(Meet_ID2_ID3,335) 0
HoldsAt(Meet_ID2_ID3,336) 0
HoldsAt(Meet_ID2_ID3,337) 0
HoldsAt(Meet_ID2_ID3,338) 0
HoldsAt(Meet_ID2_ID3,339) 0
HoldsAt(Meet_ID2_ID3,340) 0
HoldsAt(Meet_ID2_ID3,341) 0
HoldsAt(Meet_ID2_ID3,342) 0
HoldsAt(Meet_ID2_ID3,343) 0
HoldsAt(Meet_ID2_ID3,344) 0
HoldsAt(Meet_ID2_ID3,345) 0
HoldsAt(Meet_ID2_ID3,346) 0
HoldsAt(Meet_ID2_ID3,347) 0
HoldsAt(Meet_ID2_ID3,348) 0
HoldsAt(Meet_ID2_ID3,349) 0
HoldsAt(Meet_ID2_ID3,350) 0
HoldsAt(Meet_ID2_ID3,351) 0
HoldsAt(Meet_ID2_ID3,352) 0
HoldsAt(Meet_ID2_ID3,353) 0
HoldsAt(Meet_ID2_ID3,354) 0
HoldsAt(Meet_ID2_ID3,355) 0
HoldsAt(Meet_ID2_ID3,356) 0
HoldsAt(Meet_ID2_ID3,357) 0
HoldsAt(Meet_ID2_ID3,358) 0
HoldsAt(Meet_ID2_ID3,359) 0
HoldsAt(Meet_ID2_ID3,360) 0
HoldsAt(Meet_ID2_ID3,361) 0
HoldsAt(Meet_ID2_ID3,362) 0
HoldsAt(Meet_ID2_ID3,363) 0
HoldsAt(Meet_ID2_ID3,364) 0
HoldsAt(Meet_ID2_ID3,365) 0
HoldsAt(Meet_ID2_ID3,366) 0
HoldsAt(Meet_ID2_ID3,367) 0
HoldsAt(Meet_ID2_ID3,368) 0
HoldsAt(Meet_ID2_ID3,369) 0
HoldsAt(Meet_ID2_ID3,370) 0
HoldsAt(Meet_ID2_ID3,371) 0
HoldsAt(Meet_ID2_ID3,372) 0
HoldsAt(Meet_ID2_ID3,373) 0
HoldsAt(Meet_ID2_ID3,374) 0
HoldsAt(Meet_ID2_ID3,375) 0
HoldsAt(Meet_ID2_ID3,376) 0
HoldsAt(Meet_ID2_ID3,377) 0
HoldsAt(Meet_ID2_ID3,31) 0
HoldsAt(Meet_ID2_ID3,32) 0
HoldsAt(Meet_ID2_ID3,33) 0
HoldsAt(Meet_ID2_ID3,34) 0
HoldsAt(Meet_ID2_ID3,35) 0
HoldsAt(Meet_ID2_ID3,36) 0
HoldsAt(Meet_ID2_ID3,37) 0
HoldsAt(Meet_ID2_ID3,38) 0
HoldsAt(Meet_ID2_ID3,39) 0
HoldsAt(Meet_ID2_ID3,40) 0
HoldsAt(Meet_ID2_ID3,41) 0
HoldsAt(Meet_ID2_ID3,42) 0
HoldsAt(Meet_ID2_ID3,43) 0
HoldsAt(Meet_ID2_ID3,44) 0
HoldsAt(Meet_ID2_ID3,45) 0
HoldsAt(Meet_ID2_ID3,46) 0
HoldsAt(Meet_ID2_ID3,47) 0
HoldsAt(Meet_ID2_ID3,48) 0
HoldsAt(Meet_ID2_ID3,49) 0
HoldsAt(Meet_ID2_ID3,50) 0
HoldsAt(Meet_ID2_ID3,51) 0
HoldsAt(Meet_ID2_ID3,52) 0
HoldsAt(Meet_ID2_ID3,53) 0
HoldsAt(Meet_ID2_ID3,54) 0
HoldsAt(Meet_ID2_ID3,55) 0
HoldsAt(Meet_ID2_ID3,56) 0
HoldsAt(Meet_ID2_ID3,57) 0
HoldsAt(Meet_ID2_ID3,58) 0
HoldsAt(Meet_ID2_ID3,59) 0
HoldsAt(Meet_ID2_ID3,60) 0
HoldsAt(Meet_ID2_ID3,61) 0
HoldsAt(Meet_ID2_ID3,62) 0
HoldsAt(Meet_ID2_ID3,63) 0
HoldsAt(Meet_ID2_ID3,64) 0
HoldsAt(Meet_ID2_ID3,65) 0
HoldsAt(Meet_ID2_ID3,66) 0
HoldsAt(Meet_ID2_ID3,67) 0
HoldsAt(Meet_ID2_ID3,68) 0
HoldsAt(Meet_ID3_ID2,69) 0
HoldsAt(Meet_ID3_ID2,70) 0
HoldsAt(Meet_ID3_ID2,71) 0
HoldsAt(Meet_ID3_ID2,72) 0
HoldsAt(Meet_ID3_ID2,73) 0
HoldsAt(Meet_ID3_ID2,74) 0
HoldsAt(Meet_ID3_ID2,75) 0
HoldsAt(Meet_ID3_ID2,76) 0
HoldsAt(Meet_ID3_ID2,77) 0
HoldsAt(Meet_ID3_ID2,78) 0
HoldsAt(Meet_ID3_ID2,79) 0
HoldsAt(Meet_ID3_ID2,80) 0
HoldsAt(Meet_ID3_ID2,81) 0
HoldsAt(Meet_ID3_ID2,82) 0
HoldsAt(Meet_ID3_ID2,83) 0
HoldsAt(Meet_ID3_ID2,84) 0
HoldsAt(Meet_ID3_ID2,85) 0
HoldsAt(Meet_ID3_ID2,86) 0
HoldsAt(Meet_ID3_ID2,87) 0
HoldsAt(Meet_ID3_ID2,88) 0
HoldsAt(Meet_ID3_ID2,89) 0
HoldsAt(Meet_ID3_ID2,90) 0
HoldsAt(Meet_ID3_ID2,91) 0
HoldsAt(Meet_ID3_ID2,92) 0
HoldsAt(Meet_ID3_ID2,93) 0
HoldsAt(Meet_ID3_ID2,94) 0
HoldsAt(Meet_ID3_ID2,95) 0
HoldsAt(Meet_ID3_ID2,96) 0
HoldsAt(Meet_ID3_ID2,97) 0
HoldsAt(Meet_ID3_ID2,98) 0
HoldsAt(Meet_ID3_ID2,99) 0
HoldsAt(Meet_ID3_ID2,100) 0
HoldsAt(Meet_ID3_ID2,101) 0
HoldsAt(Meet_ID3_ID2,102) 0
HoldsAt(Meet_ID3_ID2,103) 0
HoldsAt(Meet_ID3_ID2,104) 0
HoldsAt(Meet_ID3_ID2,105) 0
HoldsAt(Meet_ID3_ID2,106) 0
HoldsAt(Meet_ID3_ID2,107) 0
HoldsAt(Meet_ID3_ID2,108) 0
HoldsAt(Meet_ID3_ID2,109) 0
HoldsAt(Meet_ID3_ID2,110) 0
HoldsAt(Meet_ID3_ID2,111) 0
HoldsAt(Meet_ID3_ID2,112) 0
HoldsAt(Meet_ID3_ID2,113) 0
HoldsAt(Meet_ID3_ID2,114) 0
HoldsAt(Meet_ID3_ID2,115) 0
HoldsAt(Meet_ID3_ID2,116) 0
HoldsAt(Meet_ID3_ID2,117) 0
HoldsAt(Meet_ID3_ID2,118) 0
HoldsAt(Meet_ID3_ID2,119) 0
HoldsAt(Meet_ID3_ID2,120) 0
HoldsAt(Meet_ID3_ID2,121) 0
HoldsAt(Meet_ID3_ID2,122) 0
HoldsAt(Meet_ID3_ID2,123) 0
HoldsAt(Meet_ID3_ID2,124) 0
HoldsAt(Meet_ID3_ID2,125) 0
HoldsAt(Meet_ID3_ID2,126) 0
HoldsAt(Meet_ID3_ID2,127) 0
HoldsAt(Meet_ID3_ID2,128) 0
HoldsAt(Meet_ID3_ID2,129) 0
HoldsAt(Meet_ID3_ID2,130) 0
HoldsAt(Meet_ID3_ID2,131) 0
HoldsAt(Meet_ID3_ID2,132) 0
HoldsAt(Meet_ID3_ID2,133) 0
HoldsAt(Meet_ID3_ID2,134) 0
HoldsAt(Meet_ID3_ID2,135) 0
HoldsAt(Meet_ID3_ID2,136) 0
HoldsAt(Meet_ID3_ID2,137) 0
HoldsAt(Meet_ID3_ID2,138) 0
HoldsAt(Meet_ID3_ID2,139) 0
HoldsAt(Meet_ID3_ID2,140) 0
HoldsAt(Meet_ID3_ID2,141) 0
HoldsAt(Meet_ID3_ID2,142) 0
HoldsAt(Meet_ID3_ID2,143) 0
HoldsAt(Meet_ID3_ID2,144) 0
HoldsAt(Meet_ID3_ID2,145) 0
HoldsAt(Meet_ID3_ID2,146) 0
HoldsAt(Meet_ID3_ID2,147) 0
HoldsAt(Meet_ID3_ID2,148) 0
HoldsAt(Meet_ID3_ID2,149) 0
HoldsAt(Meet_ID3_ID2,150) 0
HoldsAt(Meet_ID3_ID2,151) 0
HoldsAt(Meet_ID3_ID2,152) 0
HoldsAt(Meet_ID3_ID2,153) 0
HoldsAt(Meet_ID3_ID2,154) 0
HoldsAt(Meet_ID3_ID2,155) 0
HoldsAt(Meet_ID3_ID2,156) 0
HoldsAt(Meet_ID3_ID2,157) 0
HoldsAt(Meet_ID3_ID2,158) 0
HoldsAt(Meet_ID3_ID2,159) 0
HoldsAt(Meet_ID3_ID2,160) 0
HoldsAt(Meet_ID3_ID2,161) 0
HoldsAt(Meet_ID3_ID2,162) 0
HoldsAt(Meet_ID3_ID2,163) 0
HoldsAt(Meet_ID3_ID2,164) 0
HoldsAt(Meet_ID3_ID2,165) 0
HoldsAt(Meet_ID3_ID2,166) 0
HoldsAt(Meet_ID3_ID2,167) 0
HoldsAt(Meet_ID3_ID2,168) 0
HoldsAt(Meet_ID3_ID2,169) 0
HoldsAt(Meet_ID3_ID2,170) 0
HoldsAt(Meet_ID3_ID2,171) 0
HoldsAt(Meet_ID3_ID2,172) 0
HoldsAt(Meet_ID3_ID2,173) 0
HoldsAt(Meet_ID3_ID2,174) 0
HoldsAt(Meet_ID3_ID2,175) 0
HoldsAt(Meet_ID3_ID2,176) 0
HoldsAt(Meet_ID3_ID2,177) 0
HoldsAt(Meet_ID3_ID2,178) 0
HoldsAt(Meet_ID3_ID2,179) 0
HoldsAt(Meet_ID3_ID2,180) 0
HoldsAt(Meet_ID3_ID2,181) 0
HoldsAt(Meet_ID3_ID2,182) 0
HoldsAt(Meet_ID3_ID2,183) 0
HoldsAt(Meet_ID3_ID2,184) 0
HoldsAt(Meet_ID3_ID2,185) 0
HoldsAt(Meet_ID3_ID2,186) 0
HoldsAt(Meet_ID3_ID2,187) 0
HoldsAt(Meet_ID3_ID2,188) 0
HoldsAt(Meet_ID3_ID2,189) 0
HoldsAt(Meet_ID3_ID2,190) 0
HoldsAt(Meet_ID3_ID2,191) 0
HoldsAt(Meet_ID3_ID2,192) 0
HoldsAt(Meet_ID3_ID2,193) 0
HoldsAt(Meet_ID3_ID2,194) 0
HoldsAt(Meet_ID3_ID2,195) 0
HoldsAt(Meet_ID3_ID2,196) 0
HoldsAt(Meet_ID3_ID2,197) 0
HoldsAt(Meet_ID3_ID2,198) 0
HoldsAt(Meet_ID3_ID2,199) 0
HoldsAt(Meet_ID3_ID2,200) 0
HoldsAt(Meet_ID3_ID2,201) 0
HoldsAt(Meet_ID3_ID2,202) 0
HoldsAt(Meet_ID3_ID2,203) 0
HoldsAt(Meet_ID3_ID2,204) 0
HoldsAt(Meet_ID3_ID2,205) 0
HoldsAt(Meet_ID3_ID2,206) 0
HoldsAt(Meet_ID3_ID2,207) 0
HoldsAt(Meet_ID3_ID2,208) 0
HoldsAt(Meet_ID3_ID2,209) 0
HoldsAt(Meet_ID3_ID2,210) 0
HoldsAt(Meet_ID3_ID2,211) 0
HoldsAt(Meet_ID3_ID2,212) 0
HoldsAt(Meet_ID3_ID2,213) 0
HoldsAt(Meet_ID3_ID2,214) 0
HoldsAt(Meet_ID3_ID2,215) 0
HoldsAt(Meet_ID3_ID2,216) 0
HoldsAt(Meet_ID3_ID2,217) 0
HoldsAt(Meet_ID3_ID2,218) 0
HoldsAt(Meet_ID3_ID2,219) 0
HoldsAt(Meet_ID3_ID2,220) 0
HoldsAt(Meet_ID3_ID2,221) 0
HoldsAt(Meet_ID3_ID2,222) 0
HoldsAt(Meet_ID3_ID2,223) 0
HoldsAt(Meet_ID3_ID2,224) 0
HoldsAt(Meet_ID3_ID2,225) 0
HoldsAt(Meet_ID3_ID2,226) 0
HoldsAt(Meet_ID3_ID2,227) 0
HoldsAt(Meet_ID3_ID2,228) 0
HoldsAt(Meet_ID3_ID2,229) 0
HoldsAt(Meet_ID3_ID2,230) 0
HoldsAt(Meet_ID3_ID2,231) 0
HoldsAt(Meet_ID3_ID2,232) 0
HoldsAt(Meet_ID3_ID2,233) 0
HoldsAt(Meet_ID3_ID2,234) 0
HoldsAt(Meet_ID3_ID2,235) 0
HoldsAt(Meet_ID3_ID2,236) 0
HoldsAt(Meet_ID3_ID2,237) 0
HoldsAt(Meet_ID3_ID2,238) 0
HoldsAt(Meet_ID3_ID2,239) 0
HoldsAt(Meet_ID3_ID2,240) 0
HoldsAt(Meet_ID3_ID2,241) 0
HoldsAt(Meet_ID3_ID2,242) 0
HoldsAt(Meet_ID3_ID2,243) 0
HoldsAt(Meet_ID3_ID2,244) 0
HoldsAt(Meet_ID3_ID2,245) 0
HoldsAt(Meet_ID3_ID2,246) 0
HoldsAt(Meet_ID3_ID2,247) 0
HoldsAt(Meet_ID3_ID2,248) 0
HoldsAt(Meet_ID3_ID2,249) 0
HoldsAt(Meet_ID3_ID2,250) 0
HoldsAt(Meet_ID3_ID2,251) 0
HoldsAt(Meet_ID3_ID2,252) 0
HoldsAt(Meet_ID3_ID2,253) 0
HoldsAt(Meet_ID3_ID2,254) 0
HoldsAt(Meet_ID3_ID2,255) 0
HoldsAt(Meet_ID3_ID2,256) 0
HoldsAt(Meet_ID3_ID2,257) 0
HoldsAt(Meet_ID3_ID2,258) 0
HoldsAt(Meet_ID3_ID2,259) 0
HoldsAt(Meet_ID3_ID2,260) 0
HoldsAt(Meet_ID3_ID2,261) 0
HoldsAt(Meet_ID3_ID2,262) 0
HoldsAt(Meet_ID3_ID2,263) 0
HoldsAt(Meet_ID3_ID2,264) 0
HoldsAt(Meet_ID3_ID2,265) 0
HoldsAt(Meet_ID3_ID2,266) 0
HoldsAt(Meet_ID3_ID2,267) 0
HoldsAt(Meet_ID3_ID2,268) 0
HoldsAt(Meet_ID3_ID2,269) 0
HoldsAt(Meet_ID3_ID2,270) 0
HoldsAt(Meet_ID3_ID2,271) 0
HoldsAt(Meet_ID3_ID2,272) 0
HoldsAt(Meet_ID3_ID2,273) 0
HoldsAt(Meet_ID3_ID2,274) 0
HoldsAt(Meet_ID3_ID2,275) 0
HoldsAt(Meet_ID3_ID2,276) 0
HoldsAt(Meet_ID3_ID2,277) 0
HoldsAt(Meet_ID3_ID2,278) 0
HoldsAt(Meet_ID3_ID2,279) 0
HoldsAt(Meet_ID3_ID2,280) 0
HoldsAt(Meet_ID3_ID2,281) 0
HoldsAt(Meet_ID3_ID2,282) 0
HoldsAt(Meet_ID3_ID2,283) 0
HoldsAt(Meet_ID3_ID2,284) 0
HoldsAt(Meet_ID3_ID2,285) 0
HoldsAt(Meet_ID3_ID2,286) 0
HoldsAt(Meet_ID3_ID2,287) 0
HoldsAt(Meet_ID3_ID2,288) 0
HoldsAt(Meet_ID3_ID2,289) 0
HoldsAt(Meet_ID3_ID2,290) 0
HoldsAt(Meet_ID3_ID2,291) 0
HoldsAt(Meet_ID3_ID2,292) 0
HoldsAt(Meet_ID3_ID2,293) 0
HoldsAt(Meet_ID3_ID2,294) 0
HoldsAt(Meet_ID3_ID2,295) 0
HoldsAt(Meet_ID3_ID2,296) 0
HoldsAt(Meet_ID3_ID2,297) 0
HoldsAt(Meet_ID3_ID2,298) 0
HoldsAt(Meet_ID3_ID2,299) 0
HoldsAt(Meet_ID3_ID2,300) 0
HoldsAt(Meet_ID3_ID2,301) 0
HoldsAt(Meet_ID3_ID2,302) 0
HoldsAt(Meet_ID3_ID2,303) 0
HoldsAt(Meet_ID3_ID2,304) 0
HoldsAt(Meet_ID3_ID2,305) 0
HoldsAt(Meet_ID3_ID2,306) 0
HoldsAt(Meet_ID3_ID2,307) 0
HoldsAt(Meet_ID3_ID2,308) 0
HoldsAt(Meet_ID3_ID2,309) 0
HoldsAt(Meet_ID3_ID2,310) 0
HoldsAt(Meet_ID3_ID2,311) 0
HoldsAt(Meet_ID3_ID2,312) 0
HoldsAt(Meet_ID3_ID2,313) 0
HoldsAt(Meet_ID3_ID2,314) 0
HoldsAt(Meet_ID3_ID2,315) 0
HoldsAt(Meet_ID3_ID2,316) 0
HoldsAt(Meet_ID3_ID2,317) 0
HoldsAt(Meet_ID3_ID2,318) 0
HoldsAt(Meet_ID3_ID2,319) 0
HoldsAt(Meet_ID3_ID2,320) 0
HoldsAt(Meet_ID3_ID2,321) 0
HoldsAt(Meet_ID3_ID2,322) 0
HoldsAt(Meet_ID3_ID2,323) 0
HoldsAt(Meet_ID3_ID2,324) 0
HoldsAt(Meet_ID3_ID2,325) 0
HoldsAt(Meet_ID3_ID2,326) 0
HoldsAt(Meet_ID3_ID2,327) 0
HoldsAt(Meet_ID3_ID2,328) 0
HoldsAt(Meet_ID3_ID2,329) 0
HoldsAt(Meet_ID3_ID2,330) 0
HoldsAt(Meet_ID3_ID2,331) 0
HoldsAt(Meet_ID3_ID2,332) 0
HoldsAt(Meet_ID3_ID2,333) 0
HoldsAt(Meet_ID3_ID2,334) 0
HoldsAt(Meet_ID3_ID2,335) 0
HoldsAt(Meet_ID3_ID2,336) 0
HoldsAt(Meet_ID3_ID2,337) 0
HoldsAt(Meet_ID3_ID2,338) 0
HoldsAt(Meet_ID3_ID2,339) 0
HoldsAt(Meet_ID3_ID2,340) 0
HoldsAt(Meet_ID3_ID2,341) 0
HoldsAt(Meet_ID3_ID2,342) 0
HoldsAt(Meet_ID3_ID2,343) 0
HoldsAt(Meet_ID3_ID2,344) 0
HoldsAt(Meet_ID3_ID2,345) 0
HoldsAt(Meet_ID3_ID2,346) 0
HoldsAt(Meet_ID3_ID2,347) 0
HoldsAt(Meet_ID3_ID2,348) 0
HoldsAt(Meet_ID3_ID2,349) 0
HoldsAt(Meet_ID3_ID2,350) 0
HoldsAt(Meet_ID3_ID2,351) 0
HoldsAt(Meet_ID3_ID2,352) 0
HoldsAt(Meet_ID3_ID2,353) 0
HoldsAt(Meet_ID3_ID2,354) 0
HoldsAt(Meet_ID3_ID2,355) 0
HoldsAt(Meet_ID3_ID2,356) 0
HoldsAt(Meet_ID3_ID2,357) 0
HoldsAt(Meet_ID3_ID2,358) 0
HoldsAt(Meet_ID3_ID2,359) 0
HoldsAt(Meet_ID3_ID2,360) 0
HoldsAt(Meet_ID3_ID2,361) 0
HoldsAt(Meet_ID3_ID2,362) 0
HoldsAt(Meet_ID3_ID2,363) 0
HoldsAt(Meet_ID3_ID2,364) 0
HoldsAt(Meet_ID3_ID2,365) 0
HoldsAt(Meet_ID3_ID2,366) 0
HoldsAt(Meet_ID3_ID2,367) 0
HoldsAt(Meet_ID3_ID2,368) 0
HoldsAt(Meet_ID3_ID2,369) 0
HoldsAt(Meet_ID3_ID2,370) 0
HoldsAt(Meet_ID3_ID2,371) 0
HoldsAt(Meet_ID3_ID2,372) 0
HoldsAt(Meet_ID3_ID2,373) 0
HoldsAt(Meet_ID3_ID2,374) 0
HoldsAt(Meet_ID3_ID2,375) 0
HoldsAt(Meet_ID3_ID2,376) 0
HoldsAt(Meet_ID3_ID2,377) 0
HoldsAt(Meet_ID3_ID2,31) 0
HoldsAt(Meet_ID3_ID2,32) 0
HoldsAt(Meet_ID3_ID2,33) 0
HoldsAt(Meet_ID3_ID2,34) 0
HoldsAt(Meet_ID3_ID2,35) 0
HoldsAt(Meet_ID3_ID2,36) 0
HoldsAt(Meet_ID3_ID2,37) 0
HoldsAt(Meet_ID3_ID2,38) 0
HoldsAt(Meet_ID3_ID2,39) 0
HoldsAt(Meet_ID3_ID2,40) 0
HoldsAt(Meet_ID3_ID2,41) 0
HoldsAt(Meet_ID3_ID2,42) 0
HoldsAt(Meet_ID3_ID2,43) 0
HoldsAt(Meet_ID3_ID2,44) 0
HoldsAt(Meet_ID3_ID2,45) 0
HoldsAt(Meet_ID3_ID2,46) 0
HoldsAt(Meet_ID3_ID2,47) 0
HoldsAt(Meet_ID3_ID2,48) 0
HoldsAt(Meet_ID3_ID2,49) 0
HoldsAt(Meet_ID3_ID2,50) 0
HoldsAt(Meet_ID3_ID2,51) 0
HoldsAt(Meet_ID3_ID2,52) 0
HoldsAt(Meet_ID3_ID2,53) 0
HoldsAt(Meet_ID3_ID2,54) 0
HoldsAt(Meet_ID3_ID2,55) 0
HoldsAt(Meet_ID3_ID2,56) 0
HoldsAt(Meet_ID3_ID2,57) 0
HoldsAt(Meet_ID3_ID2,58) 0
HoldsAt(Meet_ID3_ID2,59) 0
HoldsAt(Meet_ID3_ID2,60) 0
HoldsAt(Meet_ID3_ID2,61) 0
HoldsAt(Meet_ID3_ID2,62) 0
HoldsAt(Meet_ID3_ID2,63) 0
HoldsAt(Meet_ID3_ID2,64) 0
HoldsAt(Meet_ID3_ID2,65) 0
HoldsAt(Meet_ID3_ID2,66) 0
HoldsAt(Meet_ID3_ID2,67) 0
HoldsAt(Meet_ID3_ID2,68) 0
HoldsAt(Meet_ID3_ID3,69) 0
HoldsAt(Meet_ID3_ID3,70) 0
HoldsAt(Meet_ID3_ID3,71) 0
HoldsAt(Meet_ID3_ID3,72) 0
HoldsAt(Meet_ID3_ID3,73) 0
HoldsAt(Meet_ID3_ID3,74) 0
HoldsAt(Meet_ID3_ID3,75) 0
HoldsAt(Meet_ID3_ID3,76) 0
HoldsAt(Meet_ID3_ID3,77) 0
HoldsAt(Meet_ID3_ID3,78) 0
HoldsAt(Meet_ID3_ID3,79) 0
HoldsAt(Meet_ID3_ID3,80) 0
HoldsAt(Meet_ID3_ID3,81) 0
HoldsAt(Meet_ID3_ID3,82) 0
HoldsAt(Meet_ID3_ID3,83) 0
HoldsAt(Meet_ID3_ID3,84) 0
HoldsAt(Meet_ID3_ID3,85) 0
HoldsAt(Meet_ID3_ID3,86) 0
HoldsAt(Meet_ID3_ID3,87) 0
HoldsAt(Meet_ID3_ID3,88) 0
HoldsAt(Meet_ID3_ID3,89) 0
HoldsAt(Meet_ID3_ID3,90) 0
HoldsAt(Meet_ID3_ID3,91) 0
HoldsAt(Meet_ID3_ID3,92) 0
HoldsAt(Meet_ID3_ID3,93) 0
HoldsAt(Meet_ID3_ID3,94) 0
HoldsAt(Meet_ID3_ID3,95) 0
HoldsAt(Meet_ID3_ID3,96) 0
HoldsAt(Meet_ID3_ID3,97) 0
HoldsAt(Meet_ID3_ID3,98) 0
HoldsAt(Meet_ID3_ID3,99) 0
HoldsAt(Meet_ID3_ID3,100) 0
HoldsAt(Meet_ID3_ID3,101) 0
HoldsAt(Meet_ID3_ID3,102) 0
HoldsAt(Meet_ID3_ID3,103) 0
HoldsAt(Meet_ID3_ID3,104) 0
HoldsAt(Meet_ID3_ID3,105) 0
HoldsAt(Meet_ID3_ID3,106) 0
HoldsAt(Meet_ID3_ID3,107) 0
HoldsAt(Meet_ID3_ID3,108) 0
HoldsAt(Meet_ID3_ID3,109) 0
HoldsAt(Meet_ID3_ID3,110) 0
HoldsAt(Meet_ID3_ID3,111) 0
HoldsAt(Meet_ID3_ID3,112) 0
HoldsAt(Meet_ID3_ID3,113) 0
HoldsAt(Meet_ID3_ID3,114) 0
HoldsAt(Meet_ID3_ID3,115) 0
HoldsAt(Meet_ID3_ID3,116) 0
HoldsAt(Meet_ID3_ID3,117) 0
HoldsAt(Meet_ID3_ID3,118) 0
HoldsAt(Meet_ID3_ID3,119) 0
HoldsAt(Meet_ID3_ID3,120) 0
HoldsAt(Meet_ID3_ID3,121) 0
HoldsAt(Meet_ID3_ID3,122) 0
HoldsAt(Meet_ID3_ID3,123) 0
HoldsAt(Meet_ID3_ID3,124) 0
HoldsAt(Meet_ID3_ID3,125) 0
HoldsAt(Meet_ID3_ID3,126) 0
HoldsAt(Meet_ID3_ID3,127) 0
HoldsAt(Meet_ID3_ID3,128) 0
HoldsAt(Meet_ID3_ID3,129) 0
HoldsAt(Meet_ID3_ID3,130) 0
HoldsAt(Meet_ID3_ID3,131) 0
HoldsAt(Meet_ID3_ID3,132) 0
HoldsAt(Meet_ID3_ID3,133) 0
HoldsAt(Meet_ID3_ID3,134) 0
HoldsAt(Meet_ID3_ID3,135) 0
HoldsAt(Meet_ID3_ID3,136) 0
HoldsAt(Meet_ID3_ID3,137) 0
HoldsAt(Meet_ID3_ID3,138) 0
HoldsAt(Meet_ID3_ID3,139) 0
HoldsAt(Meet_ID3_ID3,140) 0
HoldsAt(Meet_ID3_ID3,141) 0
HoldsAt(Meet_ID3_ID3,142) 0
HoldsAt(Meet_ID3_ID3,143) 0
HoldsAt(Meet_ID3_ID3,144) 0
HoldsAt(Meet_ID3_ID3,145) 0
HoldsAt(Meet_ID3_ID3,146) 0
HoldsAt(Meet_ID3_ID3,147) 0
HoldsAt(Meet_ID3_ID3,148) 0
HoldsAt(Meet_ID3_ID3,149) 0
HoldsAt(Meet_ID3_ID3,150) 0
HoldsAt(Meet_ID3_ID3,151) 0
HoldsAt(Meet_ID3_ID3,152) 0
HoldsAt(Meet_ID3_ID3,153) 0
HoldsAt(Meet_ID3_ID3,154) 0
HoldsAt(Meet_ID3_ID3,155) 0
HoldsAt(Meet_ID3_ID3,156) 0
HoldsAt(Meet_ID3_ID3,157) 0
HoldsAt(Meet_ID3_ID3,158) 0
HoldsAt(Meet_ID3_ID3,159) 0
HoldsAt(Meet_ID3_ID3,160) 0
HoldsAt(Meet_ID3_ID3,161) 0
HoldsAt(Meet_ID3_ID3,162) 0
HoldsAt(Meet_ID3_ID3,163) 0
HoldsAt(Meet_ID3_ID3,164) 0
HoldsAt(Meet_ID3_ID3,165) 0
HoldsAt(Meet_ID3_ID3,166) 0
HoldsAt(Meet_ID3_ID3,167) 0
HoldsAt(Meet_ID3_ID3,168) 0
HoldsAt(Meet_ID3_ID3,169) 0
HoldsAt(Meet_ID3_ID3,170) 0
HoldsAt(Meet_ID3_ID3,171) 0
HoldsAt(Meet_ID3_ID3,172) 0
HoldsAt(Meet_ID3_ID3,173) 0
HoldsAt(Meet_ID3_ID3,174) 0
HoldsAt(Meet_ID3_ID3,175) 0
HoldsAt(Meet_ID3_ID3,176) 0
HoldsAt(Meet_ID3_ID3,177) 0
HoldsAt(Meet_ID3_ID3,178) 0
HoldsAt(Meet_ID3_ID3,179) 0
HoldsAt(Meet_ID3_ID3,180) 0
HoldsAt(Meet_ID3_ID3,181) 0
HoldsAt(Meet_ID3_ID3,182) 0
HoldsAt(Meet_ID3_ID3,183) 0
HoldsAt(Meet_ID3_ID3,184) 0
HoldsAt(Meet_ID3_ID3,185) 0
HoldsAt(Meet_ID3_ID3,186) 0
HoldsAt(Meet_ID3_ID3,187) 0
HoldsAt(Meet_ID3_ID3,188) 0
HoldsAt(Meet_ID3_ID3,189) 0
HoldsAt(Meet_ID3_ID3,190) 0
HoldsAt(Meet_ID3_ID3,191) 0
HoldsAt(Meet_ID3_ID3,192) 0
HoldsAt(Meet_ID3_ID3,193) 0
HoldsAt(Meet_ID3_ID3,194) 0
HoldsAt(Meet_ID3_ID3,195) 0
HoldsAt(Meet_ID3_ID3,196) 0
HoldsAt(Meet_ID3_ID3,197) 0
HoldsAt(Meet_ID3_ID3,198) 0
HoldsAt(Meet_ID3_ID3,199) 0
HoldsAt(Meet_ID3_ID3,200) 0
HoldsAt(Meet_ID3_ID3,201) 0
HoldsAt(Meet_ID3_ID3,202) 0
HoldsAt(Meet_ID3_ID3,203) 0
HoldsAt(Meet_ID3_ID3,204) 0
HoldsAt(Meet_ID3_ID3,205) 0
HoldsAt(Meet_ID3_ID3,206) 0
HoldsAt(Meet_ID3_ID3,207) 0
HoldsAt(Meet_ID3_ID3,208) 0
HoldsAt(Meet_ID3_ID3,209) 0
HoldsAt(Meet_ID3_ID3,210) 0
HoldsAt(Meet_ID3_ID3,211) 0
HoldsAt(Meet_ID3_ID3,212) 0
HoldsAt(Meet_ID3_ID3,213) 0
HoldsAt(Meet_ID3_ID3,214) 0
HoldsAt(Meet_ID3_ID3,215) 0
HoldsAt(Meet_ID3_ID3,216) 0
HoldsAt(Meet_ID3_ID3,217) 0
HoldsAt(Meet_ID3_ID3,218) 0
HoldsAt(Meet_ID3_ID3,219) 0
HoldsAt(Meet_ID3_ID3,220) 0
HoldsAt(Meet_ID3_ID3,221) 0
HoldsAt(Meet_ID3_ID3,222) 0
HoldsAt(Meet_ID3_ID3,223) 0
HoldsAt(Meet_ID3_ID3,224) 0
HoldsAt(Meet_ID3_ID3,225) 0
HoldsAt(Meet_ID3_ID3,226) 0
HoldsAt(Meet_ID3_ID3,227) 0
HoldsAt(Meet_ID3_ID3,228) 0
HoldsAt(Meet_ID3_ID3,229) 0
HoldsAt(Meet_ID3_ID3,230) 0
HoldsAt(Meet_ID3_ID3,231) 0
HoldsAt(Meet_ID3_ID3,232) 0
HoldsAt(Meet_ID3_ID3,233) 0
HoldsAt(Meet_ID3_ID3,234) 0
HoldsAt(Meet_ID3_ID3,235) 0
HoldsAt(Meet_ID3_ID3,236) 0
HoldsAt(Meet_ID3_ID3,237) 0
HoldsAt(Meet_ID3_ID3,238) 0
HoldsAt(Meet_ID3_ID3,239) 0
HoldsAt(Meet_ID3_ID3,240) 0
HoldsAt(Meet_ID3_ID3,241) 0
HoldsAt(Meet_ID3_ID3,242) 0
HoldsAt(Meet_ID3_ID3,243) 0
HoldsAt(Meet_ID3_ID3,244) 0
HoldsAt(Meet_ID3_ID3,245) 0
HoldsAt(Meet_ID3_ID3,246) 0
HoldsAt(Meet_ID3_ID3,247) 0
HoldsAt(Meet_ID3_ID3,248) 0
HoldsAt(Meet_ID3_ID3,249) 0
HoldsAt(Meet_ID3_ID3,250) 0
HoldsAt(Meet_ID3_ID3,251) 0
HoldsAt(Meet_ID3_ID3,252) 0
HoldsAt(Meet_ID3_ID3,253) 0
HoldsAt(Meet_ID3_ID3,254) 0
HoldsAt(Meet_ID3_ID3,255) 0
HoldsAt(Meet_ID3_ID3,256) 0
HoldsAt(Meet_ID3_ID3,257) 0
HoldsAt(Meet_ID3_ID3,258) 0
HoldsAt(Meet_ID3_ID3,259) 0
HoldsAt(Meet_ID3_ID3,260) 0
HoldsAt(Meet_ID3_ID3,261) 0
HoldsAt(Meet_ID3_ID3,262) 0
HoldsAt(Meet_ID3_ID3,263) 0
HoldsAt(Meet_ID3_ID3,264) 0
HoldsAt(Meet_ID3_ID3,265) 0
HoldsAt(Meet_ID3_ID3,266) 0
HoldsAt(Meet_ID3_ID3,267) 0
HoldsAt(Meet_ID3_ID3,268) 0
HoldsAt(Meet_ID3_ID3,269) 0
HoldsAt(Meet_ID3_ID3,270) 0
HoldsAt(Meet_ID3_ID3,271) 0
HoldsAt(Meet_ID3_ID3,272) 0
HoldsAt(Meet_ID3_ID3,273) 0
HoldsAt(Meet_ID3_ID3,274) 0
HoldsAt(Meet_ID3_ID3,275) 0
HoldsAt(Meet_ID3_ID3,276) 0
HoldsAt(Meet_ID3_ID3,277) 0
HoldsAt(Meet_ID3_ID3,278) 0
HoldsAt(Meet_ID3_ID3,279) 0
HoldsAt(Meet_ID3_ID3,280) 0
HoldsAt(Meet_ID3_ID3,281) 0
HoldsAt(Meet_ID3_ID3,282) 0
HoldsAt(Meet_ID3_ID3,283) 0
HoldsAt(Meet_ID3_ID3,284) 0
HoldsAt(Meet_ID3_ID3,285) 0
HoldsAt(Meet_ID3_ID3,286) 0
HoldsAt(Meet_ID3_ID3,287) 0
HoldsAt(Meet_ID3_ID3,288) 0
HoldsAt(Meet_ID3_ID3,289) 0
HoldsAt(Meet_ID3_ID3,290) 0
HoldsAt(Meet_ID3_ID3,291) 0
HoldsAt(Meet_ID3_ID3,292) 0
HoldsAt(Meet_ID3_ID3,293) 0
HoldsAt(Meet_ID3_ID3,294) 0
HoldsAt(Meet_ID3_ID3,295) 0
HoldsAt(Meet_ID3_ID3,296) 0
HoldsAt(Meet_ID3_ID3,297) 0
HoldsAt(Meet_ID3_ID3,298) 0
HoldsAt(Meet_ID3_ID3,299) 0
HoldsAt(Meet_ID3_ID3,300) 0
HoldsAt(Meet_ID3_ID3,301) 0
HoldsAt(Meet_ID3_ID3,302) 0
HoldsAt(Meet_ID3_ID3,303) 0
HoldsAt(Meet_ID3_ID3,304) 0
HoldsAt(Meet_ID3_ID3,305) 0
HoldsAt(Meet_ID3_ID3,306) 0
HoldsAt(Meet_ID3_ID3,307) 0
HoldsAt(Meet_ID3_ID3,308) 0
HoldsAt(Meet_ID3_ID3,309) 0
HoldsAt(Meet_ID3_ID3,310) 0
HoldsAt(Meet_ID3_ID3,311) 0
HoldsAt(Meet_ID3_ID3,312) 0
HoldsAt(Meet_ID3_ID3,313) 0
HoldsAt(Meet_ID3_ID3,314) 0
HoldsAt(Meet_ID3_ID3,315) 0
HoldsAt(Meet_ID3_ID3,316) 0
HoldsAt(Meet_ID3_ID3,317) 0
HoldsAt(Meet_ID3_ID3,318) 0
HoldsAt(Meet_ID3_ID3,319) 0
HoldsAt(Meet_ID3_ID3,320) 0
HoldsAt(Meet_ID3_ID3,321) 0
HoldsAt(Meet_ID3_ID3,322) 0
HoldsAt(Meet_ID3_ID3,323) 0
HoldsAt(Meet_ID3_ID3,324) 0
HoldsAt(Meet_ID3_ID3,325) 0
HoldsAt(Meet_ID3_ID3,326) 0
HoldsAt(Meet_ID3_ID3,327) 0
HoldsAt(Meet_ID3_ID3,328) 0
HoldsAt(Meet_ID3_ID3,329) 0
HoldsAt(Meet_ID3_ID3,330) 0
HoldsAt(Meet_ID3_ID3,331) 0
HoldsAt(Meet_ID3_ID3,332) 0
HoldsAt(Meet_ID3_ID3,333) 0
HoldsAt(Meet_ID3_ID3,334) 0
HoldsAt(Meet_ID3_ID3,335) 0
HoldsAt(Meet_ID3_ID3,336) 0
HoldsAt(Meet_ID3_ID3,337) 0
HoldsAt(Meet_ID3_ID3,338) 0
HoldsAt(Meet_ID3_ID3,339) 0
HoldsAt(Meet_ID3_ID3,340) 0
HoldsAt(Meet_ID3_ID3,341) 0
HoldsAt(Meet_ID3_ID3,342) 0
HoldsAt(Meet_ID3_ID3,343) 0
HoldsAt(Meet_ID3_ID3,344) 0
HoldsAt(Meet_ID3_ID3,345) 0
HoldsAt(Meet_ID3_ID3,346) 0
HoldsAt(Meet_ID3_ID3,347) 0
HoldsAt(Meet_ID3_ID3,348) 0
HoldsAt(Meet_ID3_ID3,349) 0
HoldsAt(Meet_ID3_ID3,350) 0
HoldsAt(Meet_ID3_ID3,351) 0
HoldsAt(Meet_ID3_ID3,352) 0
HoldsAt(Meet_ID3_ID3,353) 0
HoldsAt(Meet_ID3_ID3,354) 0
HoldsAt(Meet_ID3_ID3,355) 0
HoldsAt(Meet_ID3_ID3,356) 0
HoldsAt(Meet_ID3_ID3,357) 0
HoldsAt(Meet_ID3_ID3,358) 0
HoldsAt(Meet_ID3_ID3,359) 0
HoldsAt(Meet_ID3_ID3,360) 0
HoldsAt(Meet_ID3_ID3,361) 0
HoldsAt(Meet_ID3_ID3,362) 0
HoldsAt(Meet_ID3_ID3,363) 0
HoldsAt(Meet_ID3_ID3,364) 0
HoldsAt(Meet_ID3_ID3,365) 0
HoldsAt(Meet_ID3_ID3,366) 0
HoldsAt(Meet_ID3_ID3,367) 0
HoldsAt(Meet_ID3_ID3,368) 0
HoldsAt(Meet_ID3_ID3,369) 0
HoldsAt(Meet_ID3_ID3,370) 0
HoldsAt(Meet_ID3_ID3,371) 0
HoldsAt(Meet_ID3_ID3,372) 0
HoldsAt(Meet_ID3_ID3,373) 0
HoldsAt(Meet_ID3_ID3,374) 0
HoldsAt(Meet_ID3_ID3,375) 0
HoldsAt(Meet_ID3_ID3,376) 0
HoldsAt(Meet_ID3_ID3,377) 0
HoldsAt(Meet_ID3_ID3,31) 0
HoldsAt(Meet_ID3_ID3,32) 0
HoldsAt(Meet_ID3_ID3,33) 0
HoldsAt(Meet_ID3_ID3,34) 0
HoldsAt(Meet_ID3_ID3,35) 0
HoldsAt(Meet_ID3_ID3,36) 0
HoldsAt(Meet_ID3_ID3,37) 0
HoldsAt(Meet_ID3_ID3,38) 0
HoldsAt(Meet_ID3_ID3,39) 0
HoldsAt(Meet_ID3_ID3,40) 0
HoldsAt(Meet_ID3_ID3,41) 0
HoldsAt(Meet_ID3_ID3,42) 0
HoldsAt(Meet_ID3_ID3,43) 0
HoldsAt(Meet_ID3_ID3,44) 0
HoldsAt(Meet_ID3_ID3,45) 0
HoldsAt(Meet_ID3_ID3,46) 0
HoldsAt(Meet_ID3_ID3,47) 0
HoldsAt(Meet_ID3_ID3,48) 0
HoldsAt(Meet_ID3_ID3,49) 0
HoldsAt(Meet_ID3_ID3,50) 0
HoldsAt(Meet_ID3_ID3,51) 0
HoldsAt(Meet_ID3_ID3,52) 0
HoldsAt(Meet_ID3_ID3,53) 0
HoldsAt(Meet_ID3_ID3,54) 0
HoldsAt(Meet_ID3_ID3,55) 0
HoldsAt(Meet_ID3_ID3,56) 0
HoldsAt(Meet_ID3_ID3,57) 0
HoldsAt(Meet_ID3_ID3,58) 0
HoldsAt(Meet_ID3_ID3,59) 0
HoldsAt(Meet_ID3_ID3,60) 0
HoldsAt(Meet_ID3_ID3,61) 0
HoldsAt(Meet_ID3_ID3,62) 0
HoldsAt(Meet_ID3_ID3,63) 0
HoldsAt(Meet_ID3_ID3,64) 0
HoldsAt(Meet_ID3_ID3,65) 0
HoldsAt(Meet_ID3_ID3,66) 0
HoldsAt(Meet_ID3_ID3,67) 0
HoldsAt(Meet_ID3_ID3,68) 0
