HoldsAt(Meet_ID0_ID0,31) 0
HoldsAt(Meet_ID0_ID0,32) 0
HoldsAt(Meet_ID0_ID0,33) 0
HoldsAt(Meet_ID0_ID0,34) 0
HoldsAt(Meet_ID0_ID0,35) 0
HoldsAt(Meet_ID0_ID0,36) 0
HoldsAt(Meet_ID0_ID0,37) 0
HoldsAt(Meet_ID0_ID0,38) 0
HoldsAt(Meet_ID0_ID0,39) 0
HoldsAt(Meet_ID0_ID0,40) 0
HoldsAt(Meet_ID0_ID0,41) 0
HoldsAt(Meet_ID0_ID0,42) 0
HoldsAt(Meet_ID0_ID0,43) 0
HoldsAt(Meet_ID0_ID0,44) 0
HoldsAt(Meet_ID0_ID0,45) 0
HoldsAt(Meet_ID0_ID0,46) 0
HoldsAt(Meet_ID0_ID0,47) 0
HoldsAt(Meet_ID0_ID0,48) 0
HoldsAt(Meet_ID0_ID0,49) 0
HoldsAt(Meet_ID0_ID0,50) 0
HoldsAt(Meet_ID0_ID0,51) 0
HoldsAt(Meet_ID0_ID0,52) 0
HoldsAt(Meet_ID0_ID0,53) 0
HoldsAt(Meet_ID0_ID0,54) 0
HoldsAt(Meet_ID0_ID0,55) 0
HoldsAt(Meet_ID0_ID0,56) 0
HoldsAt(Meet_ID0_ID0,57) 0
HoldsAt(Meet_ID0_ID0,58) 0
HoldsAt(Meet_ID0_ID0,59) 0
HoldsAt(Meet_ID0_ID0,60) 0
HoldsAt(Meet_ID0_ID0,61) 0
HoldsAt(Meet_ID0_ID0,62) 0
HoldsAt(Meet_ID0_ID0,63) 0
HoldsAt(Meet_ID0_ID0,64) 0
HoldsAt(Meet_ID0_ID0,65) 0
HoldsAt(Meet_ID0_ID0,66) 0
HoldsAt(Meet_ID0_ID0,67) 0
HoldsAt(Meet_ID0_ID0,68) 0
HoldsAt(Meet_ID0_ID0,69) 0
HoldsAt(Meet_ID0_ID0,70) 0
HoldsAt(Meet_ID0_ID0,71) 0
HoldsAt(Meet_ID0_ID0,72) 0
HoldsAt(Meet_ID0_ID0,73) 0
HoldsAt(Meet_ID0_ID0,74) 0
HoldsAt(Meet_ID0_ID0,75) 0
HoldsAt(Meet_ID0_ID0,76) 0
HoldsAt(Meet_ID0_ID0,77) 0
HoldsAt(Meet_ID0_ID0,78) 0
HoldsAt(Meet_ID0_ID0,79) 0
HoldsAt(Meet_ID0_ID0,80) 0
HoldsAt(Meet_ID0_ID0,81) 0
HoldsAt(Meet_ID0_ID0,82) 0
HoldsAt(Meet_ID0_ID0,83) 0
HoldsAt(Meet_ID0_ID0,84) 0
HoldsAt(Meet_ID0_ID0,85) 0
HoldsAt(Meet_ID0_ID0,86) 0
HoldsAt(Meet_ID0_ID0,87) 0
HoldsAt(Meet_ID0_ID0,88) 0
HoldsAt(Meet_ID0_ID0,89) 0
HoldsAt(Meet_ID0_ID0,90) 0
HoldsAt(Meet_ID0_ID0,91) 0
HoldsAt(Meet_ID0_ID0,92) 0
HoldsAt(Meet_ID0_ID0,93) 0
HoldsAt(Meet_ID0_ID0,94) 0
HoldsAt(Meet_ID0_ID0,95) 0
HoldsAt(Meet_ID0_ID0,96) 0
HoldsAt(Meet_ID0_ID0,97) 0
HoldsAt(Meet_ID0_ID0,98) 0
HoldsAt(Meet_ID0_ID0,99) 0
HoldsAt(Meet_ID0_ID0,100) 0
HoldsAt(Meet_ID0_ID0,101) 0
HoldsAt(Meet_ID0_ID0,102) 0
HoldsAt(Meet_ID0_ID0,103) 0
HoldsAt(Meet_ID0_ID0,104) 0
HoldsAt(Meet_ID0_ID0,105) 0
HoldsAt(Meet_ID0_ID0,106) 0
HoldsAt(Meet_ID0_ID0,107) 0
HoldsAt(Meet_ID0_ID0,108) 0
HoldsAt(Meet_ID0_ID0,109) 0
HoldsAt(Meet_ID0_ID0,110) 0
HoldsAt(Meet_ID0_ID0,111) 0
HoldsAt(Meet_ID0_ID0,112) 0
HoldsAt(Meet_ID0_ID0,113) 0
HoldsAt(Meet_ID0_ID0,114) 0
HoldsAt(Meet_ID0_ID0,115) 0
HoldsAt(Meet_ID0_ID0,116) 0
HoldsAt(Meet_ID0_ID0,117) 0
HoldsAt(Meet_ID0_ID0,118) 0
HoldsAt(Meet_ID0_ID0,119) 0
HoldsAt(Meet_ID0_ID0,120) 0
HoldsAt(Meet_ID0_ID0,121) 0
HoldsAt(Meet_ID0_ID0,122) 0
HoldsAt(Meet_ID0_ID0,123) 0
HoldsAt(Meet_ID0_ID0,124) 0
HoldsAt(Meet_ID0_ID0,125) 0
HoldsAt(Meet_ID0_ID0,126) 0
HoldsAt(Meet_ID0_ID0,127) 0
HoldsAt(Meet_ID0_ID0,128) 0
HoldsAt(Meet_ID0_ID0,129) 0
HoldsAt(Meet_ID0_ID0,130) 0
HoldsAt(Meet_ID0_ID0,131) 0
HoldsAt(Meet_ID0_ID0,132) 0
HoldsAt(Meet_ID0_ID0,133) 0
HoldsAt(Meet_ID0_ID0,134) 0
HoldsAt(Meet_ID0_ID0,135) 0
HoldsAt(Meet_ID0_ID0,136) 0
HoldsAt(Meet_ID0_ID0,137) 0
HoldsAt(Meet_ID0_ID0,138) 0
HoldsAt(Meet_ID0_ID0,139) 0
HoldsAt(Meet_ID0_ID0,140) 0
HoldsAt(Meet_ID0_ID0,141) 0
HoldsAt(Meet_ID0_ID0,142) 0
HoldsAt(Meet_ID0_ID0,143) 0
HoldsAt(Meet_ID0_ID0,144) 0
HoldsAt(Meet_ID0_ID0,145) 0
HoldsAt(Meet_ID0_ID0,146) 0
HoldsAt(Meet_ID0_ID0,147) 0
HoldsAt(Meet_ID0_ID0,148) 0
HoldsAt(Meet_ID0_ID0,149) 0
HoldsAt(Meet_ID0_ID0,150) 0
HoldsAt(Meet_ID0_ID0,151) 0
HoldsAt(Meet_ID0_ID0,152) 0
HoldsAt(Meet_ID0_ID0,153) 0
HoldsAt(Meet_ID0_ID0,154) 0
HoldsAt(Meet_ID0_ID0,155) 0
HoldsAt(Meet_ID0_ID0,156) 0
HoldsAt(Meet_ID0_ID0,157) 0
HoldsAt(Meet_ID0_ID0,158) 0
HoldsAt(Meet_ID0_ID0,159) 0
HoldsAt(Meet_ID0_ID0,160) 0
HoldsAt(Meet_ID0_ID0,161) 0
HoldsAt(Meet_ID0_ID0,162) 0
HoldsAt(Meet_ID0_ID0,163) 0
HoldsAt(Meet_ID0_ID0,164) 0
HoldsAt(Meet_ID0_ID0,165) 0
HoldsAt(Meet_ID0_ID0,166) 0
HoldsAt(Meet_ID0_ID0,167) 0
HoldsAt(Meet_ID0_ID0,168) 0
HoldsAt(Meet_ID0_ID0,169) 0
HoldsAt(Meet_ID0_ID0,170) 0
HoldsAt(Meet_ID0_ID0,171) 0
HoldsAt(Meet_ID0_ID0,172) 0
HoldsAt(Meet_ID0_ID0,173) 0
HoldsAt(Meet_ID0_ID0,174) 0
HoldsAt(Meet_ID0_ID0,175) 0
HoldsAt(Meet_ID0_ID0,176) 0
HoldsAt(Meet_ID0_ID0,177) 0
HoldsAt(Meet_ID0_ID0,178) 0
HoldsAt(Meet_ID0_ID0,179) 0
HoldsAt(Meet_ID0_ID0,180) 0
HoldsAt(Meet_ID0_ID0,181) 0
HoldsAt(Meet_ID0_ID0,182) 0
HoldsAt(Meet_ID0_ID0,183) 0
HoldsAt(Meet_ID0_ID0,184) 0
HoldsAt(Meet_ID0_ID0,185) 0
HoldsAt(Meet_ID0_ID0,186) 0
HoldsAt(Meet_ID0_ID0,187) 0
HoldsAt(Meet_ID0_ID0,188) 0
HoldsAt(Meet_ID0_ID0,189) 0
HoldsAt(Meet_ID0_ID0,190) 0
HoldsAt(Meet_ID0_ID0,191) 0
HoldsAt(Meet_ID0_ID0,192) 0
HoldsAt(Meet_ID0_ID0,193) 0
HoldsAt(Meet_ID0_ID0,194) 0
HoldsAt(Meet_ID0_ID0,195) 0
HoldsAt(Meet_ID0_ID0,196) 0
HoldsAt(Meet_ID0_ID0,197) 0
HoldsAt(Meet_ID0_ID0,198) 0
HoldsAt(Meet_ID0_ID0,199) 0
HoldsAt(Meet_ID0_ID0,200) 0
HoldsAt(Meet_ID0_ID0,201) 0
HoldsAt(Meet_ID0_ID0,202) 0
HoldsAt(Meet_ID0_ID0,203) 0
HoldsAt(Meet_ID0_ID0,204) 0
HoldsAt(Meet_ID0_ID0,205) 0
HoldsAt(Meet_ID0_ID0,206) 0
HoldsAt(Meet_ID0_ID0,207) 0
HoldsAt(Meet_ID0_ID0,208) 0
HoldsAt(Meet_ID0_ID0,209) 0
HoldsAt(Meet_ID0_ID0,210) 0
HoldsAt(Meet_ID0_ID0,211) 0
HoldsAt(Meet_ID0_ID0,212) 0
HoldsAt(Meet_ID0_ID0,213) 0
HoldsAt(Meet_ID0_ID0,214) 0
HoldsAt(Meet_ID0_ID0,215) 0
HoldsAt(Meet_ID0_ID0,216) 0
HoldsAt(Meet_ID0_ID0,217) 0
HoldsAt(Meet_ID0_ID0,218) 0
HoldsAt(Meet_ID0_ID0,219) 0
HoldsAt(Meet_ID0_ID0,220) 0
HoldsAt(Meet_ID0_ID0,221) 0
HoldsAt(Meet_ID0_ID0,222) 0
HoldsAt(Meet_ID0_ID0,223) 0
HoldsAt(Meet_ID0_ID0,224) 0
HoldsAt(Meet_ID0_ID0,225) 0
HoldsAt(Meet_ID0_ID0,226) 0
HoldsAt(Meet_ID0_ID0,227) 0
HoldsAt(Meet_ID0_ID0,228) 0
HoldsAt(Meet_ID0_ID0,229) 0
HoldsAt(Meet_ID0_ID0,230) 0
HoldsAt(Meet_ID0_ID0,231) 0
HoldsAt(Meet_ID0_ID0,232) 0
HoldsAt(Meet_ID0_ID0,233) 0
HoldsAt(Meet_ID0_ID0,234) 0
HoldsAt(Meet_ID0_ID0,235) 0
HoldsAt(Meet_ID0_ID0,236) 0
HoldsAt(Meet_ID0_ID0,237) 0
HoldsAt(Meet_ID0_ID0,238) 0
HoldsAt(Meet_ID0_ID0,239) 0
HoldsAt(Meet_ID0_ID0,240) 0
HoldsAt(Meet_ID0_ID0,241) 0
HoldsAt(Meet_ID0_ID0,242) 0
HoldsAt(Meet_ID0_ID0,243) 0
HoldsAt(Meet_ID0_ID0,244) 0
HoldsAt(Meet_ID0_ID0,245) 0
HoldsAt(Meet_ID0_ID0,246) 0
HoldsAt(Meet_ID0_ID0,247) 0
HoldsAt(Meet_ID0_ID0,248) 0
HoldsAt(Meet_ID0_ID0,249) 0
HoldsAt(Meet_ID0_ID0,250) 0
HoldsAt(Meet_ID0_ID0,251) 0
HoldsAt(Meet_ID0_ID0,252) 0
HoldsAt(Meet_ID0_ID0,253) 0
HoldsAt(Meet_ID0_ID0,254) 0
HoldsAt(Meet_ID0_ID0,255) 0
HoldsAt(Meet_ID0_ID0,256) 0
HoldsAt(Meet_ID0_ID0,257) 0
HoldsAt(Meet_ID0_ID0,258) 0
HoldsAt(Meet_ID0_ID0,259) 0
HoldsAt(Meet_ID0_ID0,260) 0
HoldsAt(Meet_ID0_ID0,261) 0
HoldsAt(Meet_ID0_ID0,262) 0
HoldsAt(Meet_ID0_ID0,263) 0
HoldsAt(Meet_ID0_ID0,264) 0
HoldsAt(Meet_ID0_ID0,265) 0
HoldsAt(Meet_ID0_ID0,266) 0
HoldsAt(Meet_ID0_ID0,267) 0
HoldsAt(Meet_ID0_ID0,268) 0
HoldsAt(Meet_ID0_ID0,269) 0
HoldsAt(Meet_ID0_ID0,270) 0
HoldsAt(Meet_ID0_ID0,271) 0
HoldsAt(Meet_ID0_ID0,272) 0
HoldsAt(Meet_ID0_ID0,273) 0
HoldsAt(Meet_ID0_ID0,274) 0
HoldsAt(Meet_ID0_ID0,275) 0
HoldsAt(Meet_ID0_ID0,276) 0
HoldsAt(Meet_ID0_ID0,277) 0
HoldsAt(Meet_ID0_ID0,278) 0
HoldsAt(Meet_ID0_ID0,279) 0
HoldsAt(Meet_ID0_ID0,280) 0
HoldsAt(Meet_ID0_ID0,281) 0
HoldsAt(Meet_ID0_ID0,282) 0
HoldsAt(Meet_ID0_ID0,283) 0
HoldsAt(Meet_ID0_ID0,284) 0
HoldsAt(Meet_ID0_ID0,285) 0
HoldsAt(Meet_ID0_ID0,286) 0
HoldsAt(Meet_ID0_ID0,287) 0
HoldsAt(Meet_ID0_ID0,288) 0
HoldsAt(Meet_ID0_ID0,289) 0
HoldsAt(Meet_ID0_ID0,290) 0
HoldsAt(Meet_ID0_ID0,291) 0
HoldsAt(Meet_ID0_ID0,292) 0
HoldsAt(Meet_ID0_ID0,293) 0
HoldsAt(Meet_ID0_ID0,294) 0
HoldsAt(Meet_ID0_ID0,295) 0
HoldsAt(Meet_ID0_ID0,296) 0
HoldsAt(Meet_ID0_ID0,297) 0
HoldsAt(Meet_ID0_ID0,298) 0
HoldsAt(Meet_ID0_ID0,299) 0
HoldsAt(Meet_ID0_ID0,300) 0
HoldsAt(Meet_ID0_ID0,301) 0
HoldsAt(Meet_ID0_ID0,302) 0
HoldsAt(Meet_ID0_ID0,303) 0
HoldsAt(Meet_ID0_ID0,304) 0
HoldsAt(Meet_ID0_ID0,305) 0
HoldsAt(Meet_ID0_ID0,306) 0
HoldsAt(Meet_ID0_ID0,307) 0
HoldsAt(Meet_ID0_ID0,308) 0
HoldsAt(Meet_ID0_ID0,309) 0
HoldsAt(Meet_ID0_ID0,310) 0
HoldsAt(Meet_ID0_ID0,311) 0
HoldsAt(Meet_ID0_ID0,312) 0
HoldsAt(Meet_ID0_ID0,313) 0
HoldsAt(Meet_ID0_ID0,314) 0
HoldsAt(Meet_ID0_ID0,315) 0
HoldsAt(Meet_ID0_ID0,316) 0
HoldsAt(Meet_ID0_ID0,317) 0
HoldsAt(Meet_ID0_ID0,318) 0
HoldsAt(Meet_ID0_ID0,319) 0
HoldsAt(Meet_ID0_ID0,320) 0
HoldsAt(Meet_ID0_ID0,321) 0
HoldsAt(Meet_ID0_ID0,322) 0
HoldsAt(Meet_ID0_ID0,323) 0
HoldsAt(Meet_ID0_ID0,324) 0
HoldsAt(Meet_ID0_ID0,325) 0
HoldsAt(Meet_ID0_ID0,326) 0
HoldsAt(Meet_ID0_ID0,327) 0
HoldsAt(Meet_ID0_ID0,328) 0
HoldsAt(Meet_ID0_ID0,329) 0
HoldsAt(Meet_ID0_ID0,330) 0
HoldsAt(Meet_ID0_ID0,331) 0
HoldsAt(Meet_ID0_ID0,332) 0
HoldsAt(Meet_ID0_ID0,333) 0
HoldsAt(Meet_ID0_ID0,334) 0
HoldsAt(Meet_ID0_ID0,335) 0
HoldsAt(Meet_ID0_ID0,336) 0
HoldsAt(Meet_ID0_ID0,337) 0
HoldsAt(Meet_ID0_ID0,338) 0
HoldsAt(Meet_ID0_ID0,339) 0
HoldsAt(Meet_ID0_ID0,340) 0
HoldsAt(Meet_ID0_ID0,341) 0
HoldsAt(Meet_ID0_ID0,342) 0
HoldsAt(Meet_ID0_ID0,343) 0
HoldsAt(Meet_ID0_ID0,344) 0
HoldsAt(Meet_ID0_ID0,345) 0
HoldsAt(Meet_ID0_ID0,346) 0
HoldsAt(Meet_ID0_ID0,347) 0
HoldsAt(Meet_ID0_ID0,348) 0
HoldsAt(Meet_ID0_ID0,349) 0
HoldsAt(Meet_ID0_ID0,350) 0
HoldsAt(Meet_ID0_ID0,351) 0
HoldsAt(Meet_ID0_ID0,352) 0
HoldsAt(Meet_ID0_ID0,353) 0
HoldsAt(Meet_ID0_ID0,354) 0
HoldsAt(Meet_ID0_ID0,355) 0
HoldsAt(Meet_ID0_ID0,356) 0
HoldsAt(Meet_ID0_ID0,357) 0
HoldsAt(Meet_ID0_ID0,358) 0
HoldsAt(Meet_ID0_ID0,359) 0
HoldsAt(Meet_ID0_ID0,360) 0
HoldsAt(Meet_ID0_ID0,361) 0
HoldsAt(Meet_ID0_ID0,362) 0
HoldsAt(Meet_ID0_ID0,363) 0
HoldsAt(Meet_ID0_ID0,364) 0
HoldsAt(Meet_ID0_ID0,365) 0
HoldsAt(Meet_ID0_ID0,366) 0
HoldsAt(Meet_ID0_ID0,367) 0
HoldsAt(Meet_ID0_ID0,368) 0
HoldsAt(Meet_ID0_ID0,369) 0
HoldsAt(Meet_ID0_ID0,370) 0
HoldsAt(Meet_ID0_ID0,371) 0
HoldsAt(Meet_ID0_ID0,372) 0
HoldsAt(Meet_ID0_ID0,373) 0
HoldsAt(Meet_ID0_ID0,374) 0
HoldsAt(Meet_ID0_ID0,375) 0
HoldsAt(Meet_ID0_ID0,376) 0
HoldsAt(Meet_ID0_ID1,31) 0
HoldsAt(Meet_ID0_ID1,32) 0
HoldsAt(Meet_ID0_ID1,33) 0
HoldsAt(Meet_ID0_ID1,34) 0
HoldsAt(Meet_ID0_ID1,35) 0
HoldsAt(Meet_ID0_ID1,36) 0
HoldsAt(Meet_ID0_ID1,37) 0
HoldsAt(Meet_ID0_ID1,38) 0
HoldsAt(Meet_ID0_ID1,39) 0
HoldsAt(Meet_ID0_ID1,40) 0
HoldsAt(Meet_ID0_ID1,41) 1
HoldsAt(Meet_ID0_ID1,42) 0
HoldsAt(Meet_ID0_ID1,43) 0
HoldsAt(Meet_ID0_ID1,44) 0
HoldsAt(Meet_ID0_ID1,45) 0
HoldsAt(Meet_ID0_ID1,46) 0
HoldsAt(Meet_ID0_ID1,47) 0
HoldsAt(Meet_ID0_ID1,48) 0
HoldsAt(Meet_ID0_ID1,49) 0
HoldsAt(Meet_ID0_ID1,50) 0
HoldsAt(Meet_ID0_ID1,51) 0
HoldsAt(Meet_ID0_ID1,52) 0
HoldsAt(Meet_ID0_ID1,53) 0
HoldsAt(Meet_ID0_ID1,54) 0
HoldsAt(Meet_ID0_ID1,55) 0
HoldsAt(Meet_ID0_ID1,56) 0
HoldsAt(Meet_ID0_ID1,57) 0
HoldsAt(Meet_ID0_ID1,58) 0
HoldsAt(Meet_ID0_ID1,59) 0
HoldsAt(Meet_ID0_ID1,60) 0
HoldsAt(Meet_ID0_ID1,61) 0
HoldsAt(Meet_ID0_ID1,62) 0
HoldsAt(Meet_ID0_ID1,63) 0
HoldsAt(Meet_ID0_ID1,64) 0
HoldsAt(Meet_ID0_ID1,65) 0
HoldsAt(Meet_ID0_ID1,66) 0
HoldsAt(Meet_ID0_ID1,67) 0
HoldsAt(Meet_ID0_ID1,68) 0
HoldsAt(Meet_ID0_ID1,69) 0
HoldsAt(Meet_ID0_ID1,70) 0
HoldsAt(Meet_ID0_ID1,71) 0
HoldsAt(Meet_ID0_ID1,72) 0
HoldsAt(Meet_ID0_ID1,73) 0
HoldsAt(Meet_ID0_ID1,74) 0
HoldsAt(Meet_ID0_ID1,75) 0
HoldsAt(Meet_ID0_ID1,76) 0
HoldsAt(Meet_ID0_ID1,77) 0
HoldsAt(Meet_ID0_ID1,78) 0
HoldsAt(Meet_ID0_ID1,79) 0
HoldsAt(Meet_ID0_ID1,80) 0
HoldsAt(Meet_ID0_ID1,81) 0
HoldsAt(Meet_ID0_ID1,82) 0
HoldsAt(Meet_ID0_ID1,83) 0
HoldsAt(Meet_ID0_ID1,84) 0
HoldsAt(Meet_ID0_ID1,85) 0
HoldsAt(Meet_ID0_ID1,86) 0
HoldsAt(Meet_ID0_ID1,87) 0
HoldsAt(Meet_ID0_ID1,88) 0
HoldsAt(Meet_ID0_ID1,89) 0
HoldsAt(Meet_ID0_ID1,90) 0
HoldsAt(Meet_ID0_ID1,91) 0
HoldsAt(Meet_ID0_ID1,92) 0
HoldsAt(Meet_ID0_ID1,93) 0
HoldsAt(Meet_ID0_ID1,94) 0
HoldsAt(Meet_ID0_ID1,95) 0
HoldsAt(Meet_ID0_ID1,96) 0
HoldsAt(Meet_ID0_ID1,97) 0
HoldsAt(Meet_ID0_ID1,98) 0
HoldsAt(Meet_ID0_ID1,99) 0
HoldsAt(Meet_ID0_ID1,100) 0
HoldsAt(Meet_ID0_ID1,101) 0
HoldsAt(Meet_ID0_ID1,102) 0
HoldsAt(Meet_ID0_ID1,103) 0
HoldsAt(Meet_ID0_ID1,104) 0
HoldsAt(Meet_ID0_ID1,105) 0
HoldsAt(Meet_ID0_ID1,106) 0
HoldsAt(Meet_ID0_ID1,107) 0
HoldsAt(Meet_ID0_ID1,108) 0
HoldsAt(Meet_ID0_ID1,109) 0
HoldsAt(Meet_ID0_ID1,110) 0
HoldsAt(Meet_ID0_ID1,111) 0
HoldsAt(Meet_ID0_ID1,112) 0
HoldsAt(Meet_ID0_ID1,113) 0
HoldsAt(Meet_ID0_ID1,114) 0
HoldsAt(Meet_ID0_ID1,115) 0
HoldsAt(Meet_ID0_ID1,116) 0
HoldsAt(Meet_ID0_ID1,117) 0
HoldsAt(Meet_ID0_ID1,118) 0
HoldsAt(Meet_ID0_ID1,119) 0
HoldsAt(Meet_ID0_ID1,120) 0
HoldsAt(Meet_ID0_ID1,121) 0
HoldsAt(Meet_ID0_ID1,122) 0
HoldsAt(Meet_ID0_ID1,123) 0
HoldsAt(Meet_ID0_ID1,124) 0
HoldsAt(Meet_ID0_ID1,125) 0
HoldsAt(Meet_ID0_ID1,126) 0
HoldsAt(Meet_ID0_ID1,127) 0
HoldsAt(Meet_ID0_ID1,128) 0
HoldsAt(Meet_ID0_ID1,129) 0
HoldsAt(Meet_ID0_ID1,130) 0
HoldsAt(Meet_ID0_ID1,131) 0
HoldsAt(Meet_ID0_ID1,132) 0
HoldsAt(Meet_ID0_ID1,133) 0
HoldsAt(Meet_ID0_ID1,134) 0
HoldsAt(Meet_ID0_ID1,135) 0
HoldsAt(Meet_ID0_ID1,136) 0
HoldsAt(Meet_ID0_ID1,137) 0
HoldsAt(Meet_ID0_ID1,138) 0
HoldsAt(Meet_ID0_ID1,139) 0
HoldsAt(Meet_ID0_ID1,140) 0
HoldsAt(Meet_ID0_ID1,141) 0
HoldsAt(Meet_ID0_ID1,142) 0
HoldsAt(Meet_ID0_ID1,143) 0
HoldsAt(Meet_ID0_ID1,144) 0
HoldsAt(Meet_ID0_ID1,145) 0
HoldsAt(Meet_ID0_ID1,146) 0
HoldsAt(Meet_ID0_ID1,147) 0
HoldsAt(Meet_ID0_ID1,148) 0
HoldsAt(Meet_ID0_ID1,149) 0
HoldsAt(Meet_ID0_ID1,150) 0
HoldsAt(Meet_ID0_ID1,151) 0
HoldsAt(Meet_ID0_ID1,152) 0
HoldsAt(Meet_ID0_ID1,153) 0
HoldsAt(Meet_ID0_ID1,154) 0
HoldsAt(Meet_ID0_ID1,155) 0
HoldsAt(Meet_ID0_ID1,156) 0
HoldsAt(Meet_ID0_ID1,157) 0
HoldsAt(Meet_ID0_ID1,158) 0
HoldsAt(Meet_ID0_ID1,159) 0
HoldsAt(Meet_ID0_ID1,160) 0
HoldsAt(Meet_ID0_ID1,161) 0
HoldsAt(Meet_ID0_ID1,162) 0
HoldsAt(Meet_ID0_ID1,163) 0
HoldsAt(Meet_ID0_ID1,164) 0
HoldsAt(Meet_ID0_ID1,165) 0
HoldsAt(Meet_ID0_ID1,166) 0
HoldsAt(Meet_ID0_ID1,167) 0
HoldsAt(Meet_ID0_ID1,168) 0
HoldsAt(Meet_ID0_ID1,169) 0
HoldsAt(Meet_ID0_ID1,170) 0
HoldsAt(Meet_ID0_ID1,171) 0
HoldsAt(Meet_ID0_ID1,172) 0
HoldsAt(Meet_ID0_ID1,173) 0
HoldsAt(Meet_ID0_ID1,174) 0
HoldsAt(Meet_ID0_ID1,175) 0
HoldsAt(Meet_ID0_ID1,176) 0
HoldsAt(Meet_ID0_ID1,177) 0
HoldsAt(Meet_ID0_ID1,178) 0
HoldsAt(Meet_ID0_ID1,179) 0
HoldsAt(Meet_ID0_ID1,180) 0
HoldsAt(Meet_ID0_ID1,181) 0
HoldsAt(Meet_ID0_ID1,182) 0
HoldsAt(Meet_ID0_ID1,183) 0
HoldsAt(Meet_ID0_ID1,184) 0
HoldsAt(Meet_ID0_ID1,185) 0
HoldsAt(Meet_ID0_ID1,186) 0
HoldsAt(Meet_ID0_ID1,187) 0
HoldsAt(Meet_ID0_ID1,188) 0
HoldsAt(Meet_ID0_ID1,189) 0
HoldsAt(Meet_ID0_ID1,190) 0
HoldsAt(Meet_ID0_ID1,191) 0
HoldsAt(Meet_ID0_ID1,192) 0
HoldsAt(Meet_ID0_ID1,193) 0
HoldsAt(Meet_ID0_ID1,194) 0
HoldsAt(Meet_ID0_ID1,195) 0
HoldsAt(Meet_ID0_ID1,196) 0
HoldsAt(Meet_ID0_ID1,197) 0
HoldsAt(Meet_ID0_ID1,198) 0
HoldsAt(Meet_ID0_ID1,199) 0
HoldsAt(Meet_ID0_ID1,200) 0
HoldsAt(Meet_ID0_ID1,201) 0
HoldsAt(Meet_ID0_ID1,202) 0
HoldsAt(Meet_ID0_ID1,203) 0
HoldsAt(Meet_ID0_ID1,204) 0
HoldsAt(Meet_ID0_ID1,205) 0
HoldsAt(Meet_ID0_ID1,206) 0
HoldsAt(Meet_ID0_ID1,207) 0
HoldsAt(Meet_ID0_ID1,208) 0
HoldsAt(Meet_ID0_ID1,209) 0
HoldsAt(Meet_ID0_ID1,210) 0
HoldsAt(Meet_ID0_ID1,211) 0
HoldsAt(Meet_ID0_ID1,212) 0
HoldsAt(Meet_ID0_ID1,213) 0
HoldsAt(Meet_ID0_ID1,214) 0
HoldsAt(Meet_ID0_ID1,215) 0
HoldsAt(Meet_ID0_ID1,216) 0
HoldsAt(Meet_ID0_ID1,217) 0
HoldsAt(Meet_ID0_ID1,218) 0
HoldsAt(Meet_ID0_ID1,219) 0
HoldsAt(Meet_ID0_ID1,220) 0
HoldsAt(Meet_ID0_ID1,221) 0
HoldsAt(Meet_ID0_ID1,222) 0
HoldsAt(Meet_ID0_ID1,223) 0
HoldsAt(Meet_ID0_ID1,224) 0
HoldsAt(Meet_ID0_ID1,225) 0
HoldsAt(Meet_ID0_ID1,226) 0
HoldsAt(Meet_ID0_ID1,227) 0
HoldsAt(Meet_ID0_ID1,228) 0
HoldsAt(Meet_ID0_ID1,229) 0
HoldsAt(Meet_ID0_ID1,230) 0
HoldsAt(Meet_ID0_ID1,231) 0
HoldsAt(Meet_ID0_ID1,232) 0
HoldsAt(Meet_ID0_ID1,233) 0
HoldsAt(Meet_ID0_ID1,234) 0
HoldsAt(Meet_ID0_ID1,235) 0
HoldsAt(Meet_ID0_ID1,236) 0
HoldsAt(Meet_ID0_ID1,237) 0
HoldsAt(Meet_ID0_ID1,238) 0
HoldsAt(Meet_ID0_ID1,239) 0
HoldsAt(Meet_ID0_ID1,240) 0
HoldsAt(Meet_ID0_ID1,241) 0
HoldsAt(Meet_ID0_ID1,242) 0
HoldsAt(Meet_ID0_ID1,243) 0
HoldsAt(Meet_ID0_ID1,244) 0
HoldsAt(Meet_ID0_ID1,245) 0
HoldsAt(Meet_ID0_ID1,246) 0
HoldsAt(Meet_ID0_ID1,247) 0
HoldsAt(Meet_ID0_ID1,248) 0
HoldsAt(Meet_ID0_ID1,249) 0
HoldsAt(Meet_ID0_ID1,250) 0
HoldsAt(Meet_ID0_ID1,251) 0
HoldsAt(Meet_ID0_ID1,252) 0
HoldsAt(Meet_ID0_ID1,253) 0
HoldsAt(Meet_ID0_ID1,254) 0
HoldsAt(Meet_ID0_ID1,255) 0
HoldsAt(Meet_ID0_ID1,256) 0
HoldsAt(Meet_ID0_ID1,257) 0
HoldsAt(Meet_ID0_ID1,258) 0
HoldsAt(Meet_ID0_ID1,259) 0
HoldsAt(Meet_ID0_ID1,260) 0
HoldsAt(Meet_ID0_ID1,261) 0
HoldsAt(Meet_ID0_ID1,262) 0
HoldsAt(Meet_ID0_ID1,263) 0
HoldsAt(Meet_ID0_ID1,264) 0
HoldsAt(Meet_ID0_ID1,265) 0
HoldsAt(Meet_ID0_ID1,266) 0
HoldsAt(Meet_ID0_ID1,267) 0
HoldsAt(Meet_ID0_ID1,268) 0
HoldsAt(Meet_ID0_ID1,269) 0
HoldsAt(Meet_ID0_ID1,270) 0
HoldsAt(Meet_ID0_ID1,271) 0
HoldsAt(Meet_ID0_ID1,272) 0
HoldsAt(Meet_ID0_ID1,273) 0
HoldsAt(Meet_ID0_ID1,274) 0
HoldsAt(Meet_ID0_ID1,275) 0
HoldsAt(Meet_ID0_ID1,276) 0
HoldsAt(Meet_ID0_ID1,277) 0
HoldsAt(Meet_ID0_ID1,278) 0
HoldsAt(Meet_ID0_ID1,279) 0
HoldsAt(Meet_ID0_ID1,280) 0
HoldsAt(Meet_ID0_ID1,281) 0
HoldsAt(Meet_ID0_ID1,282) 0
HoldsAt(Meet_ID0_ID1,283) 0
HoldsAt(Meet_ID0_ID1,284) 0
HoldsAt(Meet_ID0_ID1,285) 0
HoldsAt(Meet_ID0_ID1,286) 0
HoldsAt(Meet_ID0_ID1,287) 0
HoldsAt(Meet_ID0_ID1,288) 0
HoldsAt(Meet_ID0_ID1,289) 0
HoldsAt(Meet_ID0_ID1,290) 0
HoldsAt(Meet_ID0_ID1,291) 0
HoldsAt(Meet_ID0_ID1,292) 0
HoldsAt(Meet_ID0_ID1,293) 0
HoldsAt(Meet_ID0_ID1,294) 0
HoldsAt(Meet_ID0_ID1,295) 0
HoldsAt(Meet_ID0_ID1,296) 0
HoldsAt(Meet_ID0_ID1,297) 0
HoldsAt(Meet_ID0_ID1,298) 0
HoldsAt(Meet_ID0_ID1,299) 0
HoldsAt(Meet_ID0_ID1,300) 0
HoldsAt(Meet_ID0_ID1,301) 0
HoldsAt(Meet_ID0_ID1,302) 0
HoldsAt(Meet_ID0_ID1,303) 0
HoldsAt(Meet_ID0_ID1,304) 0
HoldsAt(Meet_ID0_ID1,305) 0
HoldsAt(Meet_ID0_ID1,306) 0
HoldsAt(Meet_ID0_ID1,307) 0
HoldsAt(Meet_ID0_ID1,308) 0
HoldsAt(Meet_ID0_ID1,309) 0
HoldsAt(Meet_ID0_ID1,310) 0
HoldsAt(Meet_ID0_ID1,311) 0
HoldsAt(Meet_ID0_ID1,312) 0
HoldsAt(Meet_ID0_ID1,313) 0
HoldsAt(Meet_ID0_ID1,314) 0
HoldsAt(Meet_ID0_ID1,315) 0
HoldsAt(Meet_ID0_ID1,316) 0
HoldsAt(Meet_ID0_ID1,317) 0
HoldsAt(Meet_ID0_ID1,318) 0
HoldsAt(Meet_ID0_ID1,319) 0
HoldsAt(Meet_ID0_ID1,320) 0
HoldsAt(Meet_ID0_ID1,321) 0
HoldsAt(Meet_ID0_ID1,322) 0
HoldsAt(Meet_ID0_ID1,323) 0
HoldsAt(Meet_ID0_ID1,324) 0
HoldsAt(Meet_ID0_ID1,325) 0
HoldsAt(Meet_ID0_ID1,326) 0
HoldsAt(Meet_ID0_ID1,327) 0
HoldsAt(Meet_ID0_ID1,328) 0
HoldsAt(Meet_ID0_ID1,329) 0
HoldsAt(Meet_ID0_ID1,330) 0
HoldsAt(Meet_ID0_ID1,331) 0
HoldsAt(Meet_ID0_ID1,332) 0
HoldsAt(Meet_ID0_ID1,333) 0
HoldsAt(Meet_ID0_ID1,334) 0
HoldsAt(Meet_ID0_ID1,335) 0
HoldsAt(Meet_ID0_ID1,336) 0
HoldsAt(Meet_ID0_ID1,337) 0
HoldsAt(Meet_ID0_ID1,338) 0
HoldsAt(Meet_ID0_ID1,339) 0
HoldsAt(Meet_ID0_ID1,340) 0
HoldsAt(Meet_ID0_ID1,341) 0
HoldsAt(Meet_ID0_ID1,342) 0
HoldsAt(Meet_ID0_ID1,343) 0
HoldsAt(Meet_ID0_ID1,344) 0
HoldsAt(Meet_ID0_ID1,345) 0
HoldsAt(Meet_ID0_ID1,346) 0
HoldsAt(Meet_ID0_ID1,347) 0
HoldsAt(Meet_ID0_ID1,348) 0
HoldsAt(Meet_ID0_ID1,349) 0
HoldsAt(Meet_ID0_ID1,350) 0
HoldsAt(Meet_ID0_ID1,351) 0
HoldsAt(Meet_ID0_ID1,352) 0
HoldsAt(Meet_ID0_ID1,353) 0
HoldsAt(Meet_ID0_ID1,354) 0
HoldsAt(Meet_ID0_ID1,355) 1
HoldsAt(Meet_ID0_ID1,356) 0
HoldsAt(Meet_ID0_ID1,357) 0
HoldsAt(Meet_ID0_ID1,358) 0
HoldsAt(Meet_ID0_ID1,359) 0
HoldsAt(Meet_ID0_ID1,360) 0
HoldsAt(Meet_ID0_ID1,361) 0
HoldsAt(Meet_ID0_ID1,362) 0
HoldsAt(Meet_ID0_ID1,363) 0
HoldsAt(Meet_ID0_ID1,364) 0
HoldsAt(Meet_ID0_ID1,365) 0
HoldsAt(Meet_ID0_ID1,366) 0
HoldsAt(Meet_ID0_ID1,367) 0
HoldsAt(Meet_ID0_ID1,368) 0
HoldsAt(Meet_ID0_ID1,369) 0
HoldsAt(Meet_ID0_ID1,370) 0
HoldsAt(Meet_ID0_ID1,371) 0
HoldsAt(Meet_ID0_ID1,372) 0
HoldsAt(Meet_ID0_ID1,373) 0
HoldsAt(Meet_ID0_ID1,374) 0
HoldsAt(Meet_ID0_ID1,375) 0
HoldsAt(Meet_ID0_ID1,376) 0
HoldsAt(Meet_ID1_ID0,31) 0
HoldsAt(Meet_ID1_ID0,32) 0
HoldsAt(Meet_ID1_ID0,33) 0
HoldsAt(Meet_ID1_ID0,34) 0
HoldsAt(Meet_ID1_ID0,35) 0
HoldsAt(Meet_ID1_ID0,36) 0
HoldsAt(Meet_ID1_ID0,37) 0
HoldsAt(Meet_ID1_ID0,38) 0
HoldsAt(Meet_ID1_ID0,39) 0
HoldsAt(Meet_ID1_ID0,40) 0
HoldsAt(Meet_ID1_ID0,41) 1
HoldsAt(Meet_ID1_ID0,42) 0
HoldsAt(Meet_ID1_ID0,43) 0
HoldsAt(Meet_ID1_ID0,44) 0
HoldsAt(Meet_ID1_ID0,45) 0
HoldsAt(Meet_ID1_ID0,46) 0
HoldsAt(Meet_ID1_ID0,47) 0
HoldsAt(Meet_ID1_ID0,48) 0
HoldsAt(Meet_ID1_ID0,49) 0
HoldsAt(Meet_ID1_ID0,50) 0
HoldsAt(Meet_ID1_ID0,51) 0
HoldsAt(Meet_ID1_ID0,52) 0
HoldsAt(Meet_ID1_ID0,53) 0
HoldsAt(Meet_ID1_ID0,54) 0
HoldsAt(Meet_ID1_ID0,55) 0
HoldsAt(Meet_ID1_ID0,56) 0
HoldsAt(Meet_ID1_ID0,57) 0
HoldsAt(Meet_ID1_ID0,58) 0
HoldsAt(Meet_ID1_ID0,59) 0
HoldsAt(Meet_ID1_ID0,60) 0
HoldsAt(Meet_ID1_ID0,61) 0
HoldsAt(Meet_ID1_ID0,62) 0
HoldsAt(Meet_ID1_ID0,63) 0
HoldsAt(Meet_ID1_ID0,64) 0
HoldsAt(Meet_ID1_ID0,65) 0
HoldsAt(Meet_ID1_ID0,66) 0
HoldsAt(Meet_ID1_ID0,67) 0
HoldsAt(Meet_ID1_ID0,68) 0
HoldsAt(Meet_ID1_ID0,69) 0
HoldsAt(Meet_ID1_ID0,70) 0
HoldsAt(Meet_ID1_ID0,71) 0
HoldsAt(Meet_ID1_ID0,72) 0
HoldsAt(Meet_ID1_ID0,73) 0
HoldsAt(Meet_ID1_ID0,74) 0
HoldsAt(Meet_ID1_ID0,75) 0
HoldsAt(Meet_ID1_ID0,76) 0
HoldsAt(Meet_ID1_ID0,77) 0
HoldsAt(Meet_ID1_ID0,78) 0
HoldsAt(Meet_ID1_ID0,79) 0
HoldsAt(Meet_ID1_ID0,80) 0
HoldsAt(Meet_ID1_ID0,81) 0
HoldsAt(Meet_ID1_ID0,82) 0
HoldsAt(Meet_ID1_ID0,83) 0
HoldsAt(Meet_ID1_ID0,84) 0
HoldsAt(Meet_ID1_ID0,85) 0
HoldsAt(Meet_ID1_ID0,86) 0
HoldsAt(Meet_ID1_ID0,87) 0
HoldsAt(Meet_ID1_ID0,88) 0
HoldsAt(Meet_ID1_ID0,89) 0
HoldsAt(Meet_ID1_ID0,90) 0
HoldsAt(Meet_ID1_ID0,91) 0
HoldsAt(Meet_ID1_ID0,92) 0
HoldsAt(Meet_ID1_ID0,93) 0
HoldsAt(Meet_ID1_ID0,94) 0
HoldsAt(Meet_ID1_ID0,95) 0
HoldsAt(Meet_ID1_ID0,96) 0
HoldsAt(Meet_ID1_ID0,97) 0
HoldsAt(Meet_ID1_ID0,98) 0
HoldsAt(Meet_ID1_ID0,99) 0
HoldsAt(Meet_ID1_ID0,100) 0
HoldsAt(Meet_ID1_ID0,101) 0
HoldsAt(Meet_ID1_ID0,102) 0
HoldsAt(Meet_ID1_ID0,103) 0
HoldsAt(Meet_ID1_ID0,104) 0
HoldsAt(Meet_ID1_ID0,105) 0
HoldsAt(Meet_ID1_ID0,106) 0
HoldsAt(Meet_ID1_ID0,107) 0
HoldsAt(Meet_ID1_ID0,108) 0
HoldsAt(Meet_ID1_ID0,109) 0
HoldsAt(Meet_ID1_ID0,110) 0
HoldsAt(Meet_ID1_ID0,111) 0
HoldsAt(Meet_ID1_ID0,112) 0
HoldsAt(Meet_ID1_ID0,113) 0
HoldsAt(Meet_ID1_ID0,114) 0
HoldsAt(Meet_ID1_ID0,115) 0
HoldsAt(Meet_ID1_ID0,116) 0
HoldsAt(Meet_ID1_ID0,117) 0
HoldsAt(Meet_ID1_ID0,118) 0
HoldsAt(Meet_ID1_ID0,119) 0
HoldsAt(Meet_ID1_ID0,120) 0
HoldsAt(Meet_ID1_ID0,121) 0
HoldsAt(Meet_ID1_ID0,122) 0
HoldsAt(Meet_ID1_ID0,123) 0
HoldsAt(Meet_ID1_ID0,124) 0
HoldsAt(Meet_ID1_ID0,125) 0
HoldsAt(Meet_ID1_ID0,126) 0
HoldsAt(Meet_ID1_ID0,127) 0
HoldsAt(Meet_ID1_ID0,128) 0
HoldsAt(Meet_ID1_ID0,129) 0
HoldsAt(Meet_ID1_ID0,130) 0
HoldsAt(Meet_ID1_ID0,131) 0
HoldsAt(Meet_ID1_ID0,132) 0
HoldsAt(Meet_ID1_ID0,133) 0
HoldsAt(Meet_ID1_ID0,134) 0
HoldsAt(Meet_ID1_ID0,135) 0
HoldsAt(Meet_ID1_ID0,136) 0
HoldsAt(Meet_ID1_ID0,137) 0
HoldsAt(Meet_ID1_ID0,138) 0
HoldsAt(Meet_ID1_ID0,139) 0
HoldsAt(Meet_ID1_ID0,140) 0
HoldsAt(Meet_ID1_ID0,141) 0
HoldsAt(Meet_ID1_ID0,142) 0
HoldsAt(Meet_ID1_ID0,143) 0
HoldsAt(Meet_ID1_ID0,144) 0
HoldsAt(Meet_ID1_ID0,145) 0
HoldsAt(Meet_ID1_ID0,146) 0
HoldsAt(Meet_ID1_ID0,147) 0
HoldsAt(Meet_ID1_ID0,148) 0
HoldsAt(Meet_ID1_ID0,149) 0
HoldsAt(Meet_ID1_ID0,150) 0
HoldsAt(Meet_ID1_ID0,151) 0
HoldsAt(Meet_ID1_ID0,152) 0
HoldsAt(Meet_ID1_ID0,153) 0
HoldsAt(Meet_ID1_ID0,154) 0
HoldsAt(Meet_ID1_ID0,155) 0
HoldsAt(Meet_ID1_ID0,156) 0
HoldsAt(Meet_ID1_ID0,157) 0
HoldsAt(Meet_ID1_ID0,158) 0
HoldsAt(Meet_ID1_ID0,159) 0
HoldsAt(Meet_ID1_ID0,160) 0
HoldsAt(Meet_ID1_ID0,161) 0
HoldsAt(Meet_ID1_ID0,162) 0
HoldsAt(Meet_ID1_ID0,163) 0
HoldsAt(Meet_ID1_ID0,164) 0
HoldsAt(Meet_ID1_ID0,165) 0
HoldsAt(Meet_ID1_ID0,166) 0
HoldsAt(Meet_ID1_ID0,167) 0
HoldsAt(Meet_ID1_ID0,168) 0
HoldsAt(Meet_ID1_ID0,169) 0
HoldsAt(Meet_ID1_ID0,170) 0
HoldsAt(Meet_ID1_ID0,171) 0
HoldsAt(Meet_ID1_ID0,172) 0
HoldsAt(Meet_ID1_ID0,173) 0
HoldsAt(Meet_ID1_ID0,174) 0
HoldsAt(Meet_ID1_ID0,175) 0
HoldsAt(Meet_ID1_ID0,176) 0
HoldsAt(Meet_ID1_ID0,177) 0
HoldsAt(Meet_ID1_ID0,178) 0
HoldsAt(Meet_ID1_ID0,179) 0
HoldsAt(Meet_ID1_ID0,180) 0
HoldsAt(Meet_ID1_ID0,181) 0
HoldsAt(Meet_ID1_ID0,182) 0
HoldsAt(Meet_ID1_ID0,183) 0
HoldsAt(Meet_ID1_ID0,184) 0
HoldsAt(Meet_ID1_ID0,185) 0
HoldsAt(Meet_ID1_ID0,186) 0
HoldsAt(Meet_ID1_ID0,187) 0
HoldsAt(Meet_ID1_ID0,188) 0
HoldsAt(Meet_ID1_ID0,189) 0
HoldsAt(Meet_ID1_ID0,190) 0
HoldsAt(Meet_ID1_ID0,191) 0
HoldsAt(Meet_ID1_ID0,192) 0
HoldsAt(Meet_ID1_ID0,193) 0
HoldsAt(Meet_ID1_ID0,194) 0
HoldsAt(Meet_ID1_ID0,195) 0
HoldsAt(Meet_ID1_ID0,196) 0
HoldsAt(Meet_ID1_ID0,197) 0
HoldsAt(Meet_ID1_ID0,198) 0
HoldsAt(Meet_ID1_ID0,199) 0
HoldsAt(Meet_ID1_ID0,200) 0
HoldsAt(Meet_ID1_ID0,201) 0
HoldsAt(Meet_ID1_ID0,202) 0
HoldsAt(Meet_ID1_ID0,203) 0
HoldsAt(Meet_ID1_ID0,204) 0
HoldsAt(Meet_ID1_ID0,205) 0
HoldsAt(Meet_ID1_ID0,206) 0
HoldsAt(Meet_ID1_ID0,207) 0
HoldsAt(Meet_ID1_ID0,208) 0
HoldsAt(Meet_ID1_ID0,209) 0
HoldsAt(Meet_ID1_ID0,210) 0
HoldsAt(Meet_ID1_ID0,211) 0
HoldsAt(Meet_ID1_ID0,212) 0
HoldsAt(Meet_ID1_ID0,213) 0
HoldsAt(Meet_ID1_ID0,214) 0
HoldsAt(Meet_ID1_ID0,215) 0
HoldsAt(Meet_ID1_ID0,216) 0
HoldsAt(Meet_ID1_ID0,217) 0
HoldsAt(Meet_ID1_ID0,218) 0
HoldsAt(Meet_ID1_ID0,219) 0
HoldsAt(Meet_ID1_ID0,220) 0
HoldsAt(Meet_ID1_ID0,221) 0
HoldsAt(Meet_ID1_ID0,222) 0
HoldsAt(Meet_ID1_ID0,223) 0
HoldsAt(Meet_ID1_ID0,224) 0
HoldsAt(Meet_ID1_ID0,225) 0
HoldsAt(Meet_ID1_ID0,226) 0
HoldsAt(Meet_ID1_ID0,227) 0
HoldsAt(Meet_ID1_ID0,228) 0
HoldsAt(Meet_ID1_ID0,229) 0
HoldsAt(Meet_ID1_ID0,230) 0
HoldsAt(Meet_ID1_ID0,231) 0
HoldsAt(Meet_ID1_ID0,232) 0
HoldsAt(Meet_ID1_ID0,233) 0
HoldsAt(Meet_ID1_ID0,234) 0
HoldsAt(Meet_ID1_ID0,235) 0
HoldsAt(Meet_ID1_ID0,236) 0
HoldsAt(Meet_ID1_ID0,237) 0
HoldsAt(Meet_ID1_ID0,238) 0
HoldsAt(Meet_ID1_ID0,239) 0
HoldsAt(Meet_ID1_ID0,240) 0
HoldsAt(Meet_ID1_ID0,241) 0
HoldsAt(Meet_ID1_ID0,242) 0
HoldsAt(Meet_ID1_ID0,243) 0
HoldsAt(Meet_ID1_ID0,244) 0
HoldsAt(Meet_ID1_ID0,245) 0
HoldsAt(Meet_ID1_ID0,246) 0
HoldsAt(Meet_ID1_ID0,247) 0
HoldsAt(Meet_ID1_ID0,248) 0
HoldsAt(Meet_ID1_ID0,249) 0
HoldsAt(Meet_ID1_ID0,250) 0
HoldsAt(Meet_ID1_ID0,251) 0
HoldsAt(Meet_ID1_ID0,252) 0
HoldsAt(Meet_ID1_ID0,253) 0
HoldsAt(Meet_ID1_ID0,254) 0
HoldsAt(Meet_ID1_ID0,255) 0
HoldsAt(Meet_ID1_ID0,256) 0
HoldsAt(Meet_ID1_ID0,257) 0
HoldsAt(Meet_ID1_ID0,258) 0
HoldsAt(Meet_ID1_ID0,259) 0
HoldsAt(Meet_ID1_ID0,260) 0
HoldsAt(Meet_ID1_ID0,261) 0
HoldsAt(Meet_ID1_ID0,262) 0
HoldsAt(Meet_ID1_ID0,263) 0
HoldsAt(Meet_ID1_ID0,264) 0
HoldsAt(Meet_ID1_ID0,265) 0
HoldsAt(Meet_ID1_ID0,266) 0
HoldsAt(Meet_ID1_ID0,267) 0
HoldsAt(Meet_ID1_ID0,268) 0
HoldsAt(Meet_ID1_ID0,269) 0
HoldsAt(Meet_ID1_ID0,270) 0
HoldsAt(Meet_ID1_ID0,271) 0
HoldsAt(Meet_ID1_ID0,272) 0
HoldsAt(Meet_ID1_ID0,273) 0
HoldsAt(Meet_ID1_ID0,274) 0
HoldsAt(Meet_ID1_ID0,275) 0
HoldsAt(Meet_ID1_ID0,276) 0
HoldsAt(Meet_ID1_ID0,277) 0
HoldsAt(Meet_ID1_ID0,278) 0
HoldsAt(Meet_ID1_ID0,279) 0
HoldsAt(Meet_ID1_ID0,280) 0
HoldsAt(Meet_ID1_ID0,281) 0
HoldsAt(Meet_ID1_ID0,282) 0
HoldsAt(Meet_ID1_ID0,283) 0
HoldsAt(Meet_ID1_ID0,284) 0
HoldsAt(Meet_ID1_ID0,285) 0
HoldsAt(Meet_ID1_ID0,286) 0
HoldsAt(Meet_ID1_ID0,287) 0
HoldsAt(Meet_ID1_ID0,288) 0
HoldsAt(Meet_ID1_ID0,289) 0
HoldsAt(Meet_ID1_ID0,290) 0
HoldsAt(Meet_ID1_ID0,291) 0
HoldsAt(Meet_ID1_ID0,292) 0
HoldsAt(Meet_ID1_ID0,293) 0
HoldsAt(Meet_ID1_ID0,294) 0
HoldsAt(Meet_ID1_ID0,295) 0
HoldsAt(Meet_ID1_ID0,296) 0
HoldsAt(Meet_ID1_ID0,297) 0
HoldsAt(Meet_ID1_ID0,298) 0
HoldsAt(Meet_ID1_ID0,299) 0
HoldsAt(Meet_ID1_ID0,300) 0
HoldsAt(Meet_ID1_ID0,301) 0
HoldsAt(Meet_ID1_ID0,302) 0
HoldsAt(Meet_ID1_ID0,303) 0
HoldsAt(Meet_ID1_ID0,304) 0
HoldsAt(Meet_ID1_ID0,305) 0
HoldsAt(Meet_ID1_ID0,306) 0
HoldsAt(Meet_ID1_ID0,307) 0
HoldsAt(Meet_ID1_ID0,308) 0
HoldsAt(Meet_ID1_ID0,309) 0
HoldsAt(Meet_ID1_ID0,310) 0
HoldsAt(Meet_ID1_ID0,311) 0
HoldsAt(Meet_ID1_ID0,312) 0
HoldsAt(Meet_ID1_ID0,313) 0
HoldsAt(Meet_ID1_ID0,314) 0
HoldsAt(Meet_ID1_ID0,315) 0
HoldsAt(Meet_ID1_ID0,316) 0
HoldsAt(Meet_ID1_ID0,317) 0
HoldsAt(Meet_ID1_ID0,318) 0
HoldsAt(Meet_ID1_ID0,319) 0
HoldsAt(Meet_ID1_ID0,320) 0
HoldsAt(Meet_ID1_ID0,321) 0
HoldsAt(Meet_ID1_ID0,322) 0
HoldsAt(Meet_ID1_ID0,323) 0
HoldsAt(Meet_ID1_ID0,324) 0
HoldsAt(Meet_ID1_ID0,325) 0
HoldsAt(Meet_ID1_ID0,326) 0
HoldsAt(Meet_ID1_ID0,327) 0
HoldsAt(Meet_ID1_ID0,328) 0
HoldsAt(Meet_ID1_ID0,329) 0
HoldsAt(Meet_ID1_ID0,330) 0
HoldsAt(Meet_ID1_ID0,331) 0
HoldsAt(Meet_ID1_ID0,332) 0
HoldsAt(Meet_ID1_ID0,333) 0
HoldsAt(Meet_ID1_ID0,334) 0
HoldsAt(Meet_ID1_ID0,335) 0
HoldsAt(Meet_ID1_ID0,336) 0
HoldsAt(Meet_ID1_ID0,337) 0
HoldsAt(Meet_ID1_ID0,338) 0
HoldsAt(Meet_ID1_ID0,339) 0
HoldsAt(Meet_ID1_ID0,340) 0
HoldsAt(Meet_ID1_ID0,341) 0
HoldsAt(Meet_ID1_ID0,342) 0
HoldsAt(Meet_ID1_ID0,343) 0
HoldsAt(Meet_ID1_ID0,344) 0
HoldsAt(Meet_ID1_ID0,345) 0
HoldsAt(Meet_ID1_ID0,346) 0
HoldsAt(Meet_ID1_ID0,347) 0
HoldsAt(Meet_ID1_ID0,348) 0
HoldsAt(Meet_ID1_ID0,349) 0
HoldsAt(Meet_ID1_ID0,350) 0
HoldsAt(Meet_ID1_ID0,351) 0
HoldsAt(Meet_ID1_ID0,352) 0
HoldsAt(Meet_ID1_ID0,353) 0
HoldsAt(Meet_ID1_ID0,354) 0
HoldsAt(Meet_ID1_ID0,355) 1
HoldsAt(Meet_ID1_ID0,356) 0
HoldsAt(Meet_ID1_ID0,357) 0
HoldsAt(Meet_ID1_ID0,358) 0
HoldsAt(Meet_ID1_ID0,359) 0
HoldsAt(Meet_ID1_ID0,360) 0
HoldsAt(Meet_ID1_ID0,361) 0
HoldsAt(Meet_ID1_ID0,362) 0
HoldsAt(Meet_ID1_ID0,363) 0
HoldsAt(Meet_ID1_ID0,364) 0
HoldsAt(Meet_ID1_ID0,365) 0
HoldsAt(Meet_ID1_ID0,366) 0
HoldsAt(Meet_ID1_ID0,367) 0
HoldsAt(Meet_ID1_ID0,368) 0
HoldsAt(Meet_ID1_ID0,369) 0
HoldsAt(Meet_ID1_ID0,370) 0
HoldsAt(Meet_ID1_ID0,371) 0
HoldsAt(Meet_ID1_ID0,372) 0
HoldsAt(Meet_ID1_ID0,373) 0
HoldsAt(Meet_ID1_ID0,374) 0
HoldsAt(Meet_ID1_ID0,375) 0
HoldsAt(Meet_ID1_ID0,376) 0
HoldsAt(Meet_ID1_ID1,31) 0
HoldsAt(Meet_ID1_ID1,32) 0
HoldsAt(Meet_ID1_ID1,33) 0
HoldsAt(Meet_ID1_ID1,34) 0
HoldsAt(Meet_ID1_ID1,35) 0
HoldsAt(Meet_ID1_ID1,36) 0
HoldsAt(Meet_ID1_ID1,37) 0
HoldsAt(Meet_ID1_ID1,38) 0
HoldsAt(Meet_ID1_ID1,39) 0
HoldsAt(Meet_ID1_ID1,40) 0
HoldsAt(Meet_ID1_ID1,41) 0
HoldsAt(Meet_ID1_ID1,42) 0
HoldsAt(Meet_ID1_ID1,43) 0
HoldsAt(Meet_ID1_ID1,44) 0
HoldsAt(Meet_ID1_ID1,45) 0
HoldsAt(Meet_ID1_ID1,46) 0
HoldsAt(Meet_ID1_ID1,47) 0
HoldsAt(Meet_ID1_ID1,48) 0
HoldsAt(Meet_ID1_ID1,49) 0
HoldsAt(Meet_ID1_ID1,50) 0
HoldsAt(Meet_ID1_ID1,51) 0
HoldsAt(Meet_ID1_ID1,52) 0
HoldsAt(Meet_ID1_ID1,53) 0
HoldsAt(Meet_ID1_ID1,54) 0
HoldsAt(Meet_ID1_ID1,55) 0
HoldsAt(Meet_ID1_ID1,56) 0
HoldsAt(Meet_ID1_ID1,57) 0
HoldsAt(Meet_ID1_ID1,58) 0
HoldsAt(Meet_ID1_ID1,59) 0
HoldsAt(Meet_ID1_ID1,60) 0
HoldsAt(Meet_ID1_ID1,61) 0
HoldsAt(Meet_ID1_ID1,62) 0
HoldsAt(Meet_ID1_ID1,63) 0
HoldsAt(Meet_ID1_ID1,64) 0
HoldsAt(Meet_ID1_ID1,65) 0
HoldsAt(Meet_ID1_ID1,66) 0
HoldsAt(Meet_ID1_ID1,67) 0
HoldsAt(Meet_ID1_ID1,68) 0
HoldsAt(Meet_ID1_ID1,69) 0
HoldsAt(Meet_ID1_ID1,70) 0
HoldsAt(Meet_ID1_ID1,71) 0
HoldsAt(Meet_ID1_ID1,72) 0
HoldsAt(Meet_ID1_ID1,73) 0
HoldsAt(Meet_ID1_ID1,74) 0
HoldsAt(Meet_ID1_ID1,75) 0
HoldsAt(Meet_ID1_ID1,76) 0
HoldsAt(Meet_ID1_ID1,77) 0
HoldsAt(Meet_ID1_ID1,78) 0
HoldsAt(Meet_ID1_ID1,79) 0
HoldsAt(Meet_ID1_ID1,80) 0
HoldsAt(Meet_ID1_ID1,81) 0
HoldsAt(Meet_ID1_ID1,82) 0
HoldsAt(Meet_ID1_ID1,83) 0
HoldsAt(Meet_ID1_ID1,84) 0
HoldsAt(Meet_ID1_ID1,85) 0
HoldsAt(Meet_ID1_ID1,86) 0
HoldsAt(Meet_ID1_ID1,87) 0
HoldsAt(Meet_ID1_ID1,88) 0
HoldsAt(Meet_ID1_ID1,89) 0
HoldsAt(Meet_ID1_ID1,90) 0
HoldsAt(Meet_ID1_ID1,91) 0
HoldsAt(Meet_ID1_ID1,92) 0
HoldsAt(Meet_ID1_ID1,93) 0
HoldsAt(Meet_ID1_ID1,94) 0
HoldsAt(Meet_ID1_ID1,95) 0
HoldsAt(Meet_ID1_ID1,96) 0
HoldsAt(Meet_ID1_ID1,97) 0
HoldsAt(Meet_ID1_ID1,98) 0
HoldsAt(Meet_ID1_ID1,99) 0
HoldsAt(Meet_ID1_ID1,100) 0
HoldsAt(Meet_ID1_ID1,101) 0
HoldsAt(Meet_ID1_ID1,102) 0
HoldsAt(Meet_ID1_ID1,103) 0
HoldsAt(Meet_ID1_ID1,104) 0
HoldsAt(Meet_ID1_ID1,105) 0
HoldsAt(Meet_ID1_ID1,106) 0
HoldsAt(Meet_ID1_ID1,107) 0
HoldsAt(Meet_ID1_ID1,108) 0
HoldsAt(Meet_ID1_ID1,109) 0
HoldsAt(Meet_ID1_ID1,110) 0
HoldsAt(Meet_ID1_ID1,111) 0
HoldsAt(Meet_ID1_ID1,112) 0
HoldsAt(Meet_ID1_ID1,113) 0
HoldsAt(Meet_ID1_ID1,114) 0
HoldsAt(Meet_ID1_ID1,115) 0
HoldsAt(Meet_ID1_ID1,116) 0
HoldsAt(Meet_ID1_ID1,117) 0
HoldsAt(Meet_ID1_ID1,118) 0
HoldsAt(Meet_ID1_ID1,119) 0
HoldsAt(Meet_ID1_ID1,120) 0
HoldsAt(Meet_ID1_ID1,121) 0
HoldsAt(Meet_ID1_ID1,122) 0
HoldsAt(Meet_ID1_ID1,123) 0
HoldsAt(Meet_ID1_ID1,124) 0
HoldsAt(Meet_ID1_ID1,125) 0
HoldsAt(Meet_ID1_ID1,126) 0
HoldsAt(Meet_ID1_ID1,127) 0
HoldsAt(Meet_ID1_ID1,128) 0
HoldsAt(Meet_ID1_ID1,129) 0
HoldsAt(Meet_ID1_ID1,130) 0
HoldsAt(Meet_ID1_ID1,131) 0
HoldsAt(Meet_ID1_ID1,132) 0
HoldsAt(Meet_ID1_ID1,133) 0
HoldsAt(Meet_ID1_ID1,134) 0
HoldsAt(Meet_ID1_ID1,135) 0
HoldsAt(Meet_ID1_ID1,136) 0
HoldsAt(Meet_ID1_ID1,137) 0
HoldsAt(Meet_ID1_ID1,138) 0
HoldsAt(Meet_ID1_ID1,139) 0
HoldsAt(Meet_ID1_ID1,140) 0
HoldsAt(Meet_ID1_ID1,141) 0
HoldsAt(Meet_ID1_ID1,142) 0
HoldsAt(Meet_ID1_ID1,143) 0
HoldsAt(Meet_ID1_ID1,144) 0
HoldsAt(Meet_ID1_ID1,145) 0
HoldsAt(Meet_ID1_ID1,146) 0
HoldsAt(Meet_ID1_ID1,147) 0
HoldsAt(Meet_ID1_ID1,148) 0
HoldsAt(Meet_ID1_ID1,149) 0
HoldsAt(Meet_ID1_ID1,150) 0
HoldsAt(Meet_ID1_ID1,151) 0
HoldsAt(Meet_ID1_ID1,152) 0
HoldsAt(Meet_ID1_ID1,153) 0
HoldsAt(Meet_ID1_ID1,154) 0
HoldsAt(Meet_ID1_ID1,155) 0
HoldsAt(Meet_ID1_ID1,156) 0
HoldsAt(Meet_ID1_ID1,157) 0
HoldsAt(Meet_ID1_ID1,158) 0
HoldsAt(Meet_ID1_ID1,159) 0
HoldsAt(Meet_ID1_ID1,160) 0
HoldsAt(Meet_ID1_ID1,161) 0
HoldsAt(Meet_ID1_ID1,162) 0
HoldsAt(Meet_ID1_ID1,163) 0
HoldsAt(Meet_ID1_ID1,164) 0
HoldsAt(Meet_ID1_ID1,165) 0
HoldsAt(Meet_ID1_ID1,166) 0
HoldsAt(Meet_ID1_ID1,167) 0
HoldsAt(Meet_ID1_ID1,168) 0
HoldsAt(Meet_ID1_ID1,169) 0
HoldsAt(Meet_ID1_ID1,170) 0
HoldsAt(Meet_ID1_ID1,171) 0
HoldsAt(Meet_ID1_ID1,172) 0
HoldsAt(Meet_ID1_ID1,173) 0
HoldsAt(Meet_ID1_ID1,174) 0
HoldsAt(Meet_ID1_ID1,175) 0
HoldsAt(Meet_ID1_ID1,176) 0
HoldsAt(Meet_ID1_ID1,177) 0
HoldsAt(Meet_ID1_ID1,178) 0
HoldsAt(Meet_ID1_ID1,179) 0
HoldsAt(Meet_ID1_ID1,180) 0
HoldsAt(Meet_ID1_ID1,181) 0
HoldsAt(Meet_ID1_ID1,182) 0
HoldsAt(Meet_ID1_ID1,183) 0
HoldsAt(Meet_ID1_ID1,184) 0
HoldsAt(Meet_ID1_ID1,185) 0
HoldsAt(Meet_ID1_ID1,186) 0
HoldsAt(Meet_ID1_ID1,187) 0
HoldsAt(Meet_ID1_ID1,188) 0
HoldsAt(Meet_ID1_ID1,189) 0
HoldsAt(Meet_ID1_ID1,190) 0
HoldsAt(Meet_ID1_ID1,191) 0
HoldsAt(Meet_ID1_ID1,192) 0
HoldsAt(Meet_ID1_ID1,193) 0
HoldsAt(Meet_ID1_ID1,194) 0
HoldsAt(Meet_ID1_ID1,195) 0
HoldsAt(Meet_ID1_ID1,196) 0
HoldsAt(Meet_ID1_ID1,197) 0
HoldsAt(Meet_ID1_ID1,198) 0
HoldsAt(Meet_ID1_ID1,199) 0
HoldsAt(Meet_ID1_ID1,200) 0
HoldsAt(Meet_ID1_ID1,201) 0
HoldsAt(Meet_ID1_ID1,202) 0
HoldsAt(Meet_ID1_ID1,203) 0
HoldsAt(Meet_ID1_ID1,204) 0
HoldsAt(Meet_ID1_ID1,205) 0
HoldsAt(Meet_ID1_ID1,206) 0
HoldsAt(Meet_ID1_ID1,207) 0
HoldsAt(Meet_ID1_ID1,208) 0
HoldsAt(Meet_ID1_ID1,209) 0
HoldsAt(Meet_ID1_ID1,210) 0
HoldsAt(Meet_ID1_ID1,211) 0
HoldsAt(Meet_ID1_ID1,212) 0
HoldsAt(Meet_ID1_ID1,213) 0
HoldsAt(Meet_ID1_ID1,214) 0
HoldsAt(Meet_ID1_ID1,215) 0
HoldsAt(Meet_ID1_ID1,216) 0
HoldsAt(Meet_ID1_ID1,217) 0
HoldsAt(Meet_ID1_ID1,218) 0
HoldsAt(Meet_ID1_ID1,219) 0
HoldsAt(Meet_ID1_ID1,220) 0
HoldsAt(Meet_ID1_ID1,221) 0
HoldsAt(Meet_ID1_ID1,222) 0
HoldsAt(Meet_ID1_ID1,223) 0
HoldsAt(Meet_ID1_ID1,224) 0
HoldsAt(Meet_ID1_ID1,225) 0
HoldsAt(Meet_ID1_ID1,226) 0
HoldsAt(Meet_ID1_ID1,227) 0
HoldsAt(Meet_ID1_ID1,228) 0
HoldsAt(Meet_ID1_ID1,229) 0
HoldsAt(Meet_ID1_ID1,230) 0
HoldsAt(Meet_ID1_ID1,231) 0
HoldsAt(Meet_ID1_ID1,232) 0
HoldsAt(Meet_ID1_ID1,233) 0
HoldsAt(Meet_ID1_ID1,234) 0
HoldsAt(Meet_ID1_ID1,235) 0
HoldsAt(Meet_ID1_ID1,236) 0
HoldsAt(Meet_ID1_ID1,237) 0
HoldsAt(Meet_ID1_ID1,238) 0
HoldsAt(Meet_ID1_ID1,239) 0
HoldsAt(Meet_ID1_ID1,240) 0
HoldsAt(Meet_ID1_ID1,241) 0
HoldsAt(Meet_ID1_ID1,242) 0
HoldsAt(Meet_ID1_ID1,243) 0
HoldsAt(Meet_ID1_ID1,244) 0
HoldsAt(Meet_ID1_ID1,245) 0
HoldsAt(Meet_ID1_ID1,246) 0
HoldsAt(Meet_ID1_ID1,247) 0
HoldsAt(Meet_ID1_ID1,248) 0
HoldsAt(Meet_ID1_ID1,249) 0
HoldsAt(Meet_ID1_ID1,250) 0
HoldsAt(Meet_ID1_ID1,251) 0
HoldsAt(Meet_ID1_ID1,252) 0
HoldsAt(Meet_ID1_ID1,253) 0
HoldsAt(Meet_ID1_ID1,254) 0
HoldsAt(Meet_ID1_ID1,255) 0
HoldsAt(Meet_ID1_ID1,256) 0
HoldsAt(Meet_ID1_ID1,257) 0
HoldsAt(Meet_ID1_ID1,258) 0
HoldsAt(Meet_ID1_ID1,259) 0
HoldsAt(Meet_ID1_ID1,260) 0
HoldsAt(Meet_ID1_ID1,261) 0
HoldsAt(Meet_ID1_ID1,262) 0
HoldsAt(Meet_ID1_ID1,263) 0
HoldsAt(Meet_ID1_ID1,264) 0
HoldsAt(Meet_ID1_ID1,265) 0
HoldsAt(Meet_ID1_ID1,266) 0
HoldsAt(Meet_ID1_ID1,267) 0
HoldsAt(Meet_ID1_ID1,268) 0
HoldsAt(Meet_ID1_ID1,269) 0
HoldsAt(Meet_ID1_ID1,270) 0
HoldsAt(Meet_ID1_ID1,271) 0
HoldsAt(Meet_ID1_ID1,272) 0
HoldsAt(Meet_ID1_ID1,273) 0
HoldsAt(Meet_ID1_ID1,274) 0
HoldsAt(Meet_ID1_ID1,275) 0
HoldsAt(Meet_ID1_ID1,276) 0
HoldsAt(Meet_ID1_ID1,277) 0
HoldsAt(Meet_ID1_ID1,278) 0
HoldsAt(Meet_ID1_ID1,279) 0
HoldsAt(Meet_ID1_ID1,280) 0
HoldsAt(Meet_ID1_ID1,281) 0
HoldsAt(Meet_ID1_ID1,282) 0
HoldsAt(Meet_ID1_ID1,283) 0
HoldsAt(Meet_ID1_ID1,284) 0
HoldsAt(Meet_ID1_ID1,285) 0
HoldsAt(Meet_ID1_ID1,286) 0
HoldsAt(Meet_ID1_ID1,287) 0
HoldsAt(Meet_ID1_ID1,288) 0
HoldsAt(Meet_ID1_ID1,289) 0
HoldsAt(Meet_ID1_ID1,290) 0
HoldsAt(Meet_ID1_ID1,291) 0
HoldsAt(Meet_ID1_ID1,292) 0
HoldsAt(Meet_ID1_ID1,293) 0
HoldsAt(Meet_ID1_ID1,294) 0
HoldsAt(Meet_ID1_ID1,295) 0
HoldsAt(Meet_ID1_ID1,296) 0
HoldsAt(Meet_ID1_ID1,297) 0
HoldsAt(Meet_ID1_ID1,298) 0
HoldsAt(Meet_ID1_ID1,299) 0
HoldsAt(Meet_ID1_ID1,300) 0
HoldsAt(Meet_ID1_ID1,301) 0
HoldsAt(Meet_ID1_ID1,302) 0
HoldsAt(Meet_ID1_ID1,303) 0
HoldsAt(Meet_ID1_ID1,304) 0
HoldsAt(Meet_ID1_ID1,305) 0
HoldsAt(Meet_ID1_ID1,306) 0
HoldsAt(Meet_ID1_ID1,307) 0
HoldsAt(Meet_ID1_ID1,308) 0
HoldsAt(Meet_ID1_ID1,309) 0
HoldsAt(Meet_ID1_ID1,310) 0
HoldsAt(Meet_ID1_ID1,311) 0
HoldsAt(Meet_ID1_ID1,312) 0
HoldsAt(Meet_ID1_ID1,313) 0
HoldsAt(Meet_ID1_ID1,314) 0
HoldsAt(Meet_ID1_ID1,315) 0
HoldsAt(Meet_ID1_ID1,316) 0
HoldsAt(Meet_ID1_ID1,317) 0
HoldsAt(Meet_ID1_ID1,318) 0
HoldsAt(Meet_ID1_ID1,319) 0
HoldsAt(Meet_ID1_ID1,320) 0
HoldsAt(Meet_ID1_ID1,321) 0
HoldsAt(Meet_ID1_ID1,322) 0
HoldsAt(Meet_ID1_ID1,323) 0
HoldsAt(Meet_ID1_ID1,324) 0
HoldsAt(Meet_ID1_ID1,325) 0
HoldsAt(Meet_ID1_ID1,326) 0
HoldsAt(Meet_ID1_ID1,327) 0
HoldsAt(Meet_ID1_ID1,328) 0
HoldsAt(Meet_ID1_ID1,329) 0
HoldsAt(Meet_ID1_ID1,330) 0
HoldsAt(Meet_ID1_ID1,331) 0
HoldsAt(Meet_ID1_ID1,332) 0
HoldsAt(Meet_ID1_ID1,333) 0
HoldsAt(Meet_ID1_ID1,334) 0
HoldsAt(Meet_ID1_ID1,335) 0
HoldsAt(Meet_ID1_ID1,336) 0
HoldsAt(Meet_ID1_ID1,337) 0
HoldsAt(Meet_ID1_ID1,338) 0
HoldsAt(Meet_ID1_ID1,339) 0
HoldsAt(Meet_ID1_ID1,340) 0
HoldsAt(Meet_ID1_ID1,341) 0
HoldsAt(Meet_ID1_ID1,342) 0
HoldsAt(Meet_ID1_ID1,343) 0
HoldsAt(Meet_ID1_ID1,344) 0
HoldsAt(Meet_ID1_ID1,345) 0
HoldsAt(Meet_ID1_ID1,346) 0
HoldsAt(Meet_ID1_ID1,347) 0
HoldsAt(Meet_ID1_ID1,348) 0
HoldsAt(Meet_ID1_ID1,349) 0
HoldsAt(Meet_ID1_ID1,350) 0
HoldsAt(Meet_ID1_ID1,351) 0
HoldsAt(Meet_ID1_ID1,352) 0
HoldsAt(Meet_ID1_ID1,353) 0
HoldsAt(Meet_ID1_ID1,354) 0
HoldsAt(Meet_ID1_ID1,355) 0
HoldsAt(Meet_ID1_ID1,356) 0
HoldsAt(Meet_ID1_ID1,357) 0
HoldsAt(Meet_ID1_ID1,358) 0
HoldsAt(Meet_ID1_ID1,359) 0
HoldsAt(Meet_ID1_ID1,360) 0
HoldsAt(Meet_ID1_ID1,361) 0
HoldsAt(Meet_ID1_ID1,362) 0
HoldsAt(Meet_ID1_ID1,363) 0
HoldsAt(Meet_ID1_ID1,364) 0
HoldsAt(Meet_ID1_ID1,365) 0
HoldsAt(Meet_ID1_ID1,366) 0
HoldsAt(Meet_ID1_ID1,367) 0
HoldsAt(Meet_ID1_ID1,368) 0
HoldsAt(Meet_ID1_ID1,369) 0
HoldsAt(Meet_ID1_ID1,370) 0
HoldsAt(Meet_ID1_ID1,371) 0
HoldsAt(Meet_ID1_ID1,372) 0
HoldsAt(Meet_ID1_ID1,373) 0
HoldsAt(Meet_ID1_ID1,374) 0
HoldsAt(Meet_ID1_ID1,375) 0
HoldsAt(Meet_ID1_ID1,376) 0
